Archive member included to satisfy reference by file (symbol)

C:/nxp/MCUXpressoIDE_24.12.148/ide/plugins/com.nxp.mcuxpresso.tools.win32_24.12.0.202407110909/tools/bin/../lib/gcc/arm-none-eabi/13.2.1/../../../../arm-none-eabi/lib/thumb/v7e-m+fp/hard\libcr_nohost_nf.a(_cr__main.o)
                              ./startup/startup_mk64f12.o (__main)
C:/nxp/MCUXpressoIDE_24.12.148/ide/plugins/com.nxp.mcuxpresso.tools.win32_24.12.0.202407110909/tools/bin/../lib/gcc/arm-none-eabi/13.2.1/../../../../arm-none-eabi/lib/thumb/v7e-m+fp/hard\libcr_nohost_nf.a(_cr_assert.o)
                              ./source/ADC.o (__assertion_failed)
C:/nxp/MCUXpressoIDE_24.12.148/ide/plugins/com.nxp.mcuxpresso.tools.win32_24.12.0.202407110909/tools/bin/../lib/gcc/arm-none-eabi/13.2.1/../../../../arm-none-eabi/lib/thumb/v7e-m+fp/hard\libcr_nohost_nf.a(__ciob.o)
                              C:/nxp/MCUXpressoIDE_24.12.148/ide/plugins/com.nxp.mcuxpresso.tools.win32_24.12.0.202407110909/tools/bin/../lib/gcc/arm-none-eabi/13.2.1/../../../../arm-none-eabi/lib/thumb/v7e-m+fp/hard\libcr_nohost_nf.a(_cr_assert.o) (__Ciob)
C:/nxp/MCUXpressoIDE_24.12.148/ide/plugins/com.nxp.mcuxpresso.tools.win32_24.12.0.202407110909/tools/bin/../lib/gcc/arm-none-eabi/13.2.1/../../../../arm-none-eabi/lib/thumb/v7e-m+fp/hard\libcr_nohost_nf.a(__sys_appexit.o)
                              C:/nxp/MCUXpressoIDE_24.12.148/ide/plugins/com.nxp.mcuxpresso.tools.win32_24.12.0.202407110909/tools/bin/../lib/gcc/arm-none-eabi/13.2.1/../../../../arm-none-eabi/lib/thumb/v7e-m+fp/hard\libcr_nohost_nf.a(_cr_assert.o) (__sys_appexit)
C:/nxp/MCUXpressoIDE_24.12.148/ide/plugins/com.nxp.mcuxpresso.tools.win32_24.12.0.202407110909/tools/bin/../lib/gcc/arm-none-eabi/13.2.1/../../../../arm-none-eabi/lib/thumb/v7e-m+fp/hard\libcr_c.a(memcpy.o)
                              ./utilities/fsl_str.o (memcpy)
C:/nxp/MCUXpressoIDE_24.12.148/ide/plugins/com.nxp.mcuxpresso.tools.win32_24.12.0.202407110909/tools/bin/../lib/gcc/arm-none-eabi/13.2.1/../../../../arm-none-eabi/lib/thumb/v7e-m+fp/hard\libcr_c.a(memset.o)
                              ./utilities/fsl_debug_console.o (memset)
C:/nxp/MCUXpressoIDE_24.12.148/ide/plugins/com.nxp.mcuxpresso.tools.win32_24.12.0.202407110909/tools/bin/../lib/gcc/arm-none-eabi/13.2.1/../../../../arm-none-eabi/lib/thumb/v7e-m+fp/hard\libcr_c.a(_deferredlazyseek.o)
                              C:/nxp/MCUXpressoIDE_24.12.148/ide/plugins/com.nxp.mcuxpresso.tools.win32_24.12.0.202407110909/tools/bin/../lib/gcc/arm-none-eabi/13.2.1/../../../../arm-none-eabi/lib/thumb/v7e-m+fp/hard\libcr_nohost_nf.a(_cr_assert.o) (__flsbuf)
C:/nxp/MCUXpressoIDE_24.12.148/ide/plugins/com.nxp.mcuxpresso.tools.win32_24.12.0.202407110909/tools/bin/../lib/gcc/arm-none-eabi/13.2.1/../../../../arm-none-eabi/lib/thumb/v7e-m+fp/hard\libcr_c.a(_fflush.o)
                              C:/nxp/MCUXpressoIDE_24.12.148/ide/plugins/com.nxp.mcuxpresso.tools.win32_24.12.0.202407110909/tools/bin/../lib/gcc/arm-none-eabi/13.2.1/../../../../arm-none-eabi/lib/thumb/v7e-m+fp/hard\libcr_c.a(_deferredlazyseek.o) (_fflush)
C:/nxp/MCUXpressoIDE_24.12.148/ide/plugins/com.nxp.mcuxpresso.tools.win32_24.12.0.202407110909/tools/bin/../lib/gcc/arm-none-eabi/13.2.1/../../../../arm-none-eabi/lib/thumb/v7e-m+fp/hard\libcr_c.a(_writebuf.o)
                              C:/nxp/MCUXpressoIDE_24.12.148/ide/plugins/com.nxp.mcuxpresso.tools.win32_24.12.0.202407110909/tools/bin/../lib/gcc/arm-none-eabi/13.2.1/../../../../arm-none-eabi/lib/thumb/v7e-m+fp/hard\libcr_c.a(_deferredlazyseek.o) (_Cwritebuf)
C:/nxp/MCUXpressoIDE_24.12.148/ide/plugins/com.nxp.mcuxpresso.tools.win32_24.12.0.202407110909/tools/bin/../lib/gcc/arm-none-eabi/13.2.1/../../../../arm-none-eabi/lib/thumb/v7e-m+fp/hard\libcr_c.a(alloc.o)
                              ./drivers/fsl_common.o (malloc)
C:/nxp/MCUXpressoIDE_24.12.148/ide/plugins/com.nxp.mcuxpresso.tools.win32_24.12.0.202407110909/tools/bin/../lib/gcc/arm-none-eabi/13.2.1/../../../../arm-none-eabi/lib/thumb/v7e-m+fp/hard\libcr_c.a(errno.o)
                              ./utilities/fsl_str.o (errno)
C:/nxp/MCUXpressoIDE_24.12.148/ide/plugins/com.nxp.mcuxpresso.tools.win32_24.12.0.202407110909/tools/bin/../lib/gcc/arm-none-eabi/13.2.1/../../../../arm-none-eabi/lib/thumb/v7e-m+fp/hard\libcr_c.a(fputs.o)
                              C:/nxp/MCUXpressoIDE_24.12.148/ide/plugins/com.nxp.mcuxpresso.tools.win32_24.12.0.202407110909/tools/bin/../lib/gcc/arm-none-eabi/13.2.1/../../../../arm-none-eabi/lib/thumb/v7e-m+fp/hard\libcr_nohost_nf.a(_cr_assert.o) (fputs)
C:/nxp/MCUXpressoIDE_24.12.148/ide/plugins/com.nxp.mcuxpresso.tools.win32_24.12.0.202407110909/tools/bin/../lib/gcc/arm-none-eabi/13.2.1/../../../../arm-none-eabi/lib/thumb/v7e-m+fp/hard\libcr_c.a(fseek.o)
[...]
Memory Configuration

Name             Origin             Length             Attributes
PROGRAM_FLASH    0x00000000         0x00100000         xr
SRAM_UPPER       0x20000000         0x00030000         xrw
SRAM_LOWER       0x1fff0000         0x00010000         xrw
FLEX_RAM         0x14000000         0x00001000         xrw
*default*        0x00000000         0xffffffff

Linker script and memory map

LOAD ./utilities/fsl_debug_console.o
LOAD ./utilities/fsl_str.o
LOAD ./startup/startup_mk64f12.o
LOAD ./source/UART_driver/UART_driver.o
LOAD ./source/ADC.o
LOAD ./source/GPIO.o
LOAD ./source/Proyecto_1.o
LOAD ./source/pit.o
LOAD ./source/semihost_hardfault.o
LOAD ./source/thread0.o
LOAD ./source/thread1.o
LOAD ./source/thread2.o
LOAD ./drivers/fsl_adc16.o
LOAD ./drivers/fsl_clock.o
LOAD ./drivers/fsl_common.o
LOAD ./drivers/fsl_common_arm.o
LOAD ./drivers/fsl_gpio.o
LOAD ./drivers/fsl_i2c.o
LOAD ./drivers/fsl_pit.o
LOAD ./drivers/fsl_smc.o
LOAD ./drivers/fsl_uart.o
LOAD ./device/system_MK64F12.o
LOAD ./component/uart/fsl_adapter_uart.o
LOAD ./component/serial_manager/fsl_component_serial_manager.o
LOAD ./component/serial_manager/fsl_component_serial_port_uart.o
LOAD ./component/lists/fsl_component_generic_list.o
LOAD ./board/board.o
LOAD ./board/clock_config.o
LOAD ./board/peripherals.o
LOAD ./board/pin_mux.o
START GROUP
LOAD C:/nxp/MCUXpressoIDE_24.12.148/ide/plugins/com.nxp.mcuxpresso.tools.win32_24.12.0.202407110909/tools/bin/../lib/gcc/arm-none-eabi/13.2.1/../../../../arm-none-eabi/lib/thumb/v7e-m+fp/hard\libcr_nohost_nf.a
LOAD C:/nxp/MCUXpressoIDE_24.12.148/ide/plugins/com.nxp.mcuxpresso.tools.win32_24.12.0.202407110909/tools/bin/../lib/gcc/arm-none-eabi/13.2.1/../../../../arm-none-eabi/lib/thumb/v7e-m+fp/hard\libcr_c.a
LOAD C:/nxp/MCUXpressoIDE_24.12.148/ide/plugins/com.nxp.mcuxpresso.tools.win32_24.12.0.202407110909/tools/bin/../lib/gcc/arm-none-eabi/13.2.1/thumb/v7e-m+fp/hard\libcr_eabihelpers.a
LOAD C:/nxp/MCUXpressoIDE_24.12.148/ide/plugins/com.nxp.mcuxpresso.tools.win32_24.12.0.202407110909/tools/bin/../lib/gcc/arm-none-eabi/13.2.1/thumb/v7e-m+fp/hard\libgcc.a
END GROUP
                0x00000000                        __base_PROGRAM_FLASH = 0x0
                0x00000000                        __base_Flash = 0x0
                0x00100000                        __top_PROGRAM_FLASH = 0x100000
                0x00100000                        __top_Flash = 0x100000
                0x20000000                        __base_SRAM_UPPER = 0x20000000
                0x20000000                        __base_RAM = 0x20000000
                0x20030000                        __top_SRAM_UPPER = 0x20030000
                0x20030000                        __top_RAM = 0x20030000
                0x1fff0000                        __base_SRAM_LOWER = 0x1fff0000
                0x1fff0000                        __base_RAM2 = 0x1fff0000
                0x20000000                        __top_SRAM_LOWER = 0x20000000
                0x20000000                        __top_RAM2 = 0x20000000
                0x14000000                        __base_FLEX_RAM = 0x14000000
                0x14000000                        __base_RAM3 = 0x14000000
                0x14001000                        __top_FLEX_RAM = 0x14001000
                0x14001000                        __top_RAM3 = 0x14001000

.text           0x00000000     0x4f40
 FILL mask 0xff
                0x00000000                        __vectors_start__ = ABSOLUTE (.)
 *(SORT_BY_ALIGNMENT(.isr_vector))
 .isr_vector    0x00000000      0x198 ./startup/startup_mk64f12.o
                0x00000000                g_pfnVectors
                0x00000000                __Vectors
                0x00000198                        . = ALIGN (0x4)
                0x00000198                        __section_table_start = .
                0x00000198                        __data_section_table = .
                0x00000198        0x4 LONG 0x4f40 LOADADDR (.data)
                0x0000019c        0x4 LONG 0x20000000 ADDR (.data)
                0x000001a0        0x4 LONG 0x118 SIZEOF (.data)
                0x000001a4        0x4 LONG 0x4f40 LOADADDR (.data_RAM2)
                0x000001a8        0x4 LONG 0x1fff0000 ADDR (.data_RAM2)
                0x000001ac        0x4 LONG 0x0 SIZEOF (.data_RAM2)
                0x000001b0        0x4 LONG 0x4f40 LOADADDR (.data_RAM3)
                0x000001b4        0x4 LONG 0x14000000 ADDR (.data_RAM3)
                0x000001b8        0x4 LONG 0x0 SIZEOF (.data_RAM3)
                0x000001bc                        __data_section_table_end = .
                0x000001bc                        __bss_section_table = .
                0x000001bc        0x4 LONG 0x20000118 ADDR (.bss)
                0x000001c0        0x4 LONG 0x148 SIZEOF (.bss)
                0x000001c4        0x4 LONG 0x1fff0000 ADDR (.bss_RAM2)
                0x000001c8        0x4 LONG 0x0 SIZEOF (.bss_RAM2)
                0x000001cc        0x4 LONG 0x14000000 ADDR (.bss_RAM3)
                0x000001d0        0x4 LONG 0x0 SIZEOF (.bss_RAM3)
                0x000001d4                        __bss_section_table_end = .
                0x000001d4                        __section_table_end = .
 *(SORT_BY_ALIGNMENT(.after_vectors*))
 .after_vectors.reset
                0x000001d4       0x4c ./startup/startup_mk64f12.o
                0x000001d4                ResetISR
 .after_vectors.init_data
                0x00000220       0x1e ./startup/startup_mk64f12.o
                0x00000220                data_init
 .after_vectors.init_bss
                0x0000023e       0x12 ./startup/startup_mk64f12.o
                0x0000023e                bss_init
 .after_vectors
                0x00000250       0x14 ./startup/startup_mk64f12.o
                0x00000250                NMI_Handler
                0x00000254                MemManage_Handler
                0x00000256                BusFault_Handler
                0x00000258                UsageFault_Handler
                0x0000025a                SVC_Handler
                0x0000025c                DebugMon_Handler
                0x0000025e                PendSV_Handler
                0x00000260                SysTick_Handler
                0x00000262                DMA_Error_DriverIRQHandler
                0x00000262                LPTMR0_DriverIRQHandler
                0x00000262                FTM1_DriverIRQHandler
                0x00000262                FTM2_DriverIRQHandler
                0x00000262                PIT2_DriverIRQHandler
                0x00000262                SDHC_DriverIRQHandler
                0x00000262                I2S0_Tx_DriverIRQHandler
                0x00000262                RTC_Seconds_DriverIRQHandler
                0x00000262                DMA6_DriverIRQHandler
                0x00000262                LLWU_DriverIRQHandler
                0x00000262                MCM_DriverIRQHandler
                0x00000262                MCG_DriverIRQHandler
                0x00000262                ENET_1588_Timer_DriverIRQHandler
                0x00000262                DAC1_DriverIRQHandler
                0x00000262                SPI1_DriverIRQHandler
                0x00000262                CMP1_DriverIRQHandler
                0x00000262                FTM0_DriverIRQHandler
                0x00000262                IntDefaultHandler
                0x00000262                USB0_DriverIRQHandler
                0x00000262                UART5_ERR_DriverIRQHandler
                0x00000262                PORTC_DriverIRQHandler
                0x00000262                DMA11_DriverIRQHandler
                0x00000262                DAC0_DriverIRQHandler
                0x00000262                DMA10_DriverIRQHandler
                0x00000262                CMP2_DriverIRQHandler
                0x00000262                UART2_ERR_DriverIRQHandler
                0x00000262                SPI2_DriverIRQHandler
                0x00000262                LVD_LVW_DriverIRQHandler
                0x00000262                PIT0_DriverIRQHandler
                0x00000262                DMA12_DriverIRQHandler
                0x00000262                DMA5_DriverIRQHandler
                0x00000262                DMA4_DriverIRQHandler
                0x00000262                USBDCD_DriverIRQHandler
                0x00000262                UART3_ERR_DriverIRQHandler
                0x00000262                DMA3_DriverIRQHandler
                0x00000262                DMA8_DriverIRQHandler
                0x00000262                DMA9_DriverIRQHandler
                0x00000262                UART0_ERR_DriverIRQHandler
                0x00000262                CMT_DriverIRQHandler
                0x00000262                Reserved71_DriverIRQHandler
                0x00000262                ADC1_DriverIRQHandler
                0x00000262                PORTA_DriverIRQHandler
                0x00000262                DMA14_DriverIRQHandler
                0x00000262                PIT3_DriverIRQHandler
                0x00000262                PIT1_DriverIRQHandler
                0x00000262                WDOG_EWM_DriverIRQHandler
                0x00000262                PDB0_DriverIRQHandler
                0x00000262                RTC_DriverIRQHandler
                0x00000262                I2S0_Rx_DriverIRQHandler
                0x00000262                Read_Collision_DriverIRQHandler
                0x00000262                SWI_DriverIRQHandler
                0x00000262                UART4_ERR_DriverIRQHandler
                0x00000262                PORTB_DriverIRQHandler
                0x00000262                UART0_LON_DriverIRQHandler
                0x00000262                DMA0_DriverIRQHandler
                0x00000262                DMA1_DriverIRQHandler
                0x00000262                ENET_Receive_DriverIRQHandler
                0x00000262                DMA13_DriverIRQHandler
                0x00000262                ENET_Error_DriverIRQHandler
                0x00000262                DMA15_DriverIRQHandler
                0x00000262                SPI0_DriverIRQHandler
                0x00000262                ADC0_DriverIRQHandler
                0x00000262                CMP0_DriverIRQHandler
                0x00000262                CAN0_DriverIRQHandler
                0x00000262                FTM3_DriverIRQHandler
                0x00000262                RNG_DriverIRQHandler
                0x00000262                UART1_ERR_DriverIRQHandler
                0x00000262                DMA2_DriverIRQHandler
                0x00000262                ENET_Transmit_DriverIRQHandler
                0x00000262                PORTD_DriverIRQHandler
                0x00000262                PORTE_DriverIRQHandler
                0x00000262                FTFE_DriverIRQHandler
                0x00000262                DMA7_DriverIRQHandler
                0x00000400                        . = 0x400
 *fill*         0x00000264      0x19c ff
                0x00000400                        PROVIDE (__FLASH_CONFIG_START__ = .)
 *(SORT_BY_ALIGNMENT(.FlashConfig))
 .FlashConfig   0x00000400       0x10 ./startup/startup_mk64f12.o
                0x00000400                Flash_Config
                0x00000410                        PROVIDE (__FLASH_CONFIG_END__ = .)
                0x00000001                        ASSERT (! ((__FLASH_CONFIG_START__ == __FLASH_CONFIG_END__)), Linker Flash Config Support Enabled, but no .FlashConfig section provided within application)
 *(SORT_BY_ALIGNMENT(.text*))
 .text.ftoa     0x00000410       0xb8 ./source/thread2.o
                0x00000410                ftoa
 .text.pow      0x000004c8      0x55c C:/nxp/MCUXpressoIDE_24.12.148/ide/plugins/com.nxp.mcuxpresso.tools.win32_24.12.0.202407110909/tools/bin/../lib/gcc/arm-none-eabi/13.2.1/../../../../arm-none-eabi/lib/thumb/v7e-m+fp/hard\libcr_c.a(pow.o)
                0x000004c8                pow
 *fill*         0x00000a24        0x4 ff
 .text.frexp    0x00000a28       0x70 C:/nxp/MCUXpressoIDE_24.12.148/ide/plugins/com.nxp.mcuxpresso.tools.win32_24.12.0.202407110909/tools/bin/../lib/gcc/arm-none-eabi/13.2.1/../../../../arm-none-eabi/lib/thumb/v7e-m+fp/hard\libcr_c.a(frexp.o)
                0x00000a28                frexp
 .text.ldexp    0x00000a98       0x5c C:/nxp/MCUXpressoIDE_24.12.148/ide/plugins/com.nxp.mcuxpresso.tools.win32_24.12.0.202407110909/tools/bin/../lib/gcc/arm-none-eabi/13.2.1/../../../../arm-none-eabi/lib/thumb/v7e-m+fp/hard\libcr_c.a(ldexp.o)
                0x00000a98                ldexp
 .text.__NVIC_EnableIRQ
                0x00000af4       0x3c ./source/UART_driver/UART_driver.o
 .text.UART_init
                0x00000b30       0x6c ./source/UART_driver/UART_driver.o
                0x00000b30                UART_init
 .text.UART_TX  0x00000b9c       0x24 ./source/UART_driver/UART_driver.o
                0x00000b9c                UART_TX
 .text.ADC16_GetChannelConversionValue
                0x00000bc0       0x2c ./source/ADC.o
 .text.ADC_Start
                0x00000bec       0x44 ./source/ADC.o
                0x00000bec                ADC_Start
 .text.ADC_GetValue
                0x00000c30       0x3c ./source/ADC.o
                0x00000c30                ADC_GetValue
 .text.PORT_SetPinConfig
                0x00000c6c       0x38 ./source/GPIO.o
 .text.GPIO_config
                0x00000ca4      0x12c ./source/GPIO.o
                0x00000ca4                GPIO_config
 .text.Read_SW2
                0x00000dd0       0x20 ./source/GPIO.o
                0x00000dd0                Read_SW2
 .text.Read_SW3
                0x00000df0       0x20 ./source/GPIO.o
                0x00000df0                Read_SW3
 .text.LED_On   0x00000e10       0x54 ./source/GPIO.o
                0x00000e10                LED_On
 .text.LED_Off  0x00000e64       0x54 ./source/GPIO.o
                0x00000e64                LED_Off
 .text.LED_Toggle
                0x00000eb8       0x94 ./source/GPIO.o
                0x00000eb8                LED_Toggle
 .text.main     0x00000f4c       0x78 ./source/Proyecto_1.o
                0x00000f4c                main
 .text.Pit_Handler
                0x00000fc4       0x94 ./source/Proyecto_1.o
                0x00000fc4                Pit_Handler
 .text.Thread_init
                0x00001058       0x28 ./source/Proyecto_1.o
                0x00001058                Thread_init
 .text.__NVIC_EnableIRQ
                0x00001080       0x3c ./source/pit.o
 .text.PIT_GetDefaultConfig
                0x000010bc       0x28 ./source/pit.o
 .text.PIT_SetTimerPeriod
                0x000010e4       0x38 ./source/pit.o
 .text.set_callback_PIT
                0x0000111c       0x20 ./source/pit.o
                0x0000111c                set_callback_PIT
 .text.PIT0_IRQHandler
                0x0000113c       0x30 ./source/pit.o
                0x0000113c                PIT0_IRQHandler
 .text.PIT1_IRQHandler
                0x0000116c       0x18 ./source/pit.o
                0x0000116c                PIT1_IRQHandler
 .text.PIT_init
                0x00001184       0x60 ./source/pit.o
                0x00001184                PIT_init
 .text.Thd_2ms  0x000011e4       0xa4 ./source/thread0.o
                0x000011e4                Thd_2ms
 .text.set_command
                0x00001288       0x30 ./source/thread0.o
                0x00001288                set_command
 .text.get_command
                0x000012b8       0x18 ./source/thread0.o
                0x000012b8                get_command
 .text.get_time
                0x000012d0       0x24 ./source/thread0.o
                0x000012d0                get_time
 .text.know_command
                0x000012f4       0xd4 ./source/thread0.o
                0x000012f4                know_command
 .text.UART0_RX_TX_IRQHandler
                0x000013c8       0x48 ./source/thread0.o
                0x000013c8                UART0_RX_TX_IRQHandler
 .text.Thd_5ms  0x00001410       0xb0 ./source/thread1.o
                0x00001410                Thd_5ms
 .text.thread2_init
                0x000014c0       0x18 ./source/thread2.o
                0x000014c0                thread2_init
 .text.Thd_10ms
                0x000014d8      0x114 ./source/thread2.o
                0x000014d8                Thd_10ms
 .text.intToStr
                0x000015ec       0x90 ./source/thread2.o
                0x000015ec                intToStr
 .text.ADC16_GetInstance
                0x0000167c       0x4c ./drivers/fsl_adc16.o
 .text.ADC16_Init
                0x000016c8      0x118 ./drivers/fsl_adc16.o
                0x000016c8                ADC16_Init
 .text.ADC16_GetDefaultConfig
                0x000017e0       0x68 ./drivers/fsl_adc16.o
                0x000017e0                ADC16_GetDefaultConfig
 .text.ADC16_SetChannelConfig
                0x00001848       0x68 ./drivers/fsl_adc16.o
                0x00001848                ADC16_SetChannelConfig
 .text.ADC16_GetChannelStatusFlags
                0x000018b0       0x40 ./drivers/fsl_adc16.o
                0x000018b0                ADC16_GetChannelStatusFlags
 .text.CLOCK_SetEr32kClock
                0x000018f0       0x30 ./drivers/fsl_clock.o
 .text.CLOCK_SetPllFllSelClock
                0x00001920       0x38 ./drivers/fsl_clock.o
 .text.CLOCK_GetMcgExtClkFreq
                0x00001958       0x7c ./drivers/fsl_clock.o
 .text.CLOCK_GetFllExtRefClkFreq
                0x000019d4       0xb0 ./drivers/fsl_clock.o
 .text.CLOCK_GetInternalRefClkSelectFreq
                0x00001a84       0x4c ./drivers/fsl_clock.o
 .text.CLOCK_GetFllRefClkFreq
                0x00001ad0       0x34 ./drivers/fsl_clock.o
 .text.CLOCK_GetOscRangeFromFreq
                0x00001b04       0x3c ./drivers/fsl_clock.o
 .text.CLOCK_GetOsc0ErClkFreq
                0x00001b40       0x44 ./drivers/fsl_clock.o
                0x00001b40                CLOCK_GetOsc0ErClkFreq
 .text.CLOCK_GetEr32kClkFreq
                0x00001b84       0x74 ./drivers/fsl_clock.o
                0x00001b84                CLOCK_GetEr32kClkFreq
 .text.CLOCK_GetPllFllSelClkFreq
                0x00001bf8       0x54 ./drivers/fsl_clock.o
                0x00001bf8                CLOCK_GetPllFllSelClkFreq
 .text.CLOCK_GetFreq
                0x00001c4c      0x140 ./drivers/fsl_clock.o
                0x00001c4c                CLOCK_GetFreq
 .text.CLOCK_SetSimConfig
                0x00001d8c       0x34 ./drivers/fsl_clock.o
                0x00001d8c                CLOCK_SetSimConfig
 .text.CLOCK_EnableUsbfs0Clock
                0x00001dc0      0x108 ./drivers/fsl_clock.o
                0x00001dc0                CLOCK_EnableUsbfs0Clock
 .text.CLOCK_GetOutClkFreq
                0x00001ec8       0x64 ./drivers/fsl_clock.o
                0x00001ec8                CLOCK_GetOutClkFreq
 .text.CLOCK_GetFllFreq
                0x00001f2c       0x84 ./drivers/fsl_clock.o
                0x00001f2c                CLOCK_GetFllFreq
 .text.CLOCK_GetInternalRefClkFreq
                0x00001fb0       0x30 ./drivers/fsl_clock.o
                0x00001fb0                CLOCK_GetInternalRefClkFreq
 .text.CLOCK_GetPll0Freq
                0x00001fe0       0x78 ./drivers/fsl_clock.o
                0x00001fe0                CLOCK_GetPll0Freq
 .text.CLOCK_SetExternalRefClkConfig
                0x00002058       0x6c ./drivers/fsl_clock.o
                0x00002058                CLOCK_SetExternalRefClkConfig
 .text.CLOCK_SetInternalRefClkConfig
                0x000020c4      0x104 ./drivers/fsl_clock.o
                0x000020c4                CLOCK_SetInternalRefClkConfig
 .text.CLOCK_EnablePll0
                0x000021c8       0x88 ./drivers/fsl_clock.o
                0x000021c8                CLOCK_EnablePll0
 .text.CLOCK_InitOsc0
                0x00002250       0x8c ./drivers/fsl_clock.o
                0x00002250                CLOCK_InitOsc0
 .text.CLOCK_SetPbeMode
                0x000022dc       0xa8 ./drivers/fsl_clock.o
                0x000022dc                CLOCK_SetPbeMode
 .text.CLOCK_BootToPeeMode
                0x00002384       0x60 ./drivers/fsl_clock.o
                0x00002384                CLOCK_BootToPeeMode
 .text.GPIO_PinInit
                0x000023e4       0x64 ./drivers/fsl_gpio.o
                0x000023e4                GPIO_PinInit
 .text.I2C_TransferCommonIRQHandler
                0x00002448       0x58 ./drivers/fsl_i2c.o
 .text.I2C0_DriverIRQHandler
                0x000024a0       0x1c ./drivers/fsl_i2c.o
                0x000024a0                I2C0_DriverIRQHandler
 .text.I2C1_DriverIRQHandler
                0x000024bc       0x1c ./drivers/fsl_i2c.o
                0x000024bc                I2C1_DriverIRQHandler
 .text.I2C2_DriverIRQHandler
                0x000024d8       0x1c ./drivers/fsl_i2c.o
                0x000024d8                I2C2_DriverIRQHandler
 .text.PIT_GetInstance
                0x000024f4       0x44 ./drivers/fsl_pit.o
 .text.PIT_Init
                0x00002538       0x94 ./drivers/fsl_pit.o
                0x00002538                PIT_Init
 .text.UART_GetInstance
                0x000025cc       0x54 ./drivers/fsl_uart.o
                0x000025cc                UART_GetInstance
 .text.UART_Init
                0x00002620      0x2f4 ./drivers/fsl_uart.o
                0x00002620                UART_Init
 .text.UART_GetDefaultConfig
                0x00002914       0x68 ./drivers/fsl_uart.o
                0x00002914                UART_GetDefaultConfig
 .text.UART_EnableInterrupts
                0x0000297c       0x70 ./drivers/fsl_uart.o
                0x0000297c                UART_EnableInterrupts
 .text.UART1_DriverIRQHandler
                0x000029ec       0x28 ./drivers/fsl_uart.o
                0x000029ec                UART1_DriverIRQHandler
 .text.UART2_DriverIRQHandler
                0x00002a14       0x28 ./drivers/fsl_uart.o
                0x00002a14                UART2_DriverIRQHandler
 .text.UART3_DriverIRQHandler
                0x00002a3c       0x28 ./drivers/fsl_uart.o
                0x00002a3c                UART3_DriverIRQHandler
 .text.UART4_DriverIRQHandler
                0x00002a64       0x28 ./drivers/fsl_uart.o
                0x00002a64                UART4_DriverIRQHandler
 .text.UART5_DriverIRQHandler
                0x00002a8c       0x28 ./drivers/fsl_uart.o
                0x00002a8c                UART5_DriverIRQHandler
 .text.SystemInit
                0x00002ab4       0x3c ./device/system_MK64F12.o
                0x00002ab4                SystemInit
 .text.CLOCK_SetSdhc0Clock
                0x00002af0       0x38 ./board/clock_config.o
 .text.CLOCK_SetEnetTime0Clock
                0x00002b28       0x38 ./board/clock_config.o
 .text.CLOCK_SetRmii0Clock
                0x00002b60       0x38 ./board/clock_config.o
 .text.CLOCK_SetTraceClock
                0x00002b98       0x38 ./board/clock_config.o
 .text.CLOCK_SetClkOutClock
                0x00002bd0       0x34 ./board/clock_config.o
 .text.CLOCK_SetSimSafeDivs
                0x00002c04       0x20 ./board/clock_config.o
 .text.CLOCK_SetXtal0Freq
                0x00002c24       0x20 ./board/clock_config.o
 .text.CLOCK_CONFIG_SetFllExtRefDiv
                0x00002c44       0x3c ./board/clock_config.o
 .text.BOARD_BootClockRUN
                0x00002c80       0x88 ./board/clock_config.o
                0x00002c80                BOARD_BootClockRUN
 .text.PORT_SetPinConfig
                0x00002d08       0x38 ./board/pin_mux.o
 .text.BOARD_InitPins
                0x00002d40       0x30 ./board/pin_mux.o
                0x00002d40                BOARD_InitPins
 .text.BOARD_InitDEBUG_UARTPins
                0x00002d70       0x68 ./board/pin_mux.o
                0x00002d70                BOARD_InitDEBUG_UARTPins
 .text.__assertion_failed
                0x00002dd8       0x4c C:/nxp/MCUXpressoIDE_24.12.148/ide/plugins/com.nxp.mcuxpresso.tools.win32_24.12.0.202407110909/tools/bin/../lib/gcc/arm-none-eabi/13.2.1/../../../../arm-none-eabi/lib/thumb/v7e-m+fp/hard\libcr_nohost_nf.a(_cr_assert.o)
                0x00002dd8                __assertion_failed
 .text._Cwritebuf
                0x00002e24       0x6c C:/nxp/MCUXpressoIDE_24.12.148/ide/plugins/com.nxp.mcuxpresso.tools.win32_24.12.0.202407110909/tools/bin/../lib/gcc/arm-none-eabi/13.2.1/../../../../arm-none-eabi/lib/thumb/v7e-m+fp/hard\libcr_c.a(_writebuf.o)
                0x00002e24                _Cwritebuf
 .text.malloc   0x00002e90       0xc8 C:/nxp/MCUXpressoIDE_24.12.148/ide/plugins/com.nxp.mcuxpresso.tools.win32_24.12.0.202407110909/tools/bin/../lib/gcc/arm-none-eabi/13.2.1/../../../../arm-none-eabi/lib/thumb/v7e-m+fp/hard\libcr_c.a(alloc.o)
                0x00002e90                malloc
 .text._Csys_alloc
                0x00002f58       0x20 C:/nxp/MCUXpressoIDE_24.12.148/ide/plugins/com.nxp.mcuxpresso.tools.win32_24.12.0.202407110909/tools/bin/../lib/gcc/arm-none-eabi/13.2.1/../../../../arm-none-eabi/lib/thumb/v7e-m+fp/hard\libcr_c.a(alloc.o)
                0x00002f58                _Csys_alloc
 .text.fseek    0x00002f78       0xf8 C:/nxp/MCUXpressoIDE_24.12.148/ide/plugins/com.nxp.mcuxpresso.tools.win32_24.12.0.202407110909/tools/bin/../lib/gcc/arm-none-eabi/13.2.1/../../../../arm-none-eabi/lib/thumb/v7e-m+fp/hard\libcr_c.a(fseek.o)
                0x00002f78                fseek
 .text.ftell    0x00003070       0x44 C:/nxp/MCUXpressoIDE_24.12.148/ide/plugins/com.nxp.mcuxpresso.tools.win32_24.12.0.202407110909/tools/bin/../lib/gcc/arm-none-eabi/13.2.1/../../../../arm-none-eabi/lib/thumb/v7e-m+fp/hard\libcr_c.a(ftell.o)
                0x00003070                ftell
 .text._initio  0x000030b4       0x78 C:/nxp/MCUXpressoIDE_24.12.148/ide/plugins/com.nxp.mcuxpresso.tools.win32_24.12.0.202407110909/tools/bin/../lib/gcc/arm-none-eabi/13.2.1/../../../../arm-none-eabi/lib/thumb/v7e-m+fp/hard\libcr_c.a(initio.o)
                0x000030b4                _initio
 .text._sbrk    0x0000312c       0x3c C:/nxp/MCUXpressoIDE_24.12.148/ide/plugins/com.nxp.mcuxpresso.tools.win32_24.12.0.202407110909/tools/bin/../lib/gcc/arm-none-eabi/13.2.1/../../../../arm-none-eabi/lib/thumb/v7e-m+fp/hard\libcr_c.a(_cr_sbrk.o)
                0x0000312c                _sbrk
 .text.fflush   0x00003168       0x3c C:/nxp/MCUXpressoIDE_24.12.148/ide/plugins/com.nxp.mcuxpresso.tools.win32_24.12.0.202407110909/tools/bin/../lib/gcc/arm-none-eabi/13.2.1/../../../../arm-none-eabi/lib/thumb/v7e-m+fp/hard\libcr_c.a(fflush.o)
                0x00003168                fflush
 .text.__check_heap_overflow
                0x000031a4       0x18 C:/nxp/MCUXpressoIDE_24.12.148/ide/plugins/com.nxp.mcuxpresso.tools.win32_24.12.0.202407110909/tools/bin/../lib/gcc/arm-none-eabi/13.2.1/../../../../arm-none-eabi/lib/thumb/v7e-m+fp/hard\libcr_c.a(_cr_check_heap.o)
                0x000031a4                __check_heap_overflow
 .text.__aeabi_dmul
                0x000031bc       0xfc C:/nxp/MCUXpressoIDE_24.12.148/ide/plugins/com.nxp.mcuxpresso.tools.win32_24.12.0.202407110909/tools/bin/../lib/gcc/arm-none-eabi/13.2.1/thumb/v7e-m+fp/hard\libcr_eabihelpers.a(double.o)
                0x000031bc                __aeabi_dmul
 .text.__aeabi_ddiv
                0x000032b8      0x130 C:/nxp/MCUXpressoIDE_24.12.148/ide/plugins/com.nxp.mcuxpresso.tools.win32_24.12.0.202407110909/tools/bin/../lib/gcc/arm-none-eabi/13.2.1/thumb/v7e-m+fp/hard\libcr_eabihelpers.a(double.o)
                0x000032b8                __aeabi_ddiv
 .text.__aeabi_dsub
                0x000033e8      0x1b4 C:/nxp/MCUXpressoIDE_24.12.148/ide/plugins/com.nxp.mcuxpresso.tools.win32_24.12.0.202407110909/tools/bin/../lib/gcc/arm-none-eabi/13.2.1/thumb/v7e-m+fp/hard\libcr_eabihelpers.a(double.o)
                0x000033e8                __aeabi_dsub
 .text.__aeabi_dadd
                0x0000359c      0x118 C:/nxp/MCUXpressoIDE_24.12.148/ide/plugins/com.nxp.mcuxpresso.tools.win32_24.12.0.202407110909/tools/bin/../lib/gcc/arm-none-eabi/13.2.1/thumb/v7e-m+fp/hard\libcr_eabihelpers.a(double.o)
                0x0000359c                __aeabi_dadd
 .text.__aeabi_d2f
                0x000036b4       0x58 C:/nxp/MCUXpressoIDE_24.12.148/ide/plugins/com.nxp.mcuxpresso.tools.win32_24.12.0.202407110909/tools/bin/../lib/gcc/arm-none-eabi/13.2.1/thumb/v7e-m+fp/hard\libcr_eabihelpers.a(double.o)
                0x000036b4                __aeabi_d2f
 .text.__aeabi_f2d
                0x0000370c       0x38 C:/nxp/MCUXpressoIDE_24.12.148/ide/plugins/com.nxp.mcuxpresso.tools.win32_24.12.0.202407110909/tools/bin/../lib/gcc/arm-none-eabi/13.2.1/thumb/v7e-m+fp/hard\libcr_eabihelpers.a(float.o)
                0x0000370c                __aeabi_f2d
 .text.DMA0_IRQHandler
                0x00003744        0x8 ./startup/startup_mk64f12.o
                0x00003744                DMA0_IRQHandler
 .text.DMA1_IRQHandler
                0x0000374c        0x8 ./startup/startup_mk64f12.o
                0x0000374c                DMA1_IRQHandler
 .text.DMA2_IRQHandler
                0x00003754        0x8 ./startup/startup_mk64f12.o
                0x00003754                DMA2_IRQHandler
 .text.DMA3_IRQHandler
                0x0000375c        0x8 ./startup/startup_mk64f12.o
                0x0000375c                DMA3_IRQHandler
 .text.DMA4_IRQHandler
                0x00003764        0x8 ./startup/startup_mk64f12.o
                0x00003764                DMA4_IRQHandler
 .text.DMA5_IRQHandler
                0x0000376c        0x8 ./startup/startup_mk64f12.o
                0x0000376c                DMA5_IRQHandler
 .text.DMA6_IRQHandler
                0x00003774        0x8 ./startup/startup_mk64f12.o
                0x00003774                DMA6_IRQHandler
 .text.DMA7_IRQHandler
                0x0000377c        0x8 ./startup/startup_mk64f12.o
                0x0000377c                DMA7_IRQHandler
 .text.DMA8_IRQHandler
                0x00003784        0x8 ./startup/startup_mk64f12.o
                0x00003784                DMA8_IRQHandler
 .text.DMA9_IRQHandler
                0x0000378c        0x8 ./startup/startup_mk64f12.o
                0x0000378c                DMA9_IRQHandler
 .text.DMA10_IRQHandler
                0x00003794        0x8 ./startup/startup_mk64f12.o
                0x00003794                DMA10_IRQHandler
 .text.DMA11_IRQHandler
                0x0000379c        0x8 ./startup/startup_mk64f12.o
                0x0000379c                DMA11_IRQHandler
 .text.DMA12_IRQHandler
                0x000037a4        0x8 ./startup/startup_mk64f12.o
                0x000037a4                DMA12_IRQHandler
 .text.DMA13_IRQHandler
                0x000037ac        0x8 ./startup/startup_mk64f12.o
                0x000037ac                DMA13_IRQHandler
 .text.DMA14_IRQHandler
                0x000037b4        0x8 ./startup/startup_mk64f12.o
                0x000037b4                DMA14_IRQHandler
 .text.DMA15_IRQHandler
                0x000037bc        0x8 ./startup/startup_mk64f12.o
                0x000037bc                DMA15_IRQHandler
 .text.DMA_Error_IRQHandler
                0x000037c4        0x8 ./startup/startup_mk64f12.o
                0x000037c4                DMA_Error_IRQHandler
 .text.MCM_IRQHandler
                0x000037cc        0x8 ./startup/startup_mk64f12.o
                0x000037cc                MCM_IRQHandler
 .text.FTFE_IRQHandler
                0x000037d4        0x8 ./startup/startup_mk64f12.o
                0x000037d4                FTFE_IRQHandler
 .text.Read_Collision_IRQHandler
                0x000037dc        0x8 ./startup/startup_mk64f12.o
                0x000037dc                Read_Collision_IRQHandler
 .text.LVD_LVW_IRQHandler
                0x000037e4        0x8 ./startup/startup_mk64f12.o
                0x000037e4                LVD_LVW_IRQHandler
 .text.LLWU_IRQHandler
                0x000037ec        0x8 ./startup/startup_mk64f12.o
                0x000037ec                LLWU_IRQHandler
 .text.WDOG_EWM_IRQHandler
                0x000037f4        0x8 ./startup/startup_mk64f12.o
                0x000037f4                WDOG_EWM_IRQHandler
 .text.RNG_IRQHandler
                0x000037fc        0x8 ./startup/startup_mk64f12.o
                0x000037fc                RNG_IRQHandler
 .text.I2C0_IRQHandler
                0x00003804        0x8 ./startup/startup_mk64f12.o
                0x00003804                I2C0_IRQHandler
 .text.I2C1_IRQHandler
                0x0000380c        0x8 ./startup/startup_mk64f12.o
                0x0000380c                I2C1_IRQHandler
 .text.SPI0_IRQHandler
                0x00003814        0x8 ./startup/startup_mk64f12.o
                0x00003814                SPI0_IRQHandler
 .text.SPI1_IRQHandler
                0x0000381c        0x8 ./startup/startup_mk64f12.o
                0x0000381c                SPI1_IRQHandler
 .text.I2S0_Tx_IRQHandler
                0x00003824        0x8 ./startup/startup_mk64f12.o
                0x00003824                I2S0_Tx_IRQHandler
 .text.I2S0_Rx_IRQHandler
                0x0000382c        0x8 ./startup/startup_mk64f12.o
                0x0000382c                I2S0_Rx_IRQHandler
 .text.UART0_LON_IRQHandler
                0x00003834        0x8 ./startup/startup_mk64f12.o
                0x00003834                UART0_LON_IRQHandler
 .text.UART0_ERR_IRQHandler
                0x0000383c        0x8 ./startup/startup_mk64f12.o
                0x0000383c                UART0_ERR_IRQHandler
 .text.UART1_RX_TX_IRQHandler
                0x00003844        0x8 ./startup/startup_mk64f12.o
                0x00003844                UART1_RX_TX_IRQHandler
 .text.UART1_ERR_IRQHandler
                0x0000384c        0x8 ./startup/startup_mk64f12.o
                0x0000384c                UART1_ERR_IRQHandler
 .text.UART2_RX_TX_IRQHandler
                0x00003854        0x8 ./startup/startup_mk64f12.o
                0x00003854                UART2_RX_TX_IRQHandler
 .text.UART2_ERR_IRQHandler
                0x0000385c        0x8 ./startup/startup_mk64f12.o
                0x0000385c                UART2_ERR_IRQHandler
 .text.UART3_RX_TX_IRQHandler
                0x00003864        0x8 ./startup/startup_mk64f12.o
                0x00003864                UART3_RX_TX_IRQHandler
 .text.UART3_ERR_IRQHandler
                0x0000386c        0x8 ./startup/startup_mk64f12.o
                0x0000386c                UART3_ERR_IRQHandler
 .text.ADC0_IRQHandler
                0x00003874        0x8 ./startup/startup_mk64f12.o
                0x00003874                ADC0_IRQHandler
 .text.CMP0_IRQHandler
                0x0000387c        0x8 ./startup/startup_mk64f12.o
                0x0000387c                CMP0_IRQHandler
 .text.CMP1_IRQHandler
                0x00003884        0x8 ./startup/startup_mk64f12.o
                0x00003884                CMP1_IRQHandler
 .text.FTM0_IRQHandler
                0x0000388c        0x8 ./startup/startup_mk64f12.o
                0x0000388c                FTM0_IRQHandler
 .text.FTM1_IRQHandler
                0x00003894        0x8 ./startup/startup_mk64f12.o
                0x00003894                FTM1_IRQHandler
 .text.FTM2_IRQHandler
                0x0000389c        0x8 ./startup/startup_mk64f12.o
                0x0000389c                FTM2_IRQHandler
 .text.CMT_IRQHandler
                0x000038a4        0x8 ./startup/startup_mk64f12.o
                0x000038a4                CMT_IRQHandler
 .text.RTC_IRQHandler
                0x000038ac        0x8 ./startup/startup_mk64f12.o
                0x000038ac                RTC_IRQHandler
 .text.RTC_Seconds_IRQHandler
                0x000038b4        0x8 ./startup/startup_mk64f12.o
                0x000038b4                RTC_Seconds_IRQHandler
 .text.PIT2_IRQHandler
                0x000038bc        0x8 ./startup/startup_mk64f12.o
                0x000038bc                PIT2_IRQHandler
 .text.PIT3_IRQHandler
                0x000038c4        0x8 ./startup/startup_mk64f12.o
                0x000038c4                PIT3_IRQHandler
 .text.PDB0_IRQHandler
                0x000038cc        0x8 ./startup/startup_mk64f12.o
                0x000038cc                PDB0_IRQHandler
 .text.USB0_IRQHandler
                0x000038d4        0x8 ./startup/startup_mk64f12.o
                0x000038d4                USB0_IRQHandler
 .text.USBDCD_IRQHandler
                0x000038dc        0x8 ./startup/startup_mk64f12.o
                0x000038dc                USBDCD_IRQHandler
 .text.Reserved71_IRQHandler
                0x000038e4        0x8 ./startup/startup_mk64f12.o
                0x000038e4                Reserved71_IRQHandler
 .text.DAC0_IRQHandler
                0x000038ec        0x8 ./startup/startup_mk64f12.o
                0x000038ec                DAC0_IRQHandler
 .text.MCG_IRQHandler
                0x000038f4        0x8 ./startup/startup_mk64f12.o
                0x000038f4                MCG_IRQHandler
 .text.LPTMR0_IRQHandler
                0x000038fc        0x8 ./startup/startup_mk64f12.o
                0x000038fc                LPTMR0_IRQHandler
 .text.PORTA_IRQHandler
                0x00003904        0x8 ./startup/startup_mk64f12.o
                0x00003904                PORTA_IRQHandler
 .text.PORTB_IRQHandler
                0x0000390c        0x8 ./startup/startup_mk64f12.o
                0x0000390c                PORTB_IRQHandler
 .text.PORTC_IRQHandler
                0x00003914        0x8 ./startup/startup_mk64f12.o
                0x00003914                PORTC_IRQHandler
 .text.PORTD_IRQHandler
                0x0000391c        0x8 ./startup/startup_mk64f12.o
                0x0000391c                PORTD_IRQHandler
 .text.PORTE_IRQHandler
                0x00003924        0x8 ./startup/startup_mk64f12.o
                0x00003924                PORTE_IRQHandler
 .text.SWI_IRQHandler
                0x0000392c        0x8 ./startup/startup_mk64f12.o
                0x0000392c                SWI_IRQHandler
 .text.SPI2_IRQHandler
                0x00003934        0x8 ./startup/startup_mk64f12.o
                0x00003934                SPI2_IRQHandler
 .text.UART4_RX_TX_IRQHandler
                0x0000393c        0x8 ./startup/startup_mk64f12.o
                0x0000393c                UART4_RX_TX_IRQHandler
 .text.UART4_ERR_IRQHandler
                0x00003944        0x8 ./startup/startup_mk64f12.o
                0x00003944                UART4_ERR_IRQHandler
 .text.UART5_RX_TX_IRQHandler
                0x0000394c        0x8 ./startup/startup_mk64f12.o
                0x0000394c                UART5_RX_TX_IRQHandler
 .text.UART5_ERR_IRQHandler
                0x00003954        0x8 ./startup/startup_mk64f12.o
                0x00003954                UART5_ERR_IRQHandler
 .text.CMP2_IRQHandler
                0x0000395c        0x8 ./startup/startup_mk64f12.o
                0x0000395c                CMP2_IRQHandler
 .text.FTM3_IRQHandler
                0x00003964        0x8 ./startup/startup_mk64f12.o
                0x00003964                FTM3_IRQHandler
 .text.DAC1_IRQHandler
                0x0000396c        0x8 ./startup/startup_mk64f12.o
                0x0000396c                DAC1_IRQHandler
 .text.ADC1_IRQHandler
                0x00003974        0x8 ./startup/startup_mk64f12.o
                0x00003974                ADC1_IRQHandler
 .text.I2C2_IRQHandler
                0x0000397c        0x8 ./startup/startup_mk64f12.o
                0x0000397c                I2C2_IRQHandler
 .text.CAN0_ORed_Message_buffer_IRQHandler
                0x00003984        0x8 ./startup/startup_mk64f12.o
                0x00003984                CAN0_ORed_Message_buffer_IRQHandler
 .text.CAN0_Bus_Off_IRQHandler
                0x0000398c        0x8 ./startup/startup_mk64f12.o
                0x0000398c                CAN0_Bus_Off_IRQHandler
 .text.CAN0_Error_IRQHandler
                0x00003994        0x8 ./startup/startup_mk64f12.o
                0x00003994                CAN0_Error_IRQHandler
 .text.CAN0_Tx_Warning_IRQHandler
                0x0000399c        0x8 ./startup/startup_mk64f12.o
                0x0000399c                CAN0_Tx_Warning_IRQHandler
 .text.CAN0_Rx_Warning_IRQHandler
                0x000039a4        0x8 ./startup/startup_mk64f12.o
                0x000039a4                CAN0_Rx_Warning_IRQHandler
 .text.CAN0_Wake_Up_IRQHandler
                0x000039ac        0x8 ./startup/startup_mk64f12.o
                0x000039ac                CAN0_Wake_Up_IRQHandler
 .text.SDHC_IRQHandler
                0x000039b4        0x8 ./startup/startup_mk64f12.o
                0x000039b4                SDHC_IRQHandler
 .text.ENET_1588_Timer_IRQHandler
                0x000039bc        0x8 ./startup/startup_mk64f12.o
                0x000039bc                ENET_1588_Timer_IRQHandler
 .text.ENET_Transmit_IRQHandler
                0x000039c4        0x8 ./startup/startup_mk64f12.o
                0x000039c4                ENET_Transmit_IRQHandler
 .text.ENET_Receive_IRQHandler
                0x000039cc        0x8 ./startup/startup_mk64f12.o
                0x000039cc                ENET_Receive_IRQHandler
 .text.ENET_Error_IRQHandler
                0x000039d4        0x8 ./startup/startup_mk64f12.o
                0x000039d4                ENET_Error_IRQHandler
 .text.EnableIRQ
                0x000039dc       0x32 ./source/UART_driver/UART_driver.o
 .text.ADC16_EnableHardwareTrigger
                0x00003a0e       0x38 ./source/ADC.o
 .text.CLOCK_EnableClock
                0x00003a46       0x34 ./source/GPIO.o
 .text.PORT_SetPinMux
                0x00003a7a       0x3a ./source/GPIO.o
 .text.GPIO_PinWrite
                0x00003ab4       0x36 ./source/GPIO.o
 .text.GPIO_PinRead
                0x00003aea       0x24 ./source/GPIO.o
 .text.Iddle    0x00003b0e       0x10 ./source/Proyecto_1.o
                0x00003b0e                Iddle
 .text.EnableIRQ
                0x00003b1e       0x32 ./source/pit.o
 .text.PIT_EnableInterrupts
                0x00003b50       0x3a ./source/pit.o
 .text.PIT_ClearStatusFlags
                0x00003b8a       0x2a ./source/pit.o
 .text.PIT_StartTimer
                0x00003bb4       0x38 ./source/pit.o
 .text.HardFault_Handler
                0x00003bec       0x36 ./source/semihost_hardfault.o
                0x00003bec                HardFault_Handler
 .text.UART_ReadByte
                0x00003c22       0x1a ./source/thread0.o
 .text.thread0_init
                0x00003c3c        0xc ./source/thread0.o
                0x00003c3c                thread0_init
 .text.thread1_init
                0x00003c48        0xc ./source/thread1.o
                0x00003c48                thread1_init
 .text.reverse  0x00003c54       0x5e ./source/thread2.o
                0x00003c54                reverse
 .text.CLOCK_EnableClock
                0x00003cb2       0x34 ./drivers/fsl_adc16.o
 .text.ADC16_DoAutoCalibration
                0x00003ce6      0x130 ./drivers/fsl_adc16.o
                0x00003ce6                ADC16_DoAutoCalibration
 .text.ADC16_SetHardwareAverage
                0x00003e16       0x3e ./drivers/fsl_adc16.o
                0x00003e16                ADC16_SetHardwareAverage
 .text.ADC16_GetStatusFlags
                0x00003e54       0x42 ./drivers/fsl_adc16.o
                0x00003e54                ADC16_GetStatusFlags
 .text.CLOCK_EnableClock
                0x00003e96       0x34 ./drivers/fsl_clock.o
 .text.CLOCK_DisableClock
                0x00003eca       0x38 ./drivers/fsl_clock.o
 .text.OSC_SetExtRefClkConfig
                0x00003f02       0x34 ./drivers/fsl_clock.o
 .text.OSC_SetCapLoad
                0x00003f36       0x34 ./drivers/fsl_clock.o
 .text.CLOCK_GetPll0RefFreq
                0x00003f6a        0xe ./drivers/fsl_clock.o
 .text.CLOCK_GetFixedFreqClkFreq
                0x00003f78       0x34 ./drivers/fsl_clock.o
                0x00003f78                CLOCK_GetFixedFreqClkFreq
 .text.GPIO_PinWrite
                0x00003fac       0x36 ./drivers/fsl_gpio.o
 .text.CLOCK_EnableClock
                0x00003fe2       0x34 ./drivers/fsl_pit.o
 .text.CLOCK_EnableClock
                0x00004016       0x34 ./drivers/fsl_uart.o
 .text.UART_GetStatusFlags
                0x0000404a       0x48 ./drivers/fsl_uart.o
                0x0000404a                UART_GetStatusFlags
 .text.UART_WriteBlocking
                0x00004092       0x50 ./drivers/fsl_uart.o
                0x00004092                UART_WriteBlocking
 .text.UART1_RX_TX_DriverIRQHandler
                0x000040e2       0x12 ./drivers/fsl_uart.o
                0x000040e2                UART1_RX_TX_DriverIRQHandler
 .text.UART2_RX_TX_DriverIRQHandler
                0x000040f4       0x12 ./drivers/fsl_uart.o
                0x000040f4                UART2_RX_TX_DriverIRQHandler
 .text.UART3_RX_TX_DriverIRQHandler
                0x00004106       0x12 ./drivers/fsl_uart.o
                0x00004106                UART3_RX_TX_DriverIRQHandler
 .text.UART4_RX_TX_DriverIRQHandler
                0x00004118       0x12 ./drivers/fsl_uart.o
                0x00004118                UART4_RX_TX_DriverIRQHandler
 .text.UART5_RX_TX_DriverIRQHandler
                0x0000412a       0x12 ./drivers/fsl_uart.o
                0x0000412a                UART5_RX_TX_DriverIRQHandler
 .text.SystemInitHook
                0x0000413c        0xe ./device/system_MK64F12.o
                0x0000413c                SystemInitHook
 .text.BOARD_InitBootClocks
                0x0000414a        0xc ./board/clock_config.o
                0x0000414a                BOARD_InitBootClocks
 .text.CLOCK_EnableClock
                0x00004156       0x34 ./board/pin_mux.o
 .text.PORT_SetPinMux
                0x0000418a       0x3a ./board/pin_mux.o
 .text.BOARD_InitBootPins
                0x000041c4       0x10 ./board/pin_mux.o
                0x000041c4                BOARD_InitBootPins
 .text.__main   0x000041d4        0xe C:/nxp/MCUXpressoIDE_24.12.148/ide/plugins/com.nxp.mcuxpresso.tools.win32_24.12.0.202407110909/tools/bin/../lib/gcc/arm-none-eabi/13.2.1/../../../../arm-none-eabi/lib/thumb/v7e-m+fp/hard\libcr_nohost_nf.a(_cr__main.o)
                0x000041d4                __main
 .text.__sys_appexit
                0x000041e2        0x2 C:/nxp/MCUXpressoIDE_24.12.148/ide/plugins/com.nxp.mcuxpresso.tools.win32_24.12.0.202407110909/tools/bin/../lib/gcc/arm-none-eabi/13.2.1/../../../../arm-none-eabi/lib/thumb/v7e-m+fp/hard\libcr_nohost_nf.a(__sys_appexit.o)
                0x000041e2                __sys_appexit
                0x000041e2                __exit
 .text.memset   0x000041e4        0x4 C:/nxp/MCUXpressoIDE_24.12.148/ide/plugins/com.nxp.mcuxpresso.tools.win32_24.12.0.202407110909/tools/bin/../lib/gcc/arm-none-eabi/13.2.1/../../../../arm-none-eabi/lib/thumb/v7e-m+fp/hard\libcr_c.a(memset.o)
                0x000041e4                memset
 .text._deferredlazyseek
                0x000041e8       0x40 C:/nxp/MCUXpressoIDE_24.12.148/ide/plugins/com.nxp.mcuxpresso.tools.win32_24.12.0.202407110909/tools/bin/../lib/gcc/arm-none-eabi/13.2.1/../../../../arm-none-eabi/lib/thumb/v7e-m+fp/hard\libcr_c.a(_deferredlazyseek.o)
                0x000041e8                _deferredlazyseek
 .text.__flsbuf
                0x00004228      0x126 C:/nxp/MCUXpressoIDE_24.12.148/ide/plugins/com.nxp.mcuxpresso.tools.win32_24.12.0.202407110909/tools/bin/../lib/gcc/arm-none-eabi/13.2.1/../../../../arm-none-eabi/lib/thumb/v7e-m+fp/hard\libcr_c.a(_deferredlazyseek.o)
                0x00004228                __flsbuf
 .text._fflush  0x0000434e       0x52 C:/nxp/MCUXpressoIDE_24.12.148/ide/plugins/com.nxp.mcuxpresso.tools.win32_24.12.0.202407110909/tools/bin/../lib/gcc/arm-none-eabi/13.2.1/../../../../arm-none-eabi/lib/thumb/v7e-m+fp/hard\libcr_c.a(_fflush.o)
                0x0000434e                _fflush
 .text.free     0x000043a0       0x30 C:/nxp/MCUXpressoIDE_24.12.148/ide/plugins/com.nxp.mcuxpresso.tools.win32_24.12.0.202407110909/tools/bin/../lib/gcc/arm-none-eabi/13.2.1/../../../../arm-none-eabi/lib/thumb/v7e-m+fp/hard\libcr_c.a(alloc.o)
                0x000043a0                free
 .text.fputs    0x000043d0       0x2c C:/nxp/MCUXpressoIDE_24.12.148/ide/plugins/com.nxp.mcuxpresso.tools.win32_24.12.0.202407110909/tools/bin/../lib/gcc/arm-none-eabi/13.2.1/../../../../arm-none-eabi/lib/thumb/v7e-m+fp/hard\libcr_c.a(fputs.o)
                0x000043d0                fputs
 .text.setvbuf  0x000043fc       0x3e C:/nxp/MCUXpressoIDE_24.12.148/ide/plugins/com.nxp.mcuxpresso.tools.win32_24.12.0.202407110909/tools/bin/../lib/gcc/arm-none-eabi/13.2.1/../../../../arm-none-eabi/lib/thumb/v7e-m+fp/hard\libcr_c.a(setvbuf.o)
                0x000043fc                setvbuf
 .text.strcmp   0x0000443a       0x46 C:/nxp/MCUXpressoIDE_24.12.148/ide/plugins/com.nxp.mcuxpresso.tools.win32_24.12.0.202407110909/tools/bin/../lib/gcc/arm-none-eabi/13.2.1/../../../../arm-none-eabi/lib/thumb/v7e-m+fp/hard\libcr_c.a(strcmp.o)
                0x0000443a                strcmp
 .text.strlen   0x00004480       0x4e C:/nxp/MCUXpressoIDE_24.12.148/ide/plugins/com.nxp.mcuxpresso.tools.win32_24.12.0.202407110909/tools/bin/../lib/gcc/arm-none-eabi/13.2.1/../../../../arm-none-eabi/lib/thumb/v7e-m+fp/hard\libcr_c.a(strlen.o)
                0x00004480                strlen
 .text._fdopen  0x000044ce       0x68 C:/nxp/MCUXpressoIDE_24.12.148/ide/plugins/com.nxp.mcuxpresso.tools.win32_24.12.0.202407110909/tools/bin/../lib/gcc/arm-none-eabi/13.2.1/../../../../arm-none-eabi/lib/thumb/v7e-m+fp/hard\libcr_c.a(_fdopen.o)
                0x000044ce                _fdopen
 .text.fclose   0x00004536       0x58 C:/nxp/MCUXpressoIDE_24.12.148/ide/plugins/com.nxp.mcuxpresso.tools.win32_24.12.0.202407110909/tools/bin/../lib/gcc/arm-none-eabi/13.2.1/../../../../arm-none-eabi/lib/thumb/v7e-m+fp/hard\libcr_c.a(fclose.o)
                0x00004536                fclose
 .text.remove   0x0000458e       0x14 C:/nxp/MCUXpressoIDE_24.12.148/ide/plugins/com.nxp.mcuxpresso.tools.win32_24.12.0.202407110909/tools/bin/../lib/gcc/arm-none-eabi/13.2.1/../../../../arm-none-eabi/lib/thumb/v7e-m+fp/hard\libcr_c.a(remove.o)
                0x0000458e                remove
 .text._do_fflush
                0x000045a2       0x40 C:/nxp/MCUXpressoIDE_24.12.148/ide/plugins/com.nxp.mcuxpresso.tools.win32_24.12.0.202407110909/tools/bin/../lib/gcc/arm-none-eabi/13.2.1/../../../../arm-none-eabi/lib/thumb/v7e-m+fp/hard\libcr_c.a(_do_fflush.o)
                0x000045a2                _do_fflush
 .text.__aeabi_d2iz
                0x000045e2       0x42 C:/nxp/MCUXpressoIDE_24.12.148/ide/plugins/com.nxp.mcuxpresso.tools.win32_24.12.0.202407110909/tools/bin/../lib/gcc/arm-none-eabi/13.2.1/thumb/v7e-m+fp/hard\libcr_eabihelpers.a(double.o)
                0x000045e2                __aeabi_d2iz
 .text.__bhs_ui2d
                0x00004624       0x46 C:/nxp/MCUXpressoIDE_24.12.148/ide/plugins/com.nxp.mcuxpresso.tools.win32_24.12.0.202407110909/tools/bin/../lib/gcc/arm-none-eabi/13.2.1/thumb/v7e-m+fp/hard\libcr_eabihelpers.a(double.o)
                0x00004624                __bhs_ui2d
 .text.__aeabi_i2d
                0x0000466a       0x10 C:/nxp/MCUXpressoIDE_24.12.148/ide/plugins/com.nxp.mcuxpresso.tools.win32_24.12.0.202407110909/tools/bin/../lib/gcc/arm-none-eabi/13.2.1/thumb/v7e-m+fp/hard\libcr_eabihelpers.a(double.o)
                0x0000466a                __aeabi_i2d
 .text.__aeabi_dcmpeq
                0x0000467a       0x30 C:/nxp/MCUXpressoIDE_24.12.148/ide/plugins/com.nxp.mcuxpresso.tools.win32_24.12.0.202407110909/tools/bin/../lib/gcc/arm-none-eabi/13.2.1/thumb/v7e-m+fp/hard\libcr_eabihelpers.a(double.o)
                0x0000467a                __aeabi_dcmpeq
 .text.__aeabi_dcmplt
                0x000046aa       0x56 C:/nxp/MCUXpressoIDE_24.12.148/ide/plugins/com.nxp.mcuxpresso.tools.win32_24.12.0.202407110909/tools/bin/../lib/gcc/arm-none-eabi/13.2.1/thumb/v7e-m+fp/hard\libcr_eabihelpers.a(double.o)
                0x000046aa                __aeabi_dcmplt
 .text.__aeabi_dcmpgt
                0x00004700       0x56 C:/nxp/MCUXpressoIDE_24.12.148/ide/plugins/com.nxp.mcuxpresso.tools.win32_24.12.0.202407110909/tools/bin/../lib/gcc/arm-none-eabi/13.2.1/thumb/v7e-m+fp/hard\libcr_eabihelpers.a(double.o)
                0x00004700                __aeabi_dcmpgt
 .text.__aeabi_dcmple
                0x00004756       0x54 C:/nxp/MCUXpressoIDE_24.12.148/ide/plugins/com.nxp.mcuxpresso.tools.win32_24.12.0.202407110909/tools/bin/../lib/gcc/arm-none-eabi/13.2.1/thumb/v7e-m+fp/hard\libcr_eabihelpers.a(double.o)
                0x00004756                __aeabi_dcmple
 .text.__aeabi_dcmpge
                0x000047aa       0x5a C:/nxp/MCUXpressoIDE_24.12.148/ide/plugins/com.nxp.mcuxpresso.tools.win32_24.12.0.202407110909/tools/bin/../lib/gcc/arm-none-eabi/13.2.1/thumb/v7e-m+fp/hard\libcr_eabihelpers.a(double.o)
                0x000047aa                __aeabi_dcmpge
 .text.__aeabi_memset_lowlevel
                0x00004804       0x32 C:/nxp/MCUXpressoIDE_24.12.148/ide/plugins/com.nxp.mcuxpresso.tools.win32_24.12.0.202407110909/tools/bin/../lib/gcc/arm-none-eabi/13.2.1/thumb/v7e-m+fp/hard\libcr_eabihelpers.a(memcpy.o)
                0x00004804                __aeabi_lowlevel_memset
 .text.__sys_close
                0x00004836        0x6 C:/nxp/MCUXpressoIDE_24.12.148/ide/plugins/com.nxp.mcuxpresso.tools.win32_24.12.0.202407110909/tools/bin/../lib/gcc/arm-none-eabi/13.2.1/../../../../arm-none-eabi/lib/thumb/v7e-m+fp/hard\libcr_nohost_nf.a(__sys_close.o)
                0x00004836                __sys_close
 .text.__sys_flen
                0x0000483c        0x6 C:/nxp/MCUXpressoIDE_24.12.148/ide/plugins/com.nxp.mcuxpresso.tools.win32_24.12.0.202407110909/tools/bin/../lib/gcc/arm-none-eabi/13.2.1/../../../../arm-none-eabi/lib/thumb/v7e-m+fp/hard\libcr_nohost_nf.a(__sys_flen.o)
                0x0000483c                __sys_flen
 .text.__sys_istty
                0x00004842        0x6 C:/nxp/MCUXpressoIDE_24.12.148/ide/plugins/com.nxp.mcuxpresso.tools.win32_24.12.0.202407110909/tools/bin/../lib/gcc/arm-none-eabi/13.2.1/../../../../arm-none-eabi/lib/thumb/v7e-m+fp/hard\libcr_nohost_nf.a(__sys_istty.o)
                0x00004842                __sys_istty
 .text.__sys_remove
                0x00004848        0x6 C:/nxp/MCUXpressoIDE_24.12.148/ide/plugins/com.nxp.mcuxpresso.tools.win32_24.12.0.202407110909/tools/bin/../lib/gcc/arm-none-eabi/13.2.1/../../../../arm-none-eabi/lib/thumb/v7e-m+fp/hard\libcr_nohost_nf.a(__sys_remove.o)
                0x00004848                __sys_remove
 .text.__sys_seek
                0x0000484e        0x6 C:/nxp/MCUXpressoIDE_24.12.148/ide/plugins/com.nxp.mcuxpresso.tools.win32_24.12.0.202407110909/tools/bin/../lib/gcc/arm-none-eabi/13.2.1/../../../../arm-none-eabi/lib/thumb/v7e-m+fp/hard\libcr_nohost_nf.a(__sys_seek.o)
                0x0000484e                __sys_seek
 .text.__sys_tmpnam
                0x00004854        0x6 C:/nxp/MCUXpressoIDE_24.12.148/ide/plugins/com.nxp.mcuxpresso.tools.win32_24.12.0.202407110909/tools/bin/../lib/gcc/arm-none-eabi/13.2.1/../../../../arm-none-eabi/lib/thumb/v7e-m+fp/hard\libcr_nohost_nf.a(__sys_tmpnam.o)
                0x00004854                __sys_tmpnam
 .text.__sys_write
                0x0000485a        0x4 C:/nxp/MCUXpressoIDE_24.12.148/ide/plugins/com.nxp.mcuxpresso.tools.win32_24.12.0.202407110909/tools/bin/../lib/gcc/arm-none-eabi/13.2.1/../../../../arm-none-eabi/lib/thumb/v7e-m+fp/hard\libcr_nohost_nf.a(__sys_write.o)
                0x0000485a                __sys_write
 *(SORT_BY_ALIGNMENT(.rodata) SORT_BY_ALIGNMENT(.rodata.*) SORT_BY_ALIGNMENT(.constdata) SORT_BY_ALIGNMENT(.constdata.*))
 *fill*         0x0000485e        0x2 ff
 .rodata.a2.0   0x00004860       0x40 C:/nxp/MCUXpressoIDE_24.12.148/ide/plugins/com.nxp.mcuxpresso.tools.win32_24.12.0.202407110909/tools/bin/../lib/gcc/arm-none-eabi/13.2.1/../../../../arm-none-eabi/lib/thumb/v7e-m+fp/hard\libcr_c.a(pow.o)
 .rodata.a1.1   0x000048a0       0x88 C:/nxp/MCUXpressoIDE_24.12.148/ide/plugins/com.nxp.mcuxpresso.tools.win32_24.12.0.202407110909/tools/bin/../lib/gcc/arm-none-eabi/13.2.1/../../../../arm-none-eabi/lib/thumb/v7e-m+fp/hard\libcr_c.a(pow.o)
 .rodata.UART_init.str1.4
                0x00004928      0x574 ./source/UART_driver/UART_driver.o
                                  0x8 (size before relaxing)
 .rodata.ADC16_GetChannelConversionValue.str1.4
                0x00004e9c       0x8d ./source/ADC.o
 .rodata.PORT_SetPinConfig.str1.4
                0x00004e9c       0x4f ./source/GPIO.o
 .rodata.PIT_GetDefaultConfig.str1.4
                0x00004e9c       0x56 ./source/pit.o
 .rodata.PIT_SetTimerPeriod.str1.4
                0x00004e9c       0x53 ./source/pit.o
 .rodata.know_command.str1.4
                0x00004e9c       0x21 ./source/thread0.o
 .rodata.s_adc16Bases
                0x00004e9c        0x8 ./drivers/fsl_adc16.o
 .rodata.s_adc16Clocks
                0x00004ea4        0x8 ./drivers/fsl_adc16.o
 .rodata.ADC16_GetInstance.str1.4
                0x00004eac       0x35 ./drivers/fsl_adc16.o
 .rodata.ADC16_Init.str1.4
                0x00004eac       0x20 ./drivers/fsl_adc16.o
 .rodata.ADC16_GetDefaultConfig.str1.4
                0x00004eac       0x21 ./drivers/fsl_adc16.o
 .rodata.ADC16_SetChannelConfig.str1.4
                0x00004eac       0x51 ./drivers/fsl_adc16.o
 .rodata.ADC16_GetChannelStatusFlags.str1.4
                0x00004eac       0x2f ./drivers/fsl_adc16.o
 .rodata.CLOCK_GetMcgExtClkFreq.str1.4
                0x00004eac       0x49 ./drivers/fsl_clock.o
 .rodata.CLOCK_GetOsc0ErClkFreq.str1.4
                0x00004eac       0x1e ./drivers/fsl_clock.o
 .rodata.CLOCK_GetEr32kClkFreq.str1.4
                0x00004eac       0x1f ./drivers/fsl_clock.o
 .rodata.CLOCK_GetPll0Freq.str1.4
                0x00004eac       0x1d ./drivers/fsl_clock.o
 .rodata.CLOCK_EnablePll0.str1.4
                0x00004eac       0x1a ./drivers/fsl_clock.o
 .rodata.CLOCK_SetPbeMode.str1.4
                0x00004eac       0x1a ./drivers/fsl_clock.o
 .rodata.CLOCK_BootToPeeMode.str1.4
                0x00004eac       0x1a ./drivers/fsl_clock.o
 .rodata.fllFactorTable.1
                0x00004eac       0x10 ./drivers/fsl_clock.o
 .rodata.GPIO_PinInit.str1.4
                0x00004ebc       0x20 ./drivers/fsl_gpio.o
 .rodata.PIT_GetInstance.str1.4
                0x00004ebc       0x31 ./drivers/fsl_pit.o
 .rodata.PIT_Init.str1.4
                0x00004ebc       0x1e ./drivers/fsl_pit.o
 .rodata.s_uartBases
                0x00004ebc       0x18 ./drivers/fsl_uart.o
 .rodata.s_uartClock
                0x00004ed4       0x18 ./drivers/fsl_uart.o
 .rodata.UART_GetInstance.str1.4
                0x00004eec       0x2b ./drivers/fsl_uart.o
 .rodata.UART_Init.str1.4
                0x00004eec       0xfb ./drivers/fsl_uart.o
 .rodata.UART_GetDefaultConfig.str1.4
                0x00004eec       0x20 ./drivers/fsl_uart.o
 .rodata.mcgConfig_BOARD_BootClockRUN
                0x00004eec        0xb ./board/clock_config.o
                0x00004eec                mcgConfig_BOARD_BootClockRUN
 *fill*         0x00004ef7        0x1 ff
 .rodata.simConfig_BOARD_BootClockRUN
                0x00004ef8        0x8 ./board/clock_config.o
                0x00004ef8                simConfig_BOARD_BootClockRUN
 .rodata.oscConfig_BOARD_BootClockRUN
                0x00004f00        0x8 ./board/clock_config.o
                0x00004f00                oscConfig_BOARD_BootClockRUN
 .rodata.PORT_SetPinConfig.str1.4
                0x00004f08       0x4f ./board/pin_mux.o
 .rodata.__num_Ciob_streams
                0x00004f08        0x4 C:/nxp/MCUXpressoIDE_24.12.148/ide/plugins/com.nxp.mcuxpresso.tools.win32_24.12.0.202407110909/tools/bin/../lib/gcc/arm-none-eabi/13.2.1/../../../../arm-none-eabi/lib/thumb/v7e-m+fp/hard\libcr_nohost_nf.a(__ciob.o)
                0x00004f08                __num_Ciob_streams
 .rodata.__assertion_failed.str1.1
                0x00004f0c       0x31 C:/nxp/MCUXpressoIDE_24.12.148/ide/plugins/com.nxp.mcuxpresso.tools.win32_24.12.0.202407110909/tools/bin/../lib/gcc/arm-none-eabi/13.2.1/../../../../arm-none-eabi/lib/thumb/v7e-m+fp/hard\libcr_nohost_nf.a(_cr_assert.o)
                                 0x15 (size before relaxing)
 .rodata._Csys_alloc.str1.1
                0x00004f3d       0x18 C:/nxp/MCUXpressoIDE_24.12.148/ide/plugins/com.nxp.mcuxpresso.tools.win32_24.12.0.202407110909/tools/bin/../lib/gcc/arm-none-eabi/13.2.1/../../../../arm-none-eabi/lib/thumb/v7e-m+fp/hard\libcr_c.a(alloc.o)
 .rodata._initio.str1.1
                0x00004f3d        0x4 C:/nxp/MCUXpressoIDE_24.12.148/ide/plugins/com.nxp.mcuxpresso.tools.win32_24.12.0.202407110909/tools/bin/../lib/gcc/arm-none-eabi/13.2.1/../../../../arm-none-eabi/lib/thumb/v7e-m+fp/hard\libcr_c.a(initio.o)
                0x00004f58                        . = ALIGN (0x8)
 *fill*         0x00004f3d        0x3 ff

.glue_7         0x00004f40        0x0
 .glue_7        0x00004f40        0x0 linker stubs

.glue_7t        0x00004f40        0x0
 .glue_7t       0x00004f40        0x0 linker stubs

.vfp11_veneer   0x00004f40        0x0
 .vfp11_veneer  0x00004f40        0x0 linker stubs

.v4_bx          0x00004f40        0x0
 .v4_bx         0x00004f40        0x0 linker stubs

.iplt           0x00004f40        0x0
 .iplt          0x00004f40        0x0 ./startup/startup_mk64f12.o

.rel.dyn        0x00004f40        0x0
 .rel.iplt      0x00004f40        0x0 ./startup/startup_mk64f12.o

.ARM.extab
 *(SORT_BY_ALIGNMENT(.ARM.extab*) SORT_BY_ALIGNMENT(.gnu.linkonce.armextab.*))

.ARM.exidx      0x00004f40        0x0
                0x00004f40                        __exidx_start = .
 *(SORT_BY_ALIGNMENT(.ARM.exidx*) SORT_BY_ALIGNMENT(.gnu.linkonce.armexidx.*))
                0x00004f40                        __exidx_end = .
                0x00004f40                        _etext = .

.m_usb_data
 *(SORT_BY_ALIGNMENT(m_usb_bdt))

.data_RAM2      0x1fff0000        0x0 load address 0x00004f40
 FILL mask 0xff
                [!provide]                        PROVIDE (__start_data_RAM2 = .)
                [!provide]                        PROVIDE (__start_data_SRAM_LOWER = .)
 *(SORT_BY_ALIGNMENT(.ramfunc.$RAM2))
 *(SORT_BY_ALIGNMENT(.ramfunc.$SRAM_LOWER))
 *(SORT_BY_ALIGNMENT(.data.$RAM2))
 *(SORT_BY_ALIGNMENT(.data.$SRAM_LOWER))
 *(SORT_BY_ALIGNMENT(.data.$RAM2.*))
 *(SORT_BY_ALIGNMENT(.data.$SRAM_LOWER.*))
                0x1fff0000                        . = ALIGN (0x8)
                [!provide]                        PROVIDE (__end_data_RAM2 = .)
                [!provide]                        PROVIDE (__end_data_SRAM_LOWER = .)

.data_RAM3      0x14000000        0x0 load address 0x00004f40
 FILL mask 0xff
                [!provide]                        PROVIDE (__start_data_RAM3 = .)
                [!provide]                        PROVIDE (__start_data_FLEX_RAM = .)
 *(SORT_BY_ALIGNMENT(.ramfunc.$RAM3))
 *(SORT_BY_ALIGNMENT(.ramfunc.$FLEX_RAM))
 *(SORT_BY_ALIGNMENT(.data.$RAM3))
 *(SORT_BY_ALIGNMENT(.data.$FLEX_RAM))
 *(SORT_BY_ALIGNMENT(.data.$RAM3.*))
 *(SORT_BY_ALIGNMENT(.data.$FLEX_RAM.*))
                0x14000000                        . = ALIGN (0x8)
                [!provide]                        PROVIDE (__end_data_RAM3 = .)
                [!provide]                        PROVIDE (__end_data_FLEX_RAM = .)

.uninit_RESERVED
                0x20000000        0x0
                0x20000000                        _start_uninit_RESERVED = .
 *(SORT_BY_ALIGNMENT(.bss.$RESERVED*))
                0x20000000                        . = ALIGN (0x8)
                0x20000000                        _end_uninit_RESERVED = .

.data           0x20000000      0x118 load address 0x00004f40
 FILL mask 0xff
                0x20000000                        _data = .
                [!provide]                        PROVIDE (__start_data_RAM = .)
                [!provide]                        PROVIDE (__start_data_SRAM_UPPER = .)
 *(SORT_BY_ALIGNMENT(vtable))
 *(SORT_BY_ALIGNMENT(.ramfunc*))
 *(SORT_BY_ALIGNMENT(CodeQuickAccess))
 *(SORT_BY_ALIGNMENT(DataQuickAccess))
 *(SORT_BY_ALIGNMENT(RamFunction))
 *(SORT_BY_ALIGNMENT(.data*))
 .data.ThreadTable
                0x20000000       0x18 ./source/Proyecto_1.o
                0x20000000                ThreadTable
 .data.comand_option
                0x20000018       0xf2 ./source/thread2.o
 *fill*         0x2000010a        0x2 ff
 .data.s_slowIrcFreq
                0x2000010c        0x4 ./drivers/fsl_clock.o
 .data.s_fastIrcFreq
                0x20000110        0x4 ./drivers/fsl_clock.o
 .data.SystemCoreClock
                0x20000114        0x4 ./device/system_MK64F12.o
                0x20000114                SystemCoreClock
                0x20000118                        . = ALIGN (0x8)
                0x20000118                        _edata = .
                [!provide]                        PROVIDE (__end_data_RAM = .)
                [!provide]                        PROVIDE (__end_data_SRAM_UPPER = .)

.igot.plt       0x20000118        0x0 load address 0x00005058
 .igot.plt      0x20000118        0x0 ./startup/startup_mk64f12.o

.bss_RAM2       0x1fff0000        0x0
                [!provide]                        PROVIDE (__start_bss_RAM2 = .)
                [!provide]                        PROVIDE (__start_bss_SRAM_LOWER = .)
 *(SORT_BY_ALIGNMENT(.bss.$RAM2))
 *(SORT_BY_ALIGNMENT(.bss.$SRAM_LOWER))
 *(SORT_BY_ALIGNMENT(.bss.$RAM2.*))
 *(SORT_BY_ALIGNMENT(.bss.$SRAM_LOWER.*))
                0x1fff0000                        . = ALIGN ((. != 0x0)?0x8:0x1)
                [!provide]                        PROVIDE (__end_bss_RAM2 = .)
                [!provide]                        PROVIDE (__end_bss_SRAM_LOWER = .)

.bss_RAM3       0x14000000        0x0
                [!provide]                        PROVIDE (__start_bss_RAM3 = .)
                [!provide]                        PROVIDE (__start_bss_FLEX_RAM = .)
 *(SORT_BY_ALIGNMENT(.bss.$RAM3))
 *(SORT_BY_ALIGNMENT(.bss.$FLEX_RAM))
 *(SORT_BY_ALIGNMENT(.bss.$RAM3.*))
 *(SORT_BY_ALIGNMENT(.bss.$FLEX_RAM.*))
                0x14000000                        . = ALIGN ((. != 0x0)?0x8:0x1)
                [!provide]                        PROVIDE (__end_bss_RAM3 = .)
                [!provide]                        PROVIDE (__end_bss_FLEX_RAM = .)

.bss            0x20000118      0x148
                0x20000118                        _bss = .
                [!provide]                        PROVIDE (__start_bss_RAM = .)
                [!provide]                        PROVIDE (__start_bss_SRAM_UPPER = .)
 *(SORT_BY_ALIGNMENT(.bss*))
 .bss.adc16ConfigStruct
                0x20000118        0xa ./source/ADC.o
                0x20000118                adc16ConfigStruct
 *fill*         0x20000122        0x2 
 .bss.adc16ChannelConfigStruct
                0x20000124        0x8 ./source/ADC.o
                0x20000124                adc16ChannelConfigStruct
 .bss.ptr_func  0x2000012c        0x4 ./source/pit.o
                0x2000012c                ptr_func
 .bss.command_str
                0x20000130        0xb ./source/thread0.o
 *fill*         0x2000013b        0x1 
 .bss.current_time
                0x2000013c        0x4 ./source/thread1.o
                0x2000013c                current_time
 .bss.toggle_time
                0x20000140        0x4 ./source/thread1.o
                0x20000140                toggle_time
 .bss.temperature
                0x20000144       0x14 ./source/thread2.o
 .bss.g_xtal0Freq
                0x20000158        0x4 ./drivers/fsl_clock.o
                0x20000158                g_xtal0Freq
 .bss.g_xtal32Freq
                0x2000015c        0x4 ./drivers/fsl_clock.o
                0x2000015c                g_xtal32Freq
 .bss.s_i2cHandle
                0x20000160        0xc ./drivers/fsl_i2c.o
 .bss.s_i2cMasterIsr
                0x2000016c        0x4 ./drivers/fsl_i2c.o
 .bss.s_i2cSlaveIsr
                0x20000170        0x4 ./drivers/fsl_i2c.o
 .bss.s_uartHandle
                0x20000174       0x18 ./drivers/fsl_uart.o
                0x20000174                s_uartHandle
 .bss.s_uartIsr
                0x2000018c        0x4 ./drivers/fsl_uart.o
                0x2000018c                s_uartIsr
 .bss.__Ciob    0x20000190       0xb4 C:/nxp/MCUXpressoIDE_24.12.148/ide/plugins/com.nxp.mcuxpresso.tools.win32_24.12.0.202407110909/tools/bin/../lib/gcc/arm-none-eabi/13.2.1/../../../../arm-none-eabi/lib/thumb/v7e-m+fp/hard\libcr_nohost_nf.a(__ciob.o)
                0x20000190                __Ciob
 .bss.errno     0x20000244        0x4 C:/nxp/MCUXpressoIDE_24.12.148/ide/plugins/com.nxp.mcuxpresso.tools.win32_24.12.0.202407110909/tools/bin/../lib/gcc/arm-none-eabi/13.2.1/../../../../arm-none-eabi/lib/thumb/v7e-m+fp/hard\libcr_c.a(errno.o)
                0x20000244                errno
 .bss.__end_of_heap
                0x20000248        0x4 C:/nxp/MCUXpressoIDE_24.12.148/ide/plugins/com.nxp.mcuxpresso.tools.win32_24.12.0.202407110909/tools/bin/../lib/gcc/arm-none-eabi/13.2.1/../../../../arm-none-eabi/lib/thumb/v7e-m+fp/hard\libcr_c.a(__init_alloc.o)
                0x20000248                __end_of_heap
 .bss.__heaps   0x2000024c        0x4 C:/nxp/MCUXpressoIDE_24.12.148/ide/plugins/com.nxp.mcuxpresso.tools.win32_24.12.0.202407110909/tools/bin/../lib/gcc/arm-none-eabi/13.2.1/../../../../arm-none-eabi/lib/thumb/v7e-m+fp/hard\libcr_c.a(__init_alloc.o)
                0x2000024c                __heaps
 .bss.scheduler_event
                0x20000250        0x1 ./source/Proyecto_1.o
                0x20000250                scheduler_event
 .bss.tableCounter.0
                0x20000251        0x1 ./source/Proyecto_1.o
 .bss.command   0x20000252        0x1 ./source/thread0.o
 .bss.data      0x20000253        0x1 ./source/thread0.o
 .bss.new_data  0x20000254        0x1 ./source/thread0.o
 .bss.time      0x20000255        0x1 ./source/thread0.o
 .bss.str_index.0
                0x20000256        0x1 ./source/thread0.o
 .bss.temperature_index
                0x20000257        0x1 ./source/thread2.o
 .bss.adc.0     0x20000258        0x1 ./source/thread2.o
 *(SORT_BY_ALIGNMENT(COMMON))
                0x20000260                        . = ALIGN (0x8)
 *fill*         0x20000259        0x7 
                0x20000260                        _ebss = .
                [!provide]                        PROVIDE (__end_bss_RAM = .)
                [!provide]                        PROVIDE (__end_bss_SRAM_UPPER = .)
                [!provide]                        PROVIDE (end = .)

.noinit_RAM2    0x1fff0000        0x0
                [!provide]                        PROVIDE (__start_noinit_RAM2 = .)
                [!provide]                        PROVIDE (__start_noinit_SRAM_LOWER = .)
 *(SORT_BY_ALIGNMENT(.noinit.$RAM2))
 *(SORT_BY_ALIGNMENT(.noinit.$SRAM_LOWER))
 *(SORT_BY_ALIGNMENT(.noinit.$RAM2.*))
 *(SORT_BY_ALIGNMENT(.noinit.$SRAM_LOWER.*))
                0x1fff0000                        . = ALIGN (0x8)
                [!provide]                        PROVIDE (__end_noinit_RAM2 = .)
                [!provide]                        PROVIDE (__end_noinit_SRAM_LOWER = .)

.noinit_RAM3    0x14000000        0x0
                [!provide]                        PROVIDE (__start_noinit_RAM3 = .)
                [!provide]                        PROVIDE (__start_noinit_FLEX_RAM = .)
 *(SORT_BY_ALIGNMENT(.noinit.$RAM3))
 *(SORT_BY_ALIGNMENT(.noinit.$FLEX_RAM))
 *(SORT_BY_ALIGNMENT(.noinit.$RAM3.*))
 *(SORT_BY_ALIGNMENT(.noinit.$FLEX_RAM.*))
                0x14000000                        . = ALIGN (0x8)
                [!provide]                        PROVIDE (__end_noinit_RAM3 = .)
                [!provide]                        PROVIDE (__end_noinit_FLEX_RAM = .)

.noinit         0x20000260        0x0
                0x20000260                        _noinit = .
                [!provide]                        PROVIDE (__start_noinit_RAM = .)
                [!provide]                        PROVIDE (__start_noinit_SRAM_UPPER = .)
 *(SORT_BY_ALIGNMENT(.noinit*))
                0x20000260                        . = ALIGN (0x8)
                0x20000260                        _end_noinit = .
                [!provide]                        PROVIDE (__end_noinit_RAM = .)
                [!provide]                        PROVIDE (__end_noinit_SRAM_UPPER = .)
                0x00001000                        _HeapSize = 0x1000

.heap           0x20000260     0x1000
                0x20000260                        _pvHeapStart = .
                0x20001260                        . = (. + _HeapSize)
 *fill*         0x20000260     0x1000 
                0x20001260                        . = ALIGN (0x8)
                0x20001260                        _pvHeapLimit = .
                0x00001000                        _StackSize = 0x1000

.heap2stackfill
                0x20001260     0x1000
                0x20002260                        . = (. + _StackSize)
 *fill*         0x20001260     0x1000 

.stack          0x2002f000        0x0
                0x2002f000                        _vStackBase = .
                0x2002f000                        . = ALIGN (0x8)
                0x20030000                        _vStackTop = (. + _StackSize)
                0x00000000                        _image_start = LOADADDR (.text)
                0x00005058                        _image_end = (LOADADDR (.data) + SIZEOF (.data))
                0x00005058                        _image_size = (_image_end - _image_start)
OUTPUT(Proyecto_1.axf elf32-littlearm)
LOAD linker stubs

.debug_info     0x00000000    0x16233
 .debug_info    0x00000000      0xd01 ./startup/startup_mk64f12.o
 .debug_info    0x00000d01      0xaa2 ./source/UART_driver/UART_driver.o
 .debug_info    0x000017a3      0x917 ./source/ADC.o
 .debug_info    0x000020ba      0x9ba ./source/GPIO.o
 .debug_info    0x00002a74      0x50e ./source/Proyecto_1.o
 .debug_info    0x00002f82      0xc22 ./source/pit.o
 .debug_info    0x00003ba4       0x3c ./source/semihost_hardfault.o
 .debug_info    0x00003be0      0x80a ./source/thread0.o
 .debug_info    0x000043ea      0x452 ./source/thread1.o
 .debug_info    0x0000483c      0x5d8 ./source/thread2.o
 .debug_info    0x00004e14      0xebb ./drivers/fsl_adc16.o
 .debug_info    0x00005ccf     0x21e2 ./drivers/fsl_clock.o
 .debug_info    0x00007eb1      0x6bb ./drivers/fsl_gpio.o
 .debug_info    0x0000856c     0x1ed1 ./drivers/fsl_i2c.o
 .debug_info    0x0000a43d      0x78a ./drivers/fsl_pit.o
 .debug_info    0x0000abc7     0x1fcf ./drivers/fsl_uart.o
 .debug_info    0x0000cb96      0x649 ./device/system_MK64F12.o
 .debug_info    0x0000d1df      0xdd4 ./board/clock_config.o
 .debug_info    0x0000dfb3      0xc84 ./board/pin_mux.o
 .debug_info    0x0000ec37       0x85 C:/nxp/MCUXpressoIDE_24.12.148/ide/plugins/com.nxp.mcuxpresso.tools.win32_24.12.0.202407110909/tools/bin/../lib/gcc/arm-none-eabi/13.2.1/../../../../arm-none-eabi/lib/thumb/v7e-m+fp/hard\libcr_nohost_nf.a(_cr__main.o)
 .debug_info    0x0000ecbc      0x235 C:/nxp/MCUXpressoIDE_24.12.148/ide/plugins/com.nxp.mcuxpresso.tools.win32_24.12.0.202407110909/tools/bin/../lib/gcc/arm-none-eabi/13.2.1/../../../../arm-none-eabi/lib/thumb/v7e-m+fp/hard\libcr_nohost_nf.a(_cr_assert.o)
 .debug_info    0x0000eef1      0x18b C:/nxp/MCUXpressoIDE_24.12.148/ide/plugins/com.nxp.mcuxpresso.tools.win32_24.12.0.202407110909/tools/bin/../lib/gcc/arm-none-eabi/13.2.1/../../../../arm-none-eabi/lib/thumb/v7e-m+fp/hard\libcr_nohost_nf.a(__ciob.o)
 .debug_info    0x0000f07c       0x38 C:/nxp/MCUXpressoIDE_24.12.148/ide/plugins/com.nxp.mcuxpresso.tools.win32_24.12.0.202407110909/tools/bin/../lib/gcc/arm-none-eabi/13.2.1/../../../../arm-none-eabi/lib/thumb/v7e-m+fp/hard\libcr_nohost_nf.a(__sys_appexit.o)
 .debug_info    0x0000f0b4       0xfc C:/nxp/MCUXpressoIDE_24.12.148/ide/plugins/com.nxp.mcuxpresso.tools.win32_24.12.0.202407110909/tools/bin/../lib/gcc/arm-none-eabi/13.2.1/../../../../arm-none-eabi/lib/thumb/v7e-m+fp/hard\libcr_c.a(memset.o)
 .debug_info    0x0000f1b0      0x369 C:/nxp/MCUXpressoIDE_24.12.148/ide/plugins/com.nxp.mcuxpresso.tools.win32_24.12.0.202407110909/tools/bin/../lib/gcc/arm-none-eabi/13.2.1/../../../../arm-none-eabi/lib/thumb/v7e-m+fp/hard\libcr_c.a(_deferredlazyseek.o)
 .debug_info    0x0000f519      0x1e3 C:/nxp/MCUXpressoIDE_24.12.148/ide/plugins/com.nxp.mcuxpresso.tools.win32_24.12.0.202407110909/tools/bin/../lib/gcc/arm-none-eabi/13.2.1/../../../../arm-none-eabi/lib/thumb/v7e-m+fp/hard\libcr_c.a(_fflush.o)
 .debug_info    0x0000f6fc      0x289 C:/nxp/MCUXpressoIDE_24.12.148/ide/plugins/com.nxp.mcuxpresso.tools.win32_24.12.0.202407110909/tools/bin/../lib/gcc/arm-none-eabi/13.2.1/../../../../arm-none-eabi/lib/thumb/v7e-m+fp/hard\libcr_c.a(_writebuf.o)
 .debug_info    0x0000f985      0x520 C:/nxp/MCUXpressoIDE_24.12.148/ide/plugins/com.nxp.mcuxpresso.tools.win32_24.12.0.202407110909/tools/bin/../lib/gcc/arm-none-eabi/13.2.1/../../../../arm-none-eabi/lib/thumb/v7e-m+fp/hard\libcr_c.a(alloc.o)
 .debug_info    0x0000fea5       0x44 C:/nxp/MCUXpressoIDE_24.12.148/ide/plugins/com.nxp.mcuxpresso.tools.win32_24.12.0.202407110909/tools/bin/../lib/gcc/arm-none-eabi/13.2.1/../../../../arm-none-eabi/lib/thumb/v7e-m+fp/hard\libcr_c.a(errno.o)
 .debug_info    0x0000fee9      0x1e0 C:/nxp/MCUXpressoIDE_24.12.148/ide/plugins/com.nxp.mcuxpresso.tools.win32_24.12.0.202407110909/tools/bin/../lib/gcc/arm-none-eabi/13.2.1/../../../../arm-none-eabi/lib/thumb/v7e-m+fp/hard\libcr_c.a(fputs.o)
 .debug_info    0x000100c9      0x276 C:/nxp/MCUXpressoIDE_24.12.148/ide/plugins/com.nxp.mcuxpresso.tools.win32_24.12.0.202407110909/tools/bin/../lib/gcc/arm-none-eabi/13.2.1/../../../../arm-none-eabi/lib/thumb/v7e-m+fp/hard\libcr_c.a(fseek.o)
 .debug_info    0x0001033f      0x197 C:/nxp/MCUXpressoIDE_24.12.148/ide/plugins/com.nxp.mcuxpresso.tools.win32_24.12.0.202407110909/tools/bin/../lib/gcc/arm-none-eabi/13.2.1/../../../../arm-none-eabi/lib/thumb/v7e-m+fp/hard\libcr_c.a(ftell.o)
 .debug_info    0x000104d6      0x339 C:/nxp/MCUXpressoIDE_24.12.148/ide/plugins/com.nxp.mcuxpresso.tools.win32_24.12.0.202407110909/tools/bin/../lib/gcc/arm-none-eabi/13.2.1/../../../../arm-none-eabi/lib/thumb/v7e-m+fp/hard\libcr_c.a(initio.o)
 .debug_info    0x0001080f      0x625 C:/nxp/MCUXpressoIDE_24.12.148/ide/plugins/com.nxp.mcuxpresso.tools.win32_24.12.0.202407110909/tools/bin/../lib/gcc/arm-none-eabi/13.2.1/../../../../arm-none-eabi/lib/thumb/v7e-m+fp/hard\libcr_c.a(pow.o)
 .debug_info    0x00010e34      0x1fd C:/nxp/MCUXpressoIDE_24.12.148/ide/plugins/com.nxp.mcuxpresso.tools.win32_24.12.0.202407110909/tools/bin/../lib/gcc/arm-none-eabi/13.2.1/../../../../arm-none-eabi/lib/thumb/v7e-m+fp/hard\libcr_c.a(setvbuf.o)
 .debug_info    0x00011031       0xfe C:/nxp/MCUXpressoIDE_24.12.148/ide/plugins/com.nxp.mcuxpresso.tools.win32_24.12.0.202407110909/tools/bin/../lib/gcc/arm-none-eabi/13.2.1/../../../../arm-none-eabi/lib/thumb/v7e-m+fp/hard\libcr_c.a(strcmp.o)
 .debug_info    0x0001112f       0xe1 C:/nxp/MCUXpressoIDE_24.12.148/ide/plugins/com.nxp.mcuxpresso.tools.win32_24.12.0.202407110909/tools/bin/../lib/gcc/arm-none-eabi/13.2.1/../../../../arm-none-eabi/lib/thumb/v7e-m+fp/hard\libcr_c.a(strlen.o)
 .debug_info    0x00011210       0xd4 C:/nxp/MCUXpressoIDE_24.12.148/ide/plugins/com.nxp.mcuxpresso.tools.win32_24.12.0.202407110909/tools/bin/../lib/gcc/arm-none-eabi/13.2.1/../../../../arm-none-eabi/lib/thumb/v7e-m+fp/hard\libcr_c.a(__init_alloc.o)
 .debug_info    0x000112e4      0x107 C:/nxp/MCUXpressoIDE_24.12.148/ide/plugins/com.nxp.mcuxpresso.tools.win32_24.12.0.202407110909/tools/bin/../lib/gcc/arm-none-eabi/13.2.1/../../../../arm-none-eabi/lib/thumb/v7e-m+fp/hard\libcr_c.a(_cr_sbrk.o)
 .debug_info    0x000113eb      0x24b C:/nxp/MCUXpressoIDE_24.12.148/ide/plugins/com.nxp.mcuxpresso.tools.win32_24.12.0.202407110909/tools/bin/../lib/gcc/arm-none-eabi/13.2.1/../../../../arm-none-eabi/lib/thumb/v7e-m+fp/hard\libcr_c.a(_fdopen.o)
 .debug_info    0x00011636      0x318 C:/nxp/MCUXpressoIDE_24.12.148/ide/plugins/com.nxp.mcuxpresso.tools.win32_24.12.0.202407110909/tools/bin/../lib/gcc/arm-none-eabi/13.2.1/../../../../arm-none-eabi/lib/thumb/v7e-m+fp/hard\libcr_c.a(fclose.o)
 .debug_info    0x0001194e      0x209 C:/nxp/MCUXpressoIDE_24.12.148/ide/plugins/com.nxp.mcuxpresso.tools.win32_24.12.0.202407110909/tools/bin/../lib/gcc/arm-none-eabi/13.2.1/../../../../arm-none-eabi/lib/thumb/v7e-m+fp/hard\libcr_c.a(fflush.o)
 .debug_info    0x00011b57      0x166 C:/nxp/MCUXpressoIDE_24.12.148/ide/plugins/com.nxp.mcuxpresso.tools.win32_24.12.0.202407110909/tools/bin/../lib/gcc/arm-none-eabi/13.2.1/../../../../arm-none-eabi/lib/thumb/v7e-m+fp/hard\libcr_c.a(frexp.o)
 .debug_info    0x00011cbd      0x14e C:/nxp/MCUXpressoIDE_24.12.148/ide/plugins/com.nxp.mcuxpresso.tools.win32_24.12.0.202407110909/tools/bin/../lib/gcc/arm-none-eabi/13.2.1/../../../../arm-none-eabi/lib/thumb/v7e-m+fp/hard\libcr_c.a(ldexp.o)
 .debug_info    0x00011e0b      0x1d7 C:/nxp/MCUXpressoIDE_24.12.148/ide/plugins/com.nxp.mcuxpresso.tools.win32_24.12.0.202407110909/tools/bin/../lib/gcc/arm-none-eabi/13.2.1/../../../../arm-none-eabi/lib/thumb/v7e-m+fp/hard\libcr_c.a(remove.o)
 .debug_info    0x00011fe2       0x78 C:/nxp/MCUXpressoIDE_24.12.148/ide/plugins/com.nxp.mcuxpresso.tools.win32_24.12.0.202407110909/tools/bin/../lib/gcc/arm-none-eabi/13.2.1/../../../../arm-none-eabi/lib/thumb/v7e-m+fp/hard\libcr_c.a(_cr_check_heap.o)
 .debug_info    0x0001205a      0x23a C:/nxp/MCUXpressoIDE_24.12.148/ide/plugins/com.nxp.mcuxpresso.tools.win32_24.12.0.202407110909/tools/bin/../lib/gcc/arm-none-eabi/13.2.1/../../../../arm-none-eabi/lib/thumb/v7e-m+fp/hard\libcr_c.a(_do_fflush.o)
 .debug_info    0x00012294     0x2135 C:/nxp/MCUXpressoIDE_24.12.148/ide/plugins/com.nxp.mcuxpresso.tools.win32_24.12.0.202407110909/tools/bin/../lib/gcc/arm-none-eabi/13.2.1/thumb/v7e-m+fp/hard\libcr_eabihelpers.a(double.o)
 .debug_info    0x000143c9     0x1b04 C:/nxp/MCUXpressoIDE_24.12.148/ide/plugins/com.nxp.mcuxpresso.tools.win32_24.12.0.202407110909/tools/bin/../lib/gcc/arm-none-eabi/13.2.1/thumb/v7e-m+fp/hard\libcr_eabihelpers.a(float.o)
 .debug_info    0x00015ecd       0x6a C:/nxp/MCUXpressoIDE_24.12.148/ide/plugins/com.nxp.mcuxpresso.tools.win32_24.12.0.202407110909/tools/bin/../lib/gcc/arm-none-eabi/13.2.1/../../../../arm-none-eabi/lib/thumb/v7e-m+fp/hard\libcr_nohost_nf.a(__sys_close.o)
 .debug_info    0x00015f37       0x6a C:/nxp/MCUXpressoIDE_24.12.148/ide/plugins/com.nxp.mcuxpresso.tools.win32_24.12.0.202407110909/tools/bin/../lib/gcc/arm-none-eabi/13.2.1/../../../../arm-none-eabi/lib/thumb/v7e-m+fp/hard\libcr_nohost_nf.a(__sys_flen.o)
 .debug_info    0x00015fa1       0x6a C:/nxp/MCUXpressoIDE_24.12.148/ide/plugins/com.nxp.mcuxpresso.tools.win32_24.12.0.202407110909/tools/bin/../lib/gcc/arm-none-eabi/13.2.1/../../../../arm-none-eabi/lib/thumb/v7e-m+fp/hard\libcr_nohost_nf.a(__sys_istty.o)
 .debug_info    0x0001600b       0x8a C:/nxp/MCUXpressoIDE_24.12.148/ide/plugins/com.nxp.mcuxpresso.tools.win32_24.12.0.202407110909/tools/bin/../lib/gcc/arm-none-eabi/13.2.1/../../../../arm-none-eabi/lib/thumb/v7e-m+fp/hard\libcr_nohost_nf.a(__sys_remove.o)
 .debug_info    0x00016095       0x78 C:/nxp/MCUXpressoIDE_24.12.148/ide/plugins/com.nxp.mcuxpresso.tools.win32_24.12.0.202407110909/tools/bin/../lib/gcc/arm-none-eabi/13.2.1/../../../../arm-none-eabi/lib/thumb/v7e-m+fp/hard\libcr_nohost_nf.a(__sys_seek.o)
 .debug_info    0x0001610d       0x93 C:/nxp/MCUXpressoIDE_24.12.148/ide/plugins/com.nxp.mcuxpresso.tools.win32_24.12.0.202407110909/tools/bin/../lib/gcc/arm-none-eabi/13.2.1/../../../../arm-none-eabi/lib/thumb/v7e-m+fp/hard\libcr_nohost_nf.a(__sys_tmpnam.o)
 .debug_info    0x000161a0       0x93 C:/nxp/MCUXpressoIDE_24.12.148/ide/plugins/com.nxp.mcuxpresso.tools.win32_24.12.0.202407110909/tools/bin/../lib/gcc/arm-none-eabi/13.2.1/../../../../arm-none-eabi/lib/thumb/v7e-m+fp/hard\libcr_nohost_nf.a(__sys_write.o)

.debug_abbrev   0x00000000     0x4f47
 .debug_abbrev  0x00000000      0x17a ./startup/startup_mk64f12.o
 .debug_abbrev  0x0000017a      0x2a8 ./source/UART_driver/UART_driver.o
 .debug_abbrev  0x00000422      0x1be ./source/ADC.o
 .debug_abbrev  0x000005e0      0x2bd ./source/GPIO.o
 .debug_abbrev  0x0000089d      0x175 ./source/Proyecto_1.o
 .debug_abbrev  0x00000a12      0x2ef ./source/pit.o
 .debug_abbrev  0x00000d01       0x31 ./source/semihost_hardfault.o
 .debug_abbrev  0x00000d32      0x290 ./source/thread0.o
 .debug_abbrev  0x00000fc2      0x125 ./source/thread1.o
 .debug_abbrev  0x000010e7      0x18d ./source/thread2.o
 .debug_abbrev  0x00001274      0x2a4 ./drivers/fsl_adc16.o
 .debug_abbrev  0x00001518      0x378 ./drivers/fsl_clock.o
 .debug_abbrev  0x00001890      0x1a5 ./drivers/fsl_gpio.o
 .debug_abbrev  0x00001a35      0x392 ./drivers/fsl_i2c.o
 .debug_abbrev  0x00001dc7      0x20a ./drivers/fsl_pit.o
 .debug_abbrev  0x00001fd1      0x45d ./drivers/fsl_uart.o
 .debug_abbrev  0x0000242e      0x148 ./device/system_MK64F12.o
 .debug_abbrev  0x00002576      0x279 ./board/clock_config.o
 .debug_abbrev  0x000027ef      0x2b5 ./board/pin_mux.o
 .debug_abbrev  0x00002aa4       0x70 C:/nxp/MCUXpressoIDE_24.12.148/ide/plugins/com.nxp.mcuxpresso.tools.win32_24.12.0.202407110909/tools/bin/../lib/gcc/arm-none-eabi/13.2.1/../../../../arm-none-eabi/lib/thumb/v7e-m+fp/hard\libcr_nohost_nf.a(_cr__main.o)
 .debug_abbrev  0x00002b14      0x12f C:/nxp/MCUXpressoIDE_24.12.148/ide/plugins/com.nxp.mcuxpresso.tools.win32_24.12.0.202407110909/tools/bin/../lib/gcc/arm-none-eabi/13.2.1/../../../../arm-none-eabi/lib/thumb/v7e-m+fp/hard\libcr_nohost_nf.a(_cr_assert.o)
 .debug_abbrev  0x00002c43       0xb5 C:/nxp/MCUXpressoIDE_24.12.148/ide/plugins/com.nxp.mcuxpresso.tools.win32_24.12.0.202407110909/tools/bin/../lib/gcc/arm-none-eabi/13.2.1/../../../../arm-none-eabi/lib/thumb/v7e-m+fp/hard\libcr_nohost_nf.a(__ciob.o)
 .debug_abbrev  0x00002cf8       0x2e C:/nxp/MCUXpressoIDE_24.12.148/ide/plugins/com.nxp.mcuxpresso.tools.win32_24.12.0.202407110909/tools/bin/../lib/gcc/arm-none-eabi/13.2.1/../../../../arm-none-eabi/lib/thumb/v7e-m+fp/hard\libcr_nohost_nf.a(__sys_appexit.o)
 .debug_abbrev  0x00002d26       0xa8 C:/nxp/MCUXpressoIDE_24.12.148/ide/plugins/com.nxp.mcuxpresso.tools.win32_24.12.0.202407110909/tools/bin/../lib/gcc/arm-none-eabi/13.2.1/../../../../arm-none-eabi/lib/thumb/v7e-m+fp/hard\libcr_c.a(memset.o)
 .debug_abbrev  0x00002dce      0x152 C:/nxp/MCUXpressoIDE_24.12.148/ide/plugins/com.nxp.mcuxpresso.tools.win32_24.12.0.202407110909/tools/bin/../lib/gcc/arm-none-eabi/13.2.1/../../../../arm-none-eabi/lib/thumb/v7e-m+fp/hard\libcr_c.a(_deferredlazyseek.o)
 .debug_abbrev  0x00002f20       0xf1 C:/nxp/MCUXpressoIDE_24.12.148/ide/plugins/com.nxp.mcuxpresso.tools.win32_24.12.0.202407110909/tools/bin/../lib/gcc/arm-none-eabi/13.2.1/../../../../arm-none-eabi/lib/thumb/v7e-m+fp/hard\libcr_c.a(_fflush.o)
 .debug_abbrev  0x00003011      0x126 C:/nxp/MCUXpressoIDE_24.12.148/ide/plugins/com.nxp.mcuxpresso.tools.win32_24.12.0.202407110909/tools/bin/../lib/gcc/arm-none-eabi/13.2.1/../../../../arm-none-eabi/lib/thumb/v7e-m+fp/hard\libcr_c.a(_writebuf.o)
 .debug_abbrev  0x00003137      0x284 C:/nxp/MCUXpressoIDE_24.12.148/ide/plugins/com.nxp.mcuxpresso.tools.win32_24.12.0.202407110909/tools/bin/../lib/gcc/arm-none-eabi/13.2.1/../../../../arm-none-eabi/lib/thumb/v7e-m+fp/hard\libcr_c.a(alloc.o)
 .debug_abbrev  0x000033bb       0x44 C:/nxp/MCUXpressoIDE_24.12.148/ide/plugins/com.nxp.mcuxpresso.tools.win32_24.12.0.202407110909/tools/bin/../lib/gcc/arm-none-eabi/13.2.1/../../../../arm-none-eabi/lib/thumb/v7e-m+fp/hard\libcr_c.a(errno.o)
 .debug_abbrev  0x000033ff      0x10c C:/nxp/MCUXpressoIDE_24.12.148/ide/plugins/com.nxp.mcuxpresso.tools.win32_24.12.0.202407110909/tools/bin/../lib/gcc/arm-none-eabi/13.2.1/../../../../arm-none-eabi/lib/thumb/v7e-m+fp/hard\libcr_c.a(fputs.o)
 .debug_abbrev  0x0000350b      0x11b C:/nxp/MCUXpressoIDE_24.12.148/ide/plugins/com.nxp.mcuxpresso.tools.win32_24.12.0.202407110909/tools/bin/../lib/gcc/arm-none-eabi/13.2.1/../../../../arm-none-eabi/lib/thumb/v7e-m+fp/hard\libcr_c.a(fseek.o)
 .debug_abbrev  0x00003626       0xc2 C:/nxp/MCUXpressoIDE_24.12.148/ide/plugins/com.nxp.mcuxpresso.tools.win32_24.12.0.202407110909/tools/bin/../lib/gcc/arm-none-eabi/13.2.1/../../../../arm-none-eabi/lib/thumb/v7e-m+fp/hard\libcr_c.a(ftell.o)
 .debug_abbrev  0x000036e8      0x169 C:/nxp/MCUXpressoIDE_24.12.148/ide/plugins/com.nxp.mcuxpresso.tools.win32_24.12.0.202407110909/tools/bin/../lib/gcc/arm-none-eabi/13.2.1/../../../../arm-none-eabi/lib/thumb/v7e-m+fp/hard\libcr_c.a(initio.o)
 .debug_abbrev  0x00003851      0x129 C:/nxp/MCUXpressoIDE_24.12.148/ide/plugins/com.nxp.mcuxpresso.tools.win32_24.12.0.202407110909/tools/bin/../lib/gcc/arm-none-eabi/13.2.1/../../../../arm-none-eabi/lib/thumb/v7e-m+fp/hard\libcr_c.a(pow.o)
 .debug_abbrev  0x0000397a       0xe1 C:/nxp/MCUXpressoIDE_24.12.148/ide/plugins/com.nxp.mcuxpresso.tools.win32_24.12.0.202407110909/tools/bin/../lib/gcc/arm-none-eabi/13.2.1/../../../../arm-none-eabi/lib/thumb/v7e-m+fp/hard\libcr_c.a(setvbuf.o)
 .debug_abbrev  0x00003a5b       0xa1 C:/nxp/MCUXpressoIDE_24.12.148/ide/plugins/com.nxp.mcuxpresso.tools.win32_24.12.0.202407110909/tools/bin/../lib/gcc/arm-none-eabi/13.2.1/../../../../arm-none-eabi/lib/thumb/v7e-m+fp/hard\libcr_c.a(strcmp.o)
 .debug_abbrev  0x00003afc       0xa7 C:/nxp/MCUXpressoIDE_24.12.148/ide/plugins/com.nxp.mcuxpresso.tools.win32_24.12.0.202407110909/tools/bin/../lib/gcc/arm-none-eabi/13.2.1/../../../../arm-none-eabi/lib/thumb/v7e-m+fp/hard\libcr_c.a(strlen.o)
 .debug_abbrev  0x00003ba3       0xaf C:/nxp/MCUXpressoIDE_24.12.148/ide/plugins/com.nxp.mcuxpresso.tools.win32_24.12.0.202407110909/tools/bin/../lib/gcc/arm-none-eabi/13.2.1/../../../../arm-none-eabi/lib/thumb/v7e-m+fp/hard\libcr_c.a(__init_alloc.o)
 .debug_abbrev  0x00003c52       0xd3 C:/nxp/MCUXpressoIDE_24.12.148/ide/plugins/com.nxp.mcuxpresso.tools.win32_24.12.0.202407110909/tools/bin/../lib/gcc/arm-none-eabi/13.2.1/../../../../arm-none-eabi/lib/thumb/v7e-m+fp/hard\libcr_c.a(_cr_sbrk.o)
 .debug_abbrev  0x00003d25      0x119 C:/nxp/MCUXpressoIDE_24.12.148/ide/plugins/com.nxp.mcuxpresso.tools.win32_24.12.0.202407110909/tools/bin/../lib/gcc/arm-none-eabi/13.2.1/../../../../arm-none-eabi/lib/thumb/v7e-m+fp/hard\libcr_c.a(_fdopen.o)
 .debug_abbrev  0x00003e3e      0x155 C:/nxp/MCUXpressoIDE_24.12.148/ide/plugins/com.nxp.mcuxpresso.tools.win32_24.12.0.202407110909/tools/bin/../lib/gcc/arm-none-eabi/13.2.1/../../../../arm-none-eabi/lib/thumb/v7e-m+fp/hard\libcr_c.a(fclose.o)
 .debug_abbrev  0x00003f93      0x125 C:/nxp/MCUXpressoIDE_24.12.148/ide/plugins/com.nxp.mcuxpresso.tools.win32_24.12.0.202407110909/tools/bin/../lib/gcc/arm-none-eabi/13.2.1/../../../../arm-none-eabi/lib/thumb/v7e-m+fp/hard\libcr_c.a(fflush.o)
 .debug_abbrev  0x000040b8      0x114 C:/nxp/MCUXpressoIDE_24.12.148/ide/plugins/com.nxp.mcuxpresso.tools.win32_24.12.0.202407110909/tools/bin/../lib/gcc/arm-none-eabi/13.2.1/../../../../arm-none-eabi/lib/thumb/v7e-m+fp/hard\libcr_c.a(frexp.o)
 .debug_abbrev  0x000041cc      0x106 C:/nxp/MCUXpressoIDE_24.12.148/ide/plugins/com.nxp.mcuxpresso.tools.win32_24.12.0.202407110909/tools/bin/../lib/gcc/arm-none-eabi/13.2.1/../../../../arm-none-eabi/lib/thumb/v7e-m+fp/hard\libcr_c.a(ldexp.o)
 .debug_abbrev  0x000042d2       0xfb C:/nxp/MCUXpressoIDE_24.12.148/ide/plugins/com.nxp.mcuxpresso.tools.win32_24.12.0.202407110909/tools/bin/../lib/gcc/arm-none-eabi/13.2.1/../../../../arm-none-eabi/lib/thumb/v7e-m+fp/hard\libcr_c.a(remove.o)
 .debug_abbrev  0x000043cd       0x6b C:/nxp/MCUXpressoIDE_24.12.148/ide/plugins/com.nxp.mcuxpresso.tools.win32_24.12.0.202407110909/tools/bin/../lib/gcc/arm-none-eabi/13.2.1/../../../../arm-none-eabi/lib/thumb/v7e-m+fp/hard\libcr_c.a(_cr_check_heap.o)
 .debug_abbrev  0x00004438      0x12c C:/nxp/MCUXpressoIDE_24.12.148/ide/plugins/com.nxp.mcuxpresso.tools.win32_24.12.0.202407110909/tools/bin/../lib/gcc/arm-none-eabi/13.2.1/../../../../arm-none-eabi/lib/thumb/v7e-m+fp/hard\libcr_c.a(_do_fflush.o)
 .debug_abbrev  0x00004564      0x378 C:/nxp/MCUXpressoIDE_24.12.148/ide/plugins/com.nxp.mcuxpresso.tools.win32_24.12.0.202407110909/tools/bin/../lib/gcc/arm-none-eabi/13.2.1/thumb/v7e-m+fp/hard\libcr_eabihelpers.a(double.o)
 .debug_abbrev  0x000048dc      0x381 C:/nxp/MCUXpressoIDE_24.12.148/ide/plugins/com.nxp.mcuxpresso.tools.win32_24.12.0.202407110909/tools/bin/../lib/gcc/arm-none-eabi/13.2.1/thumb/v7e-m+fp/hard\libcr_eabihelpers.a(float.o)
 .debug_abbrev  0x00004c5d       0x5c C:/nxp/MCUXpressoIDE_24.12.148/ide/plugins/com.nxp.mcuxpresso.tools.win32_24.12.0.202407110909/tools/bin/../lib/gcc/arm-none-eabi/13.2.1/../../../../arm-none-eabi/lib/thumb/v7e-m+fp/hard\libcr_nohost_nf.a(__sys_close.o)
 .debug_abbrev  0x00004cb9       0x5c C:/nxp/MCUXpressoIDE_24.12.148/ide/plugins/com.nxp.mcuxpresso.tools.win32_24.12.0.202407110909/tools/bin/../lib/gcc/arm-none-eabi/13.2.1/../../../../arm-none-eabi/lib/thumb/v7e-m+fp/hard\libcr_nohost_nf.a(__sys_flen.o)
 .debug_abbrev  0x00004d15       0x5c C:/nxp/MCUXpressoIDE_24.12.148/ide/plugins/com.nxp.mcuxpresso.tools.win32_24.12.0.202407110909/tools/bin/../lib/gcc/arm-none-eabi/13.2.1/../../../../arm-none-eabi/lib/thumb/v7e-m+fp/hard\libcr_nohost_nf.a(__sys_istty.o)
 .debug_abbrev  0x00004d71       0x7d C:/nxp/MCUXpressoIDE_24.12.148/ide/plugins/com.nxp.mcuxpresso.tools.win32_24.12.0.202407110909/tools/bin/../lib/gcc/arm-none-eabi/13.2.1/../../../../arm-none-eabi/lib/thumb/v7e-m+fp/hard\libcr_nohost_nf.a(__sys_remove.o)
 .debug_abbrev  0x00004dee       0x6d C:/nxp/MCUXpressoIDE_24.12.148/ide/plugins/com.nxp.mcuxpresso.tools.win32_24.12.0.202407110909/tools/bin/../lib/gcc/arm-none-eabi/13.2.1/../../../../arm-none-eabi/lib/thumb/v7e-m+fp/hard\libcr_nohost_nf.a(__sys_seek.o)
 .debug_abbrev  0x00004e5b       0x76 C:/nxp/MCUXpressoIDE_24.12.148/ide/plugins/com.nxp.mcuxpresso.tools.win32_24.12.0.202407110909/tools/bin/../lib/gcc/arm-none-eabi/13.2.1/../../../../arm-none-eabi/lib/thumb/v7e-m+fp/hard\libcr_nohost_nf.a(__sys_tmpnam.o)
 .debug_abbrev  0x00004ed1       0x76 C:/nxp/MCUXpressoIDE_24.12.148/ide/plugins/com.nxp.mcuxpresso.tools.win32_24.12.0.202407110909/tools/bin/../lib/gcc/arm-none-eabi/13.2.1/../../../../arm-none-eabi/lib/thumb/v7e-m+fp/hard\libcr_nohost_nf.a(__sys_write.o)

.debug_loc      0x00000000     0x7681
 .debug_loc     0x00000000      0x1f9 ./startup/startup_mk64f12.o
 .debug_loc     0x000001f9       0x45 C:/nxp/MCUXpressoIDE_24.12.148/ide/plugins/com.nxp.mcuxpresso.tools.win32_24.12.0.202407110909/tools/bin/../lib/gcc/arm-none-eabi/13.2.1/../../../../arm-none-eabi/lib/thumb/v7e-m+fp/hard\libcr_nohost_nf.a(_cr_assert.o)