C:\Projects_K64\Sistemas Operativos\Ejercicio_pantalla_freertos_hello\CMSIS/core_cm4.h:1679:22:__NVIC_EnableIRQ	16	static
C:\Projects_K64\Sistemas Operativos\Ejercicio_pantalla_freertos_hello\drivers/fsl_clock.h:668:20:CLOCK_EnableClock	24	static
C:\Projects_K64\Sistemas Operativos\Ejercicio_pantalla_freertos_hello\drivers/fsl_common_arm.h:499:24:EnableIRQ	24	static
C:\Projects_K64\Sistemas Operativos\Ejercicio_pantalla_freertos_hello\drivers/fsl_port.h:271:20:PORT_SetPinConfig	32	static
C:\Projects_K64\Sistemas Operativos\Ejercicio_pantalla_freertos_hello\drivers/fsl_port.h:443:20:PORT_SetPinInterruptConfig	24	static
C:\Projects_K64\Sistemas Operativos\Ejercicio_pantalla_freertos_hello\drivers/fsl_port.h:520:20:PORT_ClearPinsInterruptFlags	16	static
C:\Projects_K64\Sistemas Operativos\Ejercicio_pantalla_freertos_hello\drivers/fsl_gpio.h:244:24:GPIO_PinRead	16	static
../source/GPIO.c:3:6:GPIO_config	16	static
../source/GPIO.c:40:6:Read_SW2	8	static
