C:\Projects_K64\Sistemas Operativos\Proyecto_1\drivers/fsl_clock.h:668:20:CLOCK_EnableClock	24	static
C:\Projects_K64\Sistemas Operativos\Proyecto_1\drivers/fsl_port.h:271:20:PORT_SetPinConfig	32	static
C:\Projects_K64\Sistemas Operativos\Proyecto_1\drivers/fsl_port.h:374:20:PORT_SetPinMux	24	static
C:\Projects_K64\Sistemas Operativos\Proyecto_1\drivers/fsl_gpio.h:162:20:GPIO_PinWrite	24	static
C:\Projects_K64\Sistemas Operativos\Proyecto_1\drivers/fsl_gpio.h:244:24:GPIO_PinRead	16	static
../source/GPIO.c:9:6:GPIO_config	24	static
../source/GPIO.c:60:6:Read_SW2	8	static
../source/GPIO.c:64:6:Read_SW3	8	static
../source/GPIO.c:68:6:LED_On	16	static
../source/GPIO.c:82:6:LED_Off	16	static
../source/GPIO.c:96:6:LED_Toggle	32	static
