C:\Projects_K64\Sistemas Operativos\Proyecto_1\CMSIS/core_cm4.h:1679:22:__NVIC_EnableIRQ	16	static
C:\Projects_K64\Sistemas Operativos\Proyecto_1\drivers/fsl_common_arm.h:499:24:EnableIRQ	24	static
C:\Projects_K64\Sistemas Operativos\Proyecto_1\drivers/fsl_pit.h:105:20:PIT_GetDefaultConfig	16	static
C:\Projects_K64\Sistemas Operativos\Proyecto_1\drivers/fsl_pit.h:159:20:PIT_EnableInterrupts	24	static
C:\Projects_K64\Sistemas Operativos\Proyecto_1\drivers/fsl_pit.h:220:20:PIT_ClearStatusFlags	24	static
C:\Projects_K64\Sistemas Operativos\Proyecto_1\drivers/fsl_pit.h:246:20:PIT_SetTimerPeriod	24	static
C:\Projects_K64\Sistemas Operativos\Proyecto_1\drivers/fsl_pit.h:288:20:PIT_StartTimer	16	static
../source/pit.c:8:6:set_callback_PIT	16	static
../source/pit.c:12:6:set_callback_PIT1	16	static
../source/pit.c:16:6:PIT0_IRQHandler	8	static
../source/pit.c:25:6:PIT1_IRQHandler	8	static
../source/pit.c:31:6:PIT_init	24	static
../source/pit.c:49:6:PIT_init_PIT1	16	static
