Archive member included to satisfy reference by file (symbol)

C:/nxp/MCUXpressoIDE_24.12.148/ide/plugins/com.nxp.mcuxpresso.tools.win32_24.12.0.202407110909/tools/bin/../lib/gcc/arm-none-eabi/13.2.1/../../../../arm-none-eabi/lib/thumb/v7e-m+fp/hard\libcr_nohost_nf.a(_cr__main.o)
                              ./startup/startup_mk64f12.o (__main)
C:/nxp/MCUXpressoIDE_24.12.148/ide/plugins/com.nxp.mcuxpresso.tools.win32_24.12.0.202407110909/tools/bin/../lib/gcc/arm-none-eabi/13.2.1/../../../../arm-none-eabi/lib/thumb/v7e-m+fp/hard\libcr_c.a(memcpy.o)
                              ./utilities/fsl_str.o (memcpy)
C:/nxp/MCUXpressoIDE_24.12.148/ide/plugins/com.nxp.mcuxpresso.tools.win32_24.12.0.202407110909/tools/bin/../lib/gcc/arm-none-eabi/13.2.1/../../../../arm-none-eabi/lib/thumb/v7e-m+fp/hard\libcr_c.a(memset.o)
                              ./utilities/fsl_debug_console.o (memset)
C:/nxp/MCUXpressoIDE_24.12.148/ide/plugins/com.nxp.mcuxpresso.tools.win32_24.12.0.202407110909/tools/bin/../lib/gcc/arm-none-eabi/13.2.1/../../../../arm-none-eabi/lib/thumb/v7e-m+fp/hard\libcr_c.a(alloc.o)
                              ./drivers/fsl_common.o (malloc)
C:/nxp/MCUXpressoIDE_24.12.148/ide/plugins/com.nxp.mcuxpresso.tools.win32_24.12.0.202407110909/tools/bin/../lib/gcc/arm-none-eabi/13.2.1/../../../../arm-none-eabi/lib/thumb/v7e-m+fp/hard\libcr_c.a(errno.o)
                              ./utilities/fsl_str.o (errno)
C:/nxp/MCUXpressoIDE_24.12.148/ide/plugins/com.nxp.mcuxpresso.tools.win32_24.12.0.202407110909/tools/bin/../lib/gcc/arm-none-eabi/13.2.1/../../../../arm-none-eabi/lib/thumb/v7e-m+fp/hard\libcr_c.a(initio.o)
                              C:/nxp/MCUXpressoIDE_24.12.148/ide/plugins/com.nxp.mcuxpresso.tools.win32_24.12.0.202407110909/tools/bin/../lib/gcc/arm-none-eabi/13.2.1/../../../../arm-none-eabi/lib/thumb/v7e-m+fp/hard\libcr_nohost_nf.a(_cr__main.o) (_initio)
C:/nxp/MCUXpressoIDE_24.12.148/ide/plugins/com.nxp.mcuxpresso.tools.win32_24.12.0.202407110909/tools/bin/../lib/gcc/arm-none-eabi/13.2.1/../../../../arm-none-eabi/lib/thumb/v7e-m+fp/hard\libcr_c.a(scanf.o)
                              ./utilities/fsl_str.o (strtoul)
C:/nxp/MCUXpressoIDE_24.12.148/ide/plugins/com.nxp.mcuxpresso.tools.win32_24.12.0.202407110909/tools/bin/../lib/gcc/arm-none-eabi/13.2.1/../../../../arm-none-eabi/lib/thumb/v7e-m+fp/hard\libcr_c.a(setvbuf.o)
                              C:/nxp/MCUXpressoIDE_24.12.148/ide/plugins/com.nxp.mcuxpresso.tools.win32_24.12.0.202407110909/tools/bin/../lib/gcc/arm-none-eabi/13.2.1/../../../../arm-none-eabi/lib/thumb/v7e-m+fp/hard\libcr_c.a(initio.o) (setvbuf)
C:/nxp/MCUXpressoIDE_24.12.148/ide/plugins/com.nxp.mcuxpresso.tools.win32_24.12.0.202407110909/tools/bin/../lib/gcc/arm-none-eabi/13.2.1/../../../../arm-none-eabi/lib/thumb/v7e-m+fp/hard\libcr_c.a(strlen.o)
                              ./utilities/fsl_str.o (strlen)
C:/nxp/MCUXpressoIDE_24.12.148/ide/plugins/com.nxp.mcuxpresso.tools.win32_24.12.0.202407110909/tools/bin/../lib/gcc/arm-none-eabi/13.2.1/../../../../arm-none-eabi/lib/thumb/v7e-m+fp/hard\libcr_c.a(ungetc.o)
                              C:/nxp/MCUXpressoIDE_24.12.148/ide/plugins/com.nxp.mcuxpresso.tools.win32_24.12.0.202407110909/tools/bin/../lib/gcc/arm-none-eabi/13.2.1/../../../../arm-none-eabi/lib/thumb/v7e-m+fp/hard\libcr_c.a(scanf.o) (ungetc)
C:/nxp/MCUXpressoIDE_24.12.148/ide/plugins/com.nxp.mcuxpresso.tools.win32_24.12.0.202407110909/tools/bin/../lib/gcc/arm-none-eabi/13.2.1/../../../../arm-none-eabi/lib/thumb/v7e-m+fp/hard\libcr_c.a(__fillbuf.o)
                              C:/nxp/MCUXpressoIDE_24.12.148/ide/plugins/com.nxp.mcuxpresso.tools.win32_24.12.0.202407110909/tools/bin/../lib/gcc/arm-none-eabi/13.2.1/../../../../arm-none-eabi/lib/thumb/v7e-m+fp/hard\libcr_c.a(scanf.o) (__filbuf)
C:/nxp/MCUXpressoIDE_24.12.148/ide/plugins/com.nxp.mcuxpresso.tools.win32_24.12.0.202407110909/tools/bin/../lib/gcc/arm-none-eabi/13.2.1/../../../../arm-none-eabi/lib/thumb/v7e-m+fp/hard\libcr_c.a(__init_alloc.o)
                              C:/nxp/MCUXpressoIDE_24.12.148/ide/plugins/com.nxp.mcuxpresso.tools.win32_24.12.0.202407110909/tools/bin/../lib/gcc/arm-none-eabi/13.2.1/../../../../arm-none-eabi/lib/thumb/v7e-m+fp/hard\libcr_c.a(alloc.o) (__heaps)
C:/nxp/MCUXpressoIDE_24.12.148/ide/plugins/com.nxp.mcuxpresso.tools.win32_24.12.0.202407110909/tools/bin/../lib/gcc/arm-none-eabi/13.2.1/../../../../arm-none-eabi/lib/thumb/v7e-m+fp/hard\libcr_c.a(_cr_sbrk.o)
                              C:/nxp/MCUXpressoIDE_24.12.148/ide/plugins/com.nxp.mcuxpresso.tools.win32_24.12.0.202407110909/tools/bin/../lib/gcc/arm-none-eabi/13.2.1/../../../../arm-none-eabi/lib/thumb/v7e-m+fp/hard\libcr_c.a(alloc.o) (_sbrk)
C:/nxp/MCUXpressoIDE_24.12.148/ide/plugins/com.nxp.mcuxpresso.tools.win32_24.12.0.202407110909/tools/bin/../lib/gcc/arm-none-eabi/13.2.1/../../../../arm-none-eabi/lib/thumb/v7e-m+fp/hard\libcr_c.a(_deferredlazyseek.o)
[...]
Memory Configuration

Name             Origin             Length             Attributes
PROGRAM_FLASH    0x00000000         0x00100000         xr
SRAM_UPPER       0x20000000         0x00030000         xrw
SRAM_LOWER       0x1fff0000         0x00010000         xrw
FLEX_RAM         0x14000000         0x00001000         xrw
*default*        0x00000000         0xffffffff

Linker script and memory map

LOAD ./utilities/fsl_assert.o
LOAD ./utilities/fsl_debug_console.o
LOAD ./utilities/fsl_str.o
LOAD ./startup/startup_mk64f12.o
LOAD ./source/UART_driver/UART_driver.o
LOAD ./source/freertos_uart.o
LOAD ./source/semihost_hardfault.o
LOAD ./freertos/freertos_kernel/portable/MemMang/heap_4.o
LOAD ./freertos/freertos_kernel/portable/GCC/ARM_CM4F/port.o
LOAD ./freertos/freertos_kernel/croutine.o
LOAD ./freertos/freertos_kernel/event_groups.o
LOAD ./freertos/freertos_kernel/list.o
LOAD ./freertos/freertos_kernel/queue.o
LOAD ./freertos/freertos_kernel/stream_buffer.o
LOAD ./freertos/freertos_kernel/tasks.o
LOAD ./freertos/freertos_kernel/timers.o
LOAD ./drivers/freertos/fsl_uart_freertos.o
LOAD ./drivers/fsl_clock.o
LOAD ./drivers/fsl_common.o
LOAD ./drivers/fsl_common_arm.o
LOAD ./drivers/fsl_ftfx_cache.o
LOAD ./drivers/fsl_ftfx_controller.o
LOAD ./drivers/fsl_ftfx_flash.o
LOAD ./drivers/fsl_ftfx_flexnvm.o
LOAD ./drivers/fsl_gpio.o
LOAD ./drivers/fsl_smc.o
LOAD ./drivers/fsl_uart.o
LOAD ./device/system_MK64F12.o
LOAD ./component/uart/fsl_adapter_uart.o
LOAD ./component/serial_manager/fsl_component_serial_manager.o
LOAD ./component/serial_manager/fsl_component_serial_port_uart.o
LOAD ./component/lists/fsl_component_generic_list.o
LOAD ./board/board.o
LOAD ./board/clock_config.o
LOAD ./board/pin_mux.o
START GROUP
LOAD C:/nxp/MCUXpressoIDE_24.12.148/ide/plugins/com.nxp.mcuxpresso.tools.win32_24.12.0.202407110909/tools/bin/../lib/gcc/arm-none-eabi/13.2.1/../../../../arm-none-eabi/lib/thumb/v7e-m+fp/hard\libcr_nohost_nf.a
LOAD C:/nxp/MCUXpressoIDE_24.12.148/ide/plugins/com.nxp.mcuxpresso.tools.win32_24.12.0.202407110909/tools/bin/../lib/gcc/arm-none-eabi/13.2.1/../../../../arm-none-eabi/lib/thumb/v7e-m+fp/hard\libcr_c.a
LOAD C:/nxp/MCUXpressoIDE_24.12.148/ide/plugins/com.nxp.mcuxpresso.tools.win32_24.12.0.202407110909/tools/bin/../lib/gcc/arm-none-eabi/13.2.1/thumb/v7e-m+fp/hard\libcr_eabihelpers.a
LOAD C:/nxp/MCUXpressoIDE_24.12.148/ide/plugins/com.nxp.mcuxpresso.tools.win32_24.12.0.202407110909/tools/bin/../lib/gcc/arm-none-eabi/13.2.1/thumb/v7e-m+fp/hard\libgcc.a
END GROUP
                0x00000000                        __base_PROGRAM_FLASH = 0x0
                0x00000000                        __base_Flash = 0x0
                0x00100000                        __top_PROGRAM_FLASH = 0x100000
                0x00100000                        __top_Flash = 0x100000
                0x20000000                        __base_SRAM_UPPER = 0x20000000
                0x20000000                        __base_RAM = 0x20000000
                0x20030000                        __top_SRAM_UPPER = 0x20030000
                0x20030000                        __top_RAM = 0x20030000
                0x1fff0000                        __base_SRAM_LOWER = 0x1fff0000
                0x1fff0000                        __base_RAM2 = 0x1fff0000
                0x20000000                        __top_SRAM_LOWER = 0x20000000
                0x20000000                        __top_RAM2 = 0x20000000
                0x14000000                        __base_FLEX_RAM = 0x14000000
                0x14000000                        __base_RAM3 = 0x14000000
                0x14001000                        __top_FLEX_RAM = 0x14001000
                0x14001000                        __top_RAM3 = 0x14001000

.text           0x00000000     0x5a18
 FILL mask 0xff
                0x00000000                        __vectors_start__ = ABSOLUTE (.)
 *(SORT_BY_ALIGNMENT(.isr_vector))
 .isr_vector    0x00000000      0x198 ./startup/startup_mk64f12.o
                0x00000000                g_pfnVectors
                0x00000000                __Vectors
                0x00000198                        . = ALIGN (0x4)
                0x00000198                        __section_table_start = .
                0x00000198                        __data_section_table = .
                0x00000198        0x4 LONG 0x5a18 LOADADDR (.data)
                0x0000019c        0x4 LONG 0x20000000 ADDR (.data)
                0x000001a0        0x4 LONG 0x10 SIZEOF (.data)
                0x000001a4        0x4 LONG 0x5a18 LOADADDR (.data_RAM2)
                0x000001a8        0x4 LONG 0x1fff0000 ADDR (.data_RAM2)
                0x000001ac        0x4 LONG 0x0 SIZEOF (.data_RAM2)
                0x000001b0        0x4 LONG 0x5a18 LOADADDR (.data_RAM3)
                0x000001b4        0x4 LONG 0x14000000 ADDR (.data_RAM3)
                0x000001b8        0x4 LONG 0x0 SIZEOF (.data_RAM3)
                0x000001bc                        __data_section_table_end = .
                0x000001bc                        __bss_section_table = .
                0x000001bc        0x4 LONG 0x20000010 ADDR (.bss)
                0x000001c0        0x4 LONG 0x2ab0 SIZEOF (.bss)
                0x000001c4        0x4 LONG 0x1fff0000 ADDR (.bss_RAM2)
                0x000001c8        0x4 LONG 0x0 SIZEOF (.bss_RAM2)
                0x000001cc        0x4 LONG 0x14000000 ADDR (.bss_RAM3)
                0x000001d0        0x4 LONG 0x0 SIZEOF (.bss_RAM3)
                0x000001d4                        __bss_section_table_end = .
                0x000001d4                        __section_table_end = .
 *(SORT_BY_ALIGNMENT(.after_vectors*))
 .after_vectors.reset
                0x000001d4       0x4c ./startup/startup_mk64f12.o
                0x000001d4                ResetISR
 .after_vectors.init_data
                0x00000220       0x1e ./startup/startup_mk64f12.o
                0x00000220                data_init
 .after_vectors.init_bss
                0x0000023e       0x12 ./startup/startup_mk64f12.o
                0x0000023e                bss_init
 .after_vectors
                0x00000250       0x14 ./startup/startup_mk64f12.o
                0x00000250                NMI_Handler
                0x00000254                MemManage_Handler
                0x00000256                BusFault_Handler
                0x00000258                UsageFault_Handler
                0x0000025c                DebugMon_Handler
                0x00000262                LPTMR0_DriverIRQHandler
                0x00000262                DMA_Error_DriverIRQHandler
                0x00000262                SPI1_DriverIRQHandler
                0x00000262                FTM1_DriverIRQHandler
                0x00000262                FTM2_DriverIRQHandler
                0x00000262                PIT2_DriverIRQHandler
                0x00000262                SDHC_DriverIRQHandler
                0x00000262                I2S0_Tx_DriverIRQHandler
                0x00000262                RTC_Seconds_DriverIRQHandler
                0x00000262                DMA6_DriverIRQHandler
                0x00000262                LLWU_DriverIRQHandler
                0x00000262                MCM_DriverIRQHandler
                0x00000262                MCG_DriverIRQHandler
                0x00000262                ENET_1588_Timer_DriverIRQHandler
                0x00000262                I2C2_DriverIRQHandler
                0x00000262                DAC1_DriverIRQHandler
                0x00000262                DMA12_DriverIRQHandler
                0x00000262                CMP1_DriverIRQHandler
                0x00000262                FTM0_DriverIRQHandler
                0x00000262                IntDefaultHandler
                0x00000262                USB0_DriverIRQHandler
                0x00000262                UART5_ERR_DriverIRQHandler
                0x00000262                PORTC_DriverIRQHandler
                0x00000262                DMA11_DriverIRQHandler
                0x00000262                DAC0_DriverIRQHandler
                0x00000262                DMA10_DriverIRQHandler
                0x00000262                CMP2_DriverIRQHandler
                0x00000262                UART2_ERR_DriverIRQHandler
                0x00000262                SPI2_DriverIRQHandler
                0x00000262                LVD_LVW_DriverIRQHandler
                0x00000262                PIT0_DriverIRQHandler
                0x00000262                PORTB_DriverIRQHandler
                0x00000262                DMA5_DriverIRQHandler
                0x00000262                DMA4_DriverIRQHandler
                0x00000262                USBDCD_DriverIRQHandler
                0x00000262                UART3_ERR_DriverIRQHandler
                0x00000262                DMA3_DriverIRQHandler
                0x00000262                DMA8_DriverIRQHandler
                0x00000262                DMA9_DriverIRQHandler
                0x00000262                UART0_ERR_DriverIRQHandler
                0x00000262                CMT_DriverIRQHandler
                0x00000262                Reserved71_DriverIRQHandler
                0x00000262                ADC1_DriverIRQHandler
                0x00000262                PORTA_DriverIRQHandler
                0x00000262                DMA14_DriverIRQHandler
                0x00000262                PIT3_DriverIRQHandler
                0x00000262                PIT1_DriverIRQHandler
                0x00000262                WDOG_EWM_DriverIRQHandler
                0x00000262                PDB0_DriverIRQHandler
                0x00000262                RTC_DriverIRQHandler
                0x00000262                I2S0_Rx_DriverIRQHandler
                0x00000262                Read_Collision_DriverIRQHandler
                0x00000262                SWI_DriverIRQHandler
                0x00000262                UART4_ERR_DriverIRQHandler
                0x00000262                DMA0_DriverIRQHandler
                0x00000262                UART0_LON_DriverIRQHandler
                0x00000262                DMA1_DriverIRQHandler
                0x00000262                I2C1_DriverIRQHandler
                0x00000262                ENET_Receive_DriverIRQHandler
                0x00000262                DMA13_DriverIRQHandler
                0x00000262                ENET_Error_DriverIRQHandler
                0x00000262                DMA15_DriverIRQHandler
                0x00000262                SPI0_DriverIRQHandler
                0x00000262                ADC0_DriverIRQHandler
                0x00000262                CMP0_DriverIRQHandler
                0x00000262                CAN0_DriverIRQHandler
                0x00000262                FTM3_DriverIRQHandler
                0x00000262                RNG_DriverIRQHandler
                0x00000262                UART1_ERR_DriverIRQHandler
                0x00000262                DMA2_DriverIRQHandler
                0x00000262                ENET_Transmit_DriverIRQHandler
                0x00000262                PORTD_DriverIRQHandler
                0x00000262                PORTE_DriverIRQHandler
                0x00000262                FTFE_DriverIRQHandler
                0x00000262                I2C0_DriverIRQHandler
                0x00000262                DMA7_DriverIRQHandler
                0x00000400                        . = 0x400
 *fill*         0x00000264      0x19c ff
                0x00000400                        PROVIDE (__FLASH_CONFIG_START__ = .)
 *(SORT_BY_ALIGNMENT(.FlashConfig))
 .FlashConfig   0x00000400       0x10 ./startup/startup_mk64f12.o
                0x00000400                Flash_Config
                0x00000410                        PROVIDE (__FLASH_CONFIG_END__ = .)
                0x00000001                        ASSERT (! ((__FLASH_CONFIG_START__ == __FLASH_CONFIG_END__)), Linker Flash Config Support Enabled, but no .FlashConfig section provided within application)
 *(SORT_BY_ALIGNMENT(.text*))
 .text.SVC_Handler
                0x00000410       0x28 ./freertos/freertos_kernel/portable/GCC/ARM_CM4F/port.o
                0x00000410                SVC_Handler
 *fill*         0x00000438        0x8 ff
 .text.PendSV_Handler
                0x00000440       0x68 ./freertos/freertos_kernel/portable/GCC/ARM_CM4F/port.o
                0x00000440                PendSV_Handler
 .text.__assertion_failed
                0x000004a8       0x18 ./utilities/fsl_assert.o
                0x000004a8                __assertion_failed
 .text.DbgConsole_SendDataReliable
                0x000004c0       0x54 ./utilities/fsl_debug_console.o
                0x000004c0                DbgConsole_SendDataReliable
 .text.DbgConsole_Vprintf
                0x00000514       0x68 ./utilities/fsl_debug_console.o
                0x00000514                DbgConsole_Vprintf
 .text.__NVIC_EnableIRQ
                0x0000057c       0x3c ./source/UART_driver/UART_driver.o
 .text.UART_init
                0x000005b8       0x6c ./source/UART_driver/UART_driver.o
                0x000005b8                UART_init
 .text.UART_TX  0x00000624       0x24 ./source/UART_driver/UART_driver.o
                0x00000624                UART_TX
 .text.__NVIC_SetPriority
                0x00000648       0x54 ./source/freertos_uart.o
 .text.main     0x0000069c       0x64 ./source/freertos_uart.o
                0x0000069c                main
 .text.uart_task
                0x00000700       0x30 ./source/freertos_uart.o
 .text.UART0_RX_TX_IRQHandler
                0x00000730       0x64 ./source/freertos_uart.o
                0x00000730                UART0_RX_TX_IRQHandler
 .text.pvPortMalloc
                0x00000794      0x1c0 ./freertos/freertos_kernel/portable/MemMang/heap_4.o
                0x00000794                pvPortMalloc
 .text.vPortFree
                0x00000954       0xc4 ./freertos/freertos_kernel/portable/MemMang/heap_4.o
                0x00000954                vPortFree
 .text.prvHeapInit
                0x00000a18       0xc4 ./freertos/freertos_kernel/portable/MemMang/heap_4.o
 .text.prvInsertBlockIntoFreeList
                0x00000adc       0xb4 ./freertos/freertos_kernel/portable/MemMang/heap_4.o
 .text.pxPortInitialiseStack
                0x00000b90       0x68 ./freertos/freertos_kernel/portable/GCC/ARM_CM4F/port.o
                0x00000b90                pxPortInitialiseStack
 .text.prvTaskExitError
                0x00000bf8       0x58 ./freertos/freertos_kernel/portable/GCC/ARM_CM4F/port.o
 .text.prvPortStartFirstTask
                0x00000c50       0x2c ./freertos/freertos_kernel/portable/GCC/ARM_CM4F/port.o
 .text.xPortStartScheduler
                0x00000c7c      0x144 ./freertos/freertos_kernel/portable/GCC/ARM_CM4F/port.o
                0x00000c7c                xPortStartScheduler
 .text.vPortEnterCritical
                0x00000dc0       0x60 ./freertos/freertos_kernel/portable/GCC/ARM_CM4F/port.o
                0x00000dc0                vPortEnterCritical
 .text.vPortExitCritical
                0x00000e20       0x54 ./freertos/freertos_kernel/portable/GCC/ARM_CM4F/port.o
                0x00000e20                vPortExitCritical
 .text.SysTick_Handler
                0x00000e74       0x44 ./freertos/freertos_kernel/portable/GCC/ARM_CM4F/port.o
                0x00000e74                SysTick_Handler
 .text.vPortSetupTimerInterrupt
                0x00000eb8       0x48 ./freertos/freertos_kernel/portable/GCC/ARM_CM4F/port.o
                0x00000eb8                vPortSetupTimerInterrupt
 .text.vPortEnableVFP
                0x00000f00       0x18 ./freertos/freertos_kernel/portable/GCC/ARM_CM4F/port.o
 .text.vPortValidateInterruptPriority
                0x00000f18       0x80 ./freertos/freertos_kernel/portable/GCC/ARM_CM4F/port.o
                0x00000f18                vPortValidateInterruptPriority
 .text.xQueueGenericReset
                0x00000f98       0xd0 ./freertos/freertos_kernel/queue.o
                0x00000f98                xQueueGenericReset
 .text.xQueueGenericSend
                0x00001068      0x1fc ./freertos/freertos_kernel/queue.o
                0x00001068                xQueueGenericSend
 .text.xQueueReceive
                0x00001264      0x1c0 ./freertos/freertos_kernel/queue.o
                0x00001264                xQueueReceive
 .text.xQueueSemaphoreTake
                0x00001424      0x21c ./freertos/freertos_kernel/queue.o
                0x00001424                xQueueSemaphoreTake
 .text.vQueueAddToRegistry
                0x00001640       0x54 ./freertos/freertos_kernel/queue.o
                0x00001640                vQueueAddToRegistry
 .text.prvAddNewTaskToReadyList
                0x00001694       0xdc ./freertos/freertos_kernel/tasks.o
 .text.vTaskStartScheduler
                0x00001770       0xa4 ./freertos/freertos_kernel/tasks.o
                0x00001770                vTaskStartScheduler
 .text.vTaskSuspendAll
                0x00001814       0x1c ./freertos/freertos_kernel/tasks.o
                0x00001814                vTaskSuspendAll
 .text.xTaskResumeAll
                0x00001830      0x138 ./freertos/freertos_kernel/tasks.o
                0x00001830                xTaskResumeAll
 .text.xTaskGetTickCount
                0x00001968       0x20 ./freertos/freertos_kernel/tasks.o
                0x00001968                xTaskGetTickCount
 .text.xTaskIncrementTick
                0x00001988      0x154 ./freertos/freertos_kernel/tasks.o
                0x00001988                xTaskIncrementTick
 .text.vTaskSwitchContext
                0x00001adc       0xb8 ./freertos/freertos_kernel/tasks.o
                0x00001adc                vTaskSwitchContext
 .text.vTaskPlaceOnEventList
                0x00001b94       0x48 ./freertos/freertos_kernel/tasks.o
                0x00001b94                vTaskPlaceOnEventList
 .text.vTaskPlaceOnEventListRestricted
                0x00001bdc       0x58 ./freertos/freertos_kernel/tasks.o
                0x00001bdc                vTaskPlaceOnEventListRestricted
 .text.xTaskRemoveFromEventList
                0x00001c34       0xc4 ./freertos/freertos_kernel/tasks.o
                0x00001c34                xTaskRemoveFromEventList
 .text.vTaskInternalSetTimeOutState
                0x00001cf8       0x2c ./freertos/freertos_kernel/tasks.o
                0x00001cf8                vTaskInternalSetTimeOutState
 .text.xTaskCheckForTimeOut
                0x00001d24       0xcc ./freertos/freertos_kernel/tasks.o
                0x00001d24                xTaskCheckForTimeOut
 .text.vTaskMissedYield
                0x00001df0       0x18 ./freertos/freertos_kernel/tasks.o
                0x00001df0                vTaskMissedYield
 .text.prvIdleTask
                0x00001e08       0x30 ./freertos/freertos_kernel/tasks.o
 .text.prvInitialiseTaskLists
                0x00001e38       0x80 ./freertos/freertos_kernel/tasks.o
 .text.prvCheckTasksWaitingTermination
                0x00001eb8       0x5c ./freertos/freertos_kernel/tasks.o
 .text.prvResetNextTaskUnblockTime
                0x00001f14       0x38 ./freertos/freertos_kernel/tasks.o
 .text.xTaskGetSchedulerState
                0x00001f4c       0x3c ./freertos/freertos_kernel/tasks.o
                0x00001f4c                xTaskGetSchedulerState
 .text.xTaskPriorityInherit
                0x00001f88       0xec ./freertos/freertos_kernel/tasks.o
                0x00001f88                xTaskPriorityInherit
 .text.xTaskPriorityDisinherit
                0x00002074       0xf4 ./freertos/freertos_kernel/tasks.o
                0x00002074                xTaskPriorityDisinherit
 .text.vTaskPriorityDisinheritAfterTimeout
                0x00002168      0x11c ./freertos/freertos_kernel/tasks.o
                0x00002168                vTaskPriorityDisinheritAfterTimeout
 .text.pvTaskIncrementMutexHeldCount
                0x00002284       0x28 ./freertos/freertos_kernel/tasks.o
                0x00002284                pvTaskIncrementMutexHeldCount
 .text.prvAddCurrentTaskToDelayedList
                0x000022ac       0xcc ./freertos/freertos_kernel/tasks.o
 .text.xTimerCreateTimerTask
                0x00002378       0x64 ./freertos/freertos_kernel/timers.o
                0x00002378                xTimerCreateTimerTask
 .text.xTimerGenericCommand
                0x000023dc       0x9c ./freertos/freertos_kernel/timers.o
                0x000023dc                xTimerGenericCommand
 .text.prvProcessExpiredTimer
                0x00002478       0x98 ./freertos/freertos_kernel/timers.o
 .text.prvProcessTimerOrBlockTask
                0x00002510       0x9c ./freertos/freertos_kernel/timers.o
 .text.prvGetNextExpireTime
                0x000025ac       0x48 ./freertos/freertos_kernel/timers.o
 .text.prvSampleTimeNow
                0x000025f4       0x40 ./freertos/freertos_kernel/timers.o
 .text.prvInsertTimerInActiveList
                0x00002634       0x84 ./freertos/freertos_kernel/timers.o
 .text.prvProcessReceivedCommands
                0x000026b8      0x1c4 ./freertos/freertos_kernel/timers.o
 .text.prvSwitchTimerLists
                0x0000287c       0xc8 ./freertos/freertos_kernel/timers.o
 .text.prvCheckForValidListAndQueue
                0x00002944       0x6c ./freertos/freertos_kernel/timers.o
 .text.CLOCK_SetEr32kClock
                0x000029b0       0x30 ./drivers/fsl_clock.o
 .text.CLOCK_SetPllFllSelClock
                0x000029e0       0x38 ./drivers/fsl_clock.o
 .text.CLOCK_GetMcgExtClkFreq
                0x00002a18       0x7c ./drivers/fsl_clock.o
 .text.CLOCK_GetFllExtRefClkFreq
                0x00002a94       0xb0 ./drivers/fsl_clock.o
 .text.CLOCK_GetInternalRefClkSelectFreq
                0x00002b44       0x4c ./drivers/fsl_clock.o
 .text.CLOCK_GetFllRefClkFreq
                0x00002b90       0x34 ./drivers/fsl_clock.o
 .text.CLOCK_GetOscRangeFromFreq
                0x00002bc4       0x3c ./drivers/fsl_clock.o
 .text.CLOCK_GetOsc0ErClkFreq
                0x00002c00       0x44 ./drivers/fsl_clock.o
                0x00002c00                CLOCK_GetOsc0ErClkFreq
 .text.CLOCK_GetEr32kClkFreq
                0x00002c44       0x74 ./drivers/fsl_clock.o
                0x00002c44                CLOCK_GetEr32kClkFreq
 .text.CLOCK_GetPllFllSelClkFreq
                0x00002cb8       0x54 ./drivers/fsl_clock.o
                0x00002cb8                CLOCK_GetPllFllSelClkFreq
 .text.CLOCK_GetFreq
                0x00002d0c      0x140 ./drivers/fsl_clock.o
                0x00002d0c                CLOCK_GetFreq
 .text.CLOCK_SetSimConfig
                0x00002e4c       0x34 ./drivers/fsl_clock.o
                0x00002e4c                CLOCK_SetSimConfig
 .text.CLOCK_GetOutClkFreq
                0x00002e80       0x64 ./drivers/fsl_clock.o
                0x00002e80                CLOCK_GetOutClkFreq
 .text.CLOCK_GetFllFreq
                0x00002ee4       0x84 ./drivers/fsl_clock.o
                0x00002ee4                CLOCK_GetFllFreq
 .text.CLOCK_GetInternalRefClkFreq
                0x00002f68       0x30 ./drivers/fsl_clock.o
                0x00002f68                CLOCK_GetInternalRefClkFreq
 .text.CLOCK_GetPll0Freq
                0x00002f98       0x78 ./drivers/fsl_clock.o
                0x00002f98                CLOCK_GetPll0Freq
 .text.CLOCK_SetExternalRefClkConfig
                0x00003010       0x6c ./drivers/fsl_clock.o
                0x00003010                CLOCK_SetExternalRefClkConfig
 .text.CLOCK_SetInternalRefClkConfig
                0x0000307c      0x104 ./drivers/fsl_clock.o
                0x0000307c                CLOCK_SetInternalRefClkConfig
 .text.CLOCK_EnablePll0
                0x00003180       0x88 ./drivers/fsl_clock.o
                0x00003180                CLOCK_EnablePll0
 .text.CLOCK_InitOsc0
                0x00003208       0x8c ./drivers/fsl_clock.o
                0x00003208                CLOCK_InitOsc0
 .text.CLOCK_SetPbeMode
                0x00003294       0xa8 ./drivers/fsl_clock.o
                0x00003294                CLOCK_SetPbeMode
 .text.CLOCK_BootToPeeMode
                0x0000333c       0x60 ./drivers/fsl_clock.o
                0x0000333c                CLOCK_BootToPeeMode
 .text.UART_GetInstance
                0x0000339c       0x54 ./drivers/fsl_uart.o
                0x0000339c                UART_GetInstance
 .text.UART_Init
                0x000033f0      0x2f4 ./drivers/fsl_uart.o
                0x000033f0                UART_Init
 .text.UART_GetDefaultConfig
                0x000036e4       0x68 ./drivers/fsl_uart.o
                0x000036e4                UART_GetDefaultConfig
 .text.UART_EnableInterrupts
                0x0000374c       0x70 ./drivers/fsl_uart.o
                0x0000374c                UART_EnableInterrupts
 .text.UART1_DriverIRQHandler
                0x000037bc       0x28 ./drivers/fsl_uart.o
                0x000037bc                UART1_DriverIRQHandler
 .text.UART2_DriverIRQHandler
                0x000037e4       0x28 ./drivers/fsl_uart.o
                0x000037e4                UART2_DriverIRQHandler
 .text.UART3_DriverIRQHandler
                0x0000380c       0x28 ./drivers/fsl_uart.o
                0x0000380c                UART3_DriverIRQHandler
 .text.UART4_DriverIRQHandler
                0x00003834       0x28 ./drivers/fsl_uart.o
                0x00003834                UART4_DriverIRQHandler
 .text.UART5_DriverIRQHandler
                0x0000385c       0x28 ./drivers/fsl_uart.o
                0x0000385c                UART5_DriverIRQHandler
 .text.SystemInit
                0x00003884       0x3c ./device/system_MK64F12.o
                0x00003884                SystemInit
 .text.HAL_UartSendBlocking
                0x000038c0       0x64 ./component/uart/fsl_adapter_uart.o
                0x000038c0                HAL_UartSendBlocking
 .text.CLOCK_SetSimSafeDivs
                0x00003924       0x20 ./board/clock_config.o
 .text.CLOCK_SetXtal0Freq
                0x00003944       0x20 ./board/clock_config.o
 .text.CLOCK_CONFIG_SetFllExtRefDiv
                0x00003964       0x3c ./board/clock_config.o
 .text.BOARD_BootClockRUN
                0x000039a0       0x60 ./board/clock_config.o
                0x000039a0                BOARD_BootClockRUN
 .text.BOARD_InitPins
                0x00003a00       0x44 ./board/pin_mux.o
                0x00003a00                BOARD_InitPins
 .text._initio  0x00003a44       0x78 C:/nxp/MCUXpressoIDE_24.12.148/ide/plugins/com.nxp.mcuxpresso.tools.win32_24.12.0.202407110909/tools/bin/../lib/gcc/arm-none-eabi/13.2.1/../../../../arm-none-eabi/lib/thumb/v7e-m+fp/hard\libcr_c.a(initio.o)
                0x00003a44                _initio
 .text._Cwritebuf
                0x00003abc       0x6c C:/nxp/MCUXpressoIDE_24.12.148/ide/plugins/com.nxp.mcuxpresso.tools.win32_24.12.0.202407110909/tools/bin/../lib/gcc/arm-none-eabi/13.2.1/../../../../arm-none-eabi/lib/thumb/v7e-m+fp/hard\libcr_c.a(_writebuf.o)
                0x00003abc                _Cwritebuf
 .text.fflush   0x00003b28       0x3c C:/nxp/MCUXpressoIDE_24.12.148/ide/plugins/com.nxp.mcuxpresso.tools.win32_24.12.0.202407110909/tools/bin/../lib/gcc/arm-none-eabi/13.2.1/../../../../arm-none-eabi/lib/thumb/v7e-m+fp/hard\libcr_c.a(fflush.o)
                0x00003b28                fflush
 .text.fseek    0x00003b64       0xf8 C:/nxp/MCUXpressoIDE_24.12.148/ide/plugins/com.nxp.mcuxpresso.tools.win32_24.12.0.202407110909/tools/bin/../lib/gcc/arm-none-eabi/13.2.1/../../../../arm-none-eabi/lib/thumb/v7e-m+fp/hard\libcr_c.a(fseek.o)
                0x00003b64                fseek
 .text.ftell    0x00003c5c       0x44 C:/nxp/MCUXpressoIDE_24.12.148/ide/plugins/com.nxp.mcuxpresso.tools.win32_24.12.0.202407110909/tools/bin/../lib/gcc/arm-none-eabi/13.2.1/../../../../arm-none-eabi/lib/thumb/v7e-m+fp/hard\libcr_c.a(ftell.o)
                0x00003c5c                ftell
 .text.DbgConsole_PrintCallback
                0x00003ca0       0x66 ./utilities/fsl_debug_console.o
 .text.DbgConsole_Printf
                0x00003d06       0x2c ./utilities/fsl_debug_console.o
                0x00003d06                DbgConsole_Printf
 .text.PrintGetWidth
                0x00003d32       0x6a ./utilities/fsl_str.o
 .text.PrintGetPrecision
                0x00003d9c       0x8c ./utilities/fsl_str.o
 .text.PrintIsobpu
                0x00003e28       0x38 ./utilities/fsl_str.o
 .text.PrintIsdi
                0x00003e60       0x2c ./utilities/fsl_str.o
 .text.PrintOutputdifFobpu
                0x00003e8c       0x44 ./utilities/fsl_str.o
 .text.PrintOutputxX
                0x00003ed0       0x44 ./utilities/fsl_str.o
 .text.PrintIsfF
                0x00003f14       0x2c ./utilities/fsl_str.o
 .text.PrintIsxX
                0x00003f40       0x2c ./utilities/fsl_str.o
 .text.PrintFilterLengthFlag
                0x00003f6c       0x3e ./utilities/fsl_str.o
 .text.PrintGetRadixFromobpu
                0x00003faa       0x40 ./utilities/fsl_str.o
 .text.ConvertRadixNumToString
                0x00003fea       0xc2 ./utilities/fsl_str.o
 .text.StrFormatPrintf
                0x000040ac      0x2ac ./utilities/fsl_str.o
                0x000040ac                StrFormatPrintf
 .text.DMA0_IRQHandler
                0x00004358        0x8 ./startup/startup_mk64f12.o
                0x00004358                DMA0_IRQHandler
 .text.DMA1_IRQHandler
                0x00004360        0x8 ./startup/startup_mk64f12.o
                0x00004360                DMA1_IRQHandler
 .text.DMA2_IRQHandler
                0x00004368        0x8 ./startup/startup_mk64f12.o
                0x00004368                DMA2_IRQHandler
 .text.DMA3_IRQHandler
                0x00004370        0x8 ./startup/startup_mk64f12.o
                0x00004370                DMA3_IRQHandler
 .text.DMA4_IRQHandler
                0x00004378        0x8 ./startup/startup_mk64f12.o
                0x00004378                DMA4_IRQHandler
 .text.DMA5_IRQHandler
                0x00004380        0x8 ./startup/startup_mk64f12.o
                0x00004380                DMA5_IRQHandler
 .text.DMA6_IRQHandler
                0x00004388        0x8 ./startup/startup_mk64f12.o
                0x00004388                DMA6_IRQHandler
 .text.DMA7_IRQHandler
                0x00004390        0x8 ./startup/startup_mk64f12.o
                0x00004390                DMA7_IRQHandler
 .text.DMA8_IRQHandler
                0x00004398        0x8 ./startup/startup_mk64f12.o
                0x00004398                DMA8_IRQHandler
 .text.DMA9_IRQHandler
                0x000043a0        0x8 ./startup/startup_mk64f12.o
                0x000043a0                DMA9_IRQHandler
 .text.DMA10_IRQHandler
                0x000043a8        0x8 ./startup/startup_mk64f12.o
                0x000043a8                DMA10_IRQHandler
 .text.DMA11_IRQHandler
                0x000043b0        0x8 ./startup/startup_mk64f12.o
                0x000043b0                DMA11_IRQHandler
 .text.DMA12_IRQHandler
                0x000043b8        0x8 ./startup/startup_mk64f12.o
                0x000043b8                DMA12_IRQHandler
 .text.DMA13_IRQHandler
                0x000043c0        0x8 ./startup/startup_mk64f12.o
                0x000043c0                DMA13_IRQHandler
 .text.DMA14_IRQHandler
                0x000043c8        0x8 ./startup/startup_mk64f12.o
                0x000043c8                DMA14_IRQHandler
 .text.DMA15_IRQHandler
                0x000043d0        0x8 ./startup/startup_mk64f12.o
                0x000043d0                DMA15_IRQHandler
 .text.DMA_Error_IRQHandler
                0x000043d8        0x8 ./startup/startup_mk64f12.o
                0x000043d8                DMA_Error_IRQHandler
 .text.MCM_IRQHandler
                0x000043e0        0x8 ./startup/startup_mk64f12.o
                0x000043e0                MCM_IRQHandler
 .text.FTFE_IRQHandler
                0x000043e8        0x8 ./startup/startup_mk64f12.o
                0x000043e8                FTFE_IRQHandler
 .text.Read_Collision_IRQHandler
                0x000043f0        0x8 ./startup/startup_mk64f12.o
                0x000043f0                Read_Collision_IRQHandler
 .text.LVD_LVW_IRQHandler
                0x000043f8        0x8 ./startup/startup_mk64f12.o
                0x000043f8                LVD_LVW_IRQHandler
 .text.LLWU_IRQHandler
                0x00004400        0x8 ./startup/startup_mk64f12.o
                0x00004400                LLWU_IRQHandler
 .text.WDOG_EWM_IRQHandler
                0x00004408        0x8 ./startup/startup_mk64f12.o
                0x00004408                WDOG_EWM_IRQHandler
 .text.RNG_IRQHandler
                0x00004410        0x8 ./startup/startup_mk64f12.o
                0x00004410                RNG_IRQHandler
 .text.I2C0_IRQHandler
                0x00004418        0x8 ./startup/startup_mk64f12.o
                0x00004418                I2C0_IRQHandler
 .text.I2C1_IRQHandler
                0x00004420        0x8 ./startup/startup_mk64f12.o
                0x00004420                I2C1_IRQHandler
 .text.SPI0_IRQHandler
                0x00004428        0x8 ./startup/startup_mk64f12.o
                0x00004428                SPI0_IRQHandler
 .text.SPI1_IRQHandler
                0x00004430        0x8 ./startup/startup_mk64f12.o
                0x00004430                SPI1_IRQHandler
 .text.I2S0_Tx_IRQHandler
                0x00004438        0x8 ./startup/startup_mk64f12.o
                0x00004438                I2S0_Tx_IRQHandler
 .text.I2S0_Rx_IRQHandler
                0x00004440        0x8 ./startup/startup_mk64f12.o
                0x00004440                I2S0_Rx_IRQHandler
 .text.UART0_LON_IRQHandler
                0x00004448        0x8 ./startup/startup_mk64f12.o
                0x00004448                UART0_LON_IRQHandler
 .text.UART0_ERR_IRQHandler
                0x00004450        0x8 ./startup/startup_mk64f12.o
                0x00004450                UART0_ERR_IRQHandler
 .text.UART1_RX_TX_IRQHandler
                0x00004458        0x8 ./startup/startup_mk64f12.o
                0x00004458                UART1_RX_TX_IRQHandler
 .text.UART1_ERR_IRQHandler
                0x00004460        0x8 ./startup/startup_mk64f12.o
                0x00004460                UART1_ERR_IRQHandler
 .text.UART2_RX_TX_IRQHandler
                0x00004468        0x8 ./startup/startup_mk64f12.o
                0x00004468                UART2_RX_TX_IRQHandler
 .text.UART2_ERR_IRQHandler
                0x00004470        0x8 ./startup/startup_mk64f12.o
                0x00004470                UART2_ERR_IRQHandler
 .text.UART3_RX_TX_IRQHandler
                0x00004478        0x8 ./startup/startup_mk64f12.o
                0x00004478                UART3_RX_TX_IRQHandler
 .text.UART3_ERR_IRQHandler
                0x00004480        0x8 ./startup/startup_mk64f12.o
                0x00004480                UART3_ERR_IRQHandler
 .text.ADC0_IRQHandler
                0x00004488        0x8 ./startup/startup_mk64f12.o
                0x00004488                ADC0_IRQHandler
 .text.CMP0_IRQHandler
                0x00004490        0x8 ./startup/startup_mk64f12.o
                0x00004490                CMP0_IRQHandler
 .text.CMP1_IRQHandler
                0x00004498        0x8 ./startup/startup_mk64f12.o
                0x00004498                CMP1_IRQHandler
 .text.FTM0_IRQHandler
                0x000044a0        0x8 ./startup/startup_mk64f12.o
                0x000044a0                FTM0_IRQHandler
 .text.FTM1_IRQHandler
                0x000044a8        0x8 ./startup/startup_mk64f12.o
                0x000044a8                FTM1_IRQHandler
 .text.FTM2_IRQHandler
                0x000044b0        0x8 ./startup/startup_mk64f12.o
                0x000044b0                FTM2_IRQHandler
 .text.CMT_IRQHandler
                0x000044b8        0x8 ./startup/startup_mk64f12.o
                0x000044b8                CMT_IRQHandler
 .text.RTC_IRQHandler
                0x000044c0        0x8 ./startup/startup_mk64f12.o
                0x000044c0                RTC_IRQHandler
 .text.RTC_Seconds_IRQHandler
                0x000044c8        0x8 ./startup/startup_mk64f12.o
                0x000044c8                RTC_Seconds_IRQHandler
 .text.PIT0_IRQHandler
                0x000044d0        0x8 ./startup/startup_mk64f12.o
                0x000044d0                PIT0_IRQHandler
 .text.PIT1_IRQHandler
                0x000044d8        0x8 ./startup/startup_mk64f12.o
                0x000044d8                PIT1_IRQHandler
 .text.PIT2_IRQHandler
                0x000044e0        0x8 ./startup/startup_mk64f12.o
                0x000044e0                PIT2_IRQHandler
 .text.PIT3_IRQHandler
                0x000044e8        0x8 ./startup/startup_mk64f12.o
                0x000044e8                PIT3_IRQHandler
 .text.PDB0_IRQHandler
                0x000044f0        0x8 ./startup/startup_mk64f12.o
                0x000044f0                PDB0_IRQHandler
 .text.USB0_IRQHandler
                0x000044f8        0x8 ./startup/startup_mk64f12.o
                0x000044f8                USB0_IRQHandler
 .text.USBDCD_IRQHandler
                0x00004500        0x8 ./startup/startup_mk64f12.o
                0x00004500                USBDCD_IRQHandler
 .text.Reserved71_IRQHandler
                0x00004508        0x8 ./startup/startup_mk64f12.o
                0x00004508                Reserved71_IRQHandler
 .text.DAC0_IRQHandler
                0x00004510        0x8 ./startup/startup_mk64f12.o
                0x00004510                DAC0_IRQHandler
 .text.MCG_IRQHandler
                0x00004518        0x8 ./startup/startup_mk64f12.o
                0x00004518                MCG_IRQHandler
 .text.LPTMR0_IRQHandler
                0x00004520        0x8 ./startup/startup_mk64f12.o
                0x00004520                LPTMR0_IRQHandler
 .text.PORTA_IRQHandler
                0x00004528        0x8 ./startup/startup_mk64f12.o
                0x00004528                PORTA_IRQHandler
 .text.PORTB_IRQHandler
                0x00004530        0x8 ./startup/startup_mk64f12.o
                0x00004530                PORTB_IRQHandler
 .text.PORTC_IRQHandler
                0x00004538        0x8 ./startup/startup_mk64f12.o
                0x00004538                PORTC_IRQHandler
 .text.PORTD_IRQHandler
                0x00004540        0x8 ./startup/startup_mk64f12.o
                0x00004540                PORTD_IRQHandler
 .text.PORTE_IRQHandler
                0x00004548        0x8 ./startup/startup_mk64f12.o
                0x00004548                PORTE_IRQHandler
 .text.SWI_IRQHandler
                0x00004550        0x8 ./startup/startup_mk64f12.o
                0x00004550                SWI_IRQHandler
 .text.SPI2_IRQHandler
                0x00004558        0x8 ./startup/startup_mk64f12.o
                0x00004558                SPI2_IRQHandler
 .text.UART4_RX_TX_IRQHandler
                0x00004560        0x8 ./startup/startup_mk64f12.o
                0x00004560                UART4_RX_TX_IRQHandler
 .text.UART4_ERR_IRQHandler
                0x00004568        0x8 ./startup/startup_mk64f12.o
                0x00004568                UART4_ERR_IRQHandler
 .text.UART5_RX_TX_IRQHandler
                0x00004570        0x8 ./startup/startup_mk64f12.o
                0x00004570                UART5_RX_TX_IRQHandler
 .text.UART5_ERR_IRQHandler
                0x00004578        0x8 ./startup/startup_mk64f12.o
                0x00004578                UART5_ERR_IRQHandler
 .text.CMP2_IRQHandler
                0x00004580        0x8 ./startup/startup_mk64f12.o
                0x00004580                CMP2_IRQHandler
 .text.FTM3_IRQHandler
                0x00004588        0x8 ./startup/startup_mk64f12.o
                0x00004588                FTM3_IRQHandler
 .text.DAC1_IRQHandler
                0x00004590        0x8 ./startup/startup_mk64f12.o
                0x00004590                DAC1_IRQHandler
 .text.ADC1_IRQHandler
                0x00004598        0x8 ./startup/startup_mk64f12.o
                0x00004598                ADC1_IRQHandler
 .text.I2C2_IRQHandler
                0x000045a0        0x8 ./startup/startup_mk64f12.o
                0x000045a0                I2C2_IRQHandler
 .text.CAN0_ORed_Message_buffer_IRQHandler
                0x000045a8        0x8 ./startup/startup_mk64f12.o
                0x000045a8                CAN0_ORed_Message_buffer_IRQHandler
 .text.CAN0_Bus_Off_IRQHandler
                0x000045b0        0x8 ./startup/startup_mk64f12.o
                0x000045b0                CAN0_Bus_Off_IRQHandler
 .text.CAN0_Error_IRQHandler
                0x000045b8        0x8 ./startup/startup_mk64f12.o
                0x000045b8                CAN0_Error_IRQHandler
 .text.CAN0_Tx_Warning_IRQHandler
                0x000045c0        0x8 ./startup/startup_mk64f12.o
                0x000045c0                CAN0_Tx_Warning_IRQHandler
 .text.CAN0_Rx_Warning_IRQHandler
                0x000045c8        0x8 ./startup/startup_mk64f12.o
                0x000045c8                CAN0_Rx_Warning_IRQHandler
 .text.CAN0_Wake_Up_IRQHandler
                0x000045d0        0x8 ./startup/startup_mk64f12.o
                0x000045d0                CAN0_Wake_Up_IRQHandler
 .text.SDHC_IRQHandler
                0x000045d8        0x8 ./startup/startup_mk64f12.o
                0x000045d8                SDHC_IRQHandler
 .text.ENET_1588_Timer_IRQHandler
                0x000045e0        0x8 ./startup/startup_mk64f12.o
                0x000045e0                ENET_1588_Timer_IRQHandler
 .text.ENET_Transmit_IRQHandler
                0x000045e8        0x8 ./startup/startup_mk64f12.o
                0x000045e8                ENET_Transmit_IRQHandler
 .text.ENET_Receive_IRQHandler
                0x000045f0        0x8 ./startup/startup_mk64f12.o
                0x000045f0                ENET_Receive_IRQHandler
 .text.ENET_Error_IRQHandler
                0x000045f8        0x8 ./startup/startup_mk64f12.o
                0x000045f8                ENET_Error_IRQHandler
 .text.EnableIRQ
                0x00004600       0x32 ./source/UART_driver/UART_driver.o
 .text.UART_ReadByte
                0x00004632       0x1a ./source/freertos_uart.o
 .text.HardFault_Handler
                0x0000464c       0x36 ./source/semihost_hardfault.o
                0x0000464c                HardFault_Handler
 .text.vListInitialise
                0x00004682       0x40 ./freertos/freertos_kernel/list.o
                0x00004682                vListInitialise
 .text.vListInitialiseItem
                0x000046c2       0x1a ./freertos/freertos_kernel/list.o
                0x000046c2                vListInitialiseItem
 .text.vListInsertEnd
                0x000046dc       0x48 ./freertos/freertos_kernel/list.o
                0x000046dc                vListInsertEnd
 .text.vListInsert
                0x00004724       0x72 ./freertos/freertos_kernel/list.o
                0x00004724                vListInsert
 .text.uxListRemove
                0x00004796       0x54 ./freertos/freertos_kernel/list.o
                0x00004796                uxListRemove
 .text.xQueueGenericCreate
                0x000047ea       0xbe ./freertos/freertos_kernel/queue.o
                0x000047ea                xQueueGenericCreate
 .text.prvInitialiseNewQueue
                0x000048a8       0x46 ./freertos/freertos_kernel/queue.o
 .text.xQueueGenericSendFromISR
                0x000048ee      0x154 ./freertos/freertos_kernel/queue.o
                0x000048ee                xQueueGenericSendFromISR
 .text.xQueueGiveFromISR
                0x00004a42      0x138 ./freertos/freertos_kernel/queue.o
                0x00004a42                xQueueGiveFromISR
 .text.prvGetDisinheritPriorityAfterTimeout
                0x00004b7a       0x30 ./freertos/freertos_kernel/queue.o
 .text.prvCopyDataToQueue
                0x00004baa       0xd4 ./freertos/freertos_kernel/queue.o
 .text.prvCopyDataFromQueue
                0x00004c7e       0x4c ./freertos/freertos_kernel/queue.o
 .text.prvUnlockQueue
                0x00004cca       0xa4 ./freertos/freertos_kernel/queue.o
 .text.prvIsQueueEmpty
                0x00004d6e       0x2c ./freertos/freertos_kernel/queue.o
 .text.prvIsQueueFull
                0x00004d9a       0x30 ./freertos/freertos_kernel/queue.o
 .text.vQueueWaitForMessageRestricted
                0x00004dca       0x68 ./freertos/freertos_kernel/queue.o
                0x00004dca                vQueueWaitForMessageRestricted
 .text.xTaskCreate
                0x00004e32       0x82 ./freertos/freertos_kernel/tasks.o
                0x00004e32                xTaskCreate
 .text.prvInitialiseNewTask
                0x00004eb4      0x140 ./freertos/freertos_kernel/tasks.o
 .text.prvDeleteTCB
                0x00004ff4       0x20 ./freertos/freertos_kernel/tasks.o
 .text.prvTimerTask
                0x00005014       0x24 ./freertos/freertos_kernel/timers.o
 .text.OSC_SetExtRefClkConfig
                0x00005038       0x34 ./drivers/fsl_clock.o
 .text.OSC_SetCapLoad
                0x0000506c       0x34 ./drivers/fsl_clock.o
 .text.CLOCK_GetPll0RefFreq
                0x000050a0        0xe ./drivers/fsl_clock.o
 .text.CLOCK_GetFixedFreqClkFreq
                0x000050ae       0x34 ./drivers/fsl_clock.o
                0x000050ae                CLOCK_GetFixedFreqClkFreq
 .text.CLOCK_EnableClock
                0x000050e2       0x34 ./drivers/fsl_uart.o
 .text.UART_GetStatusFlags
                0x00005116       0x48 ./drivers/fsl_uart.o
                0x00005116                UART_GetStatusFlags
 .text.UART_WriteBlocking
                0x0000515e       0x50 ./drivers/fsl_uart.o
                0x0000515e                UART_WriteBlocking
 .text.UART1_RX_TX_DriverIRQHandler
                0x000051ae       0x12 ./drivers/fsl_uart.o
                0x000051ae                UART1_RX_TX_DriverIRQHandler
 .text.UART2_RX_TX_DriverIRQHandler
                0x000051c0       0x12 ./drivers/fsl_uart.o
                0x000051c0                UART2_RX_TX_DriverIRQHandler
 .text.UART3_RX_TX_DriverIRQHandler
                0x000051d2       0x12 ./drivers/fsl_uart.o
                0x000051d2                UART3_RX_TX_DriverIRQHandler
 .text.UART4_RX_TX_DriverIRQHandler
                0x000051e4       0x12 ./drivers/fsl_uart.o
                0x000051e4                UART4_RX_TX_DriverIRQHandler
 .text.UART5_RX_TX_DriverIRQHandler
                0x000051f6       0x12 ./drivers/fsl_uart.o
                0x000051f6                UART5_RX_TX_DriverIRQHandler
 .text.SystemInitHook
                0x00005208        0xe ./device/system_MK64F12.o
                0x00005208                SystemInitHook
 .text.SerialManager_StartWriting
                0x00005216       0x38 ./component/serial_manager/fsl_component_serial_manager.o
 .text.SerialManager_Write
                0x0000524e       0x44 ./component/serial_manager/fsl_component_serial_manager.o
 .text.SerialManager_WriteBlocking
                0x00005292       0x20 ./component/serial_manager/fsl_component_serial_manager.o
                0x00005292                SerialManager_WriteBlocking
 .text.Serial_UartWrite
                0x000052b2       0x38 ./component/serial_manager/fsl_component_serial_port_uart.o
                0x000052b2                Serial_UartWrite
 .text.BOARD_InitBootClocks
                0x000052ea        0xc ./board/clock_config.o
                0x000052ea                BOARD_InitBootClocks
 .text.CLOCK_EnableClock
                0x000052f6       0x34 ./board/pin_mux.o
 .text.PORT_SetPinMux
                0x0000532a       0x3a ./board/pin_mux.o
 .text.BOARD_InitBootPins
                0x00005364        0xc ./board/pin_mux.o
                0x00005364                BOARD_InitBootPins
 .text.__main   0x00005370        0xe C:/nxp/MCUXpressoIDE_24.12.148/ide/plugins/com.nxp.mcuxpresso.tools.win32_24.12.0.202407110909/tools/bin/../lib/gcc/arm-none-eabi/13.2.1/../../../../arm-none-eabi/lib/thumb/v7e-m+fp/hard\libcr_nohost_nf.a(_cr__main.o)
                0x00005370                __main
 .text.memcpy   0x0000537e        0x4 C:/nxp/MCUXpressoIDE_24.12.148/ide/plugins/com.nxp.mcuxpresso.tools.win32_24.12.0.202407110909/tools/bin/../lib/gcc/arm-none-eabi/13.2.1/../../../../arm-none-eabi/lib/thumb/v7e-m+fp/hard\libcr_c.a(memcpy.o)
                0x0000537e                memcpy
 .text.memset   0x00005382        0x4 C:/nxp/MCUXpressoIDE_24.12.148/ide/plugins/com.nxp.mcuxpresso.tools.win32_24.12.0.202407110909/tools/bin/../lib/gcc/arm-none-eabi/13.2.1/../../../../arm-none-eabi/lib/thumb/v7e-m+fp/hard\libcr_c.a(memset.o)
                0x00005382                memset
 .text.free     0x00005386       0x30 C:/nxp/MCUXpressoIDE_24.12.148/ide/plugins/com.nxp.mcuxpresso.tools.win32_24.12.0.202407110909/tools/bin/../lib/gcc/arm-none-eabi/13.2.1/../../../../arm-none-eabi/lib/thumb/v7e-m+fp/hard\libcr_c.a(alloc.o)
                0x00005386                free
 .text.setvbuf  0x000053b6       0x3e C:/nxp/MCUXpressoIDE_24.12.148/ide/plugins/com.nxp.mcuxpresso.tools.win32_24.12.0.202407110909/tools/bin/../lib/gcc/arm-none-eabi/13.2.1/../../../../arm-none-eabi/lib/thumb/v7e-m+fp/hard\libcr_c.a(setvbuf.o)
                0x000053b6                setvbuf
 .text.strlen   0x000053f4       0x4e C:/nxp/MCUXpressoIDE_24.12.148/ide/plugins/com.nxp.mcuxpresso.tools.win32_24.12.0.202407110909/tools/bin/../lib/gcc/arm-none-eabi/13.2.1/../../../../arm-none-eabi/lib/thumb/v7e-m+fp/hard\libcr_c.a(strlen.o)
                0x000053f4                strlen
 .text._deferredlazyseek
                0x00005442       0x40 C:/nxp/MCUXpressoIDE_24.12.148/ide/plugins/com.nxp.mcuxpresso.tools.win32_24.12.0.202407110909/tools/bin/../lib/gcc/arm-none-eabi/13.2.1/../../../../arm-none-eabi/lib/thumb/v7e-m+fp/hard\libcr_c.a(_deferredlazyseek.o)
                0x00005442                _deferredlazyseek
 .text._fdopen  0x00005482       0x68 C:/nxp/MCUXpressoIDE_24.12.148/ide/plugins/com.nxp.mcuxpresso.tools.win32_24.12.0.202407110909/tools/bin/../lib/gcc/arm-none-eabi/13.2.1/../../../../arm-none-eabi/lib/thumb/v7e-m+fp/hard\libcr_c.a(_fdopen.o)
                0x00005482                _fdopen
 .text._fflush  0x000054ea       0x52 C:/nxp/MCUXpressoIDE_24.12.148/ide/plugins/com.nxp.mcuxpresso.tools.win32_24.12.0.202407110909/tools/bin/../lib/gcc/arm-none-eabi/13.2.1/../../../../arm-none-eabi/lib/thumb/v7e-m+fp/hard\libcr_c.a(_fflush.o)
                0x000054ea                _fflush
 .text.fclose   0x0000553c       0x58 C:/nxp/MCUXpressoIDE_24.12.148/ide/plugins/com.nxp.mcuxpresso.tools.win32_24.12.0.202407110909/tools/bin/../lib/gcc/arm-none-eabi/13.2.1/../../../../arm-none-eabi/lib/thumb/v7e-m+fp/hard\libcr_c.a(fclose.o)
                0x0000553c                fclose
 .text.remove   0x00005594       0x14 C:/nxp/MCUXpressoIDE_24.12.148/ide/plugins/com.nxp.mcuxpresso.tools.win32_24.12.0.202407110909/tools/bin/../lib/gcc/arm-none-eabi/13.2.1/../../../../arm-none-eabi/lib/thumb/v7e-m+fp/hard\libcr_c.a(remove.o)
                0x00005594                remove
 .text._do_fflush
                0x000055a8       0x40 C:/nxp/MCUXpressoIDE_24.12.148/ide/plugins/com.nxp.mcuxpresso.tools.win32_24.12.0.202407110909/tools/bin/../lib/gcc/arm-none-eabi/13.2.1/../../../../arm-none-eabi/lib/thumb/v7e-m+fp/hard\libcr_c.a(_do_fflush.o)
                0x000055a8                _do_fflush
 .text.__aeabi_memcpy
                0x000055e8       0x34 C:/nxp/MCUXpressoIDE_24.12.148/ide/plugins/com.nxp.mcuxpresso.tools.win32_24.12.0.202407110909/tools/bin/../lib/gcc/arm-none-eabi/13.2.1/thumb/v7e-m+fp/hard\libcr_eabihelpers.a(memcpy.o)
                0x000055e8                __aeabi_memcpy
                0x000055f2                __aeabi_memcpy8
                0x000055f2                __aeabi_memcpy4
 .text.__aeabi_memset_lowlevel
                0x0000561c       0x32 C:/nxp/MCUXpressoIDE_24.12.148/ide/plugins/com.nxp.mcuxpresso.tools.win32_24.12.0.202407110909/tools/bin/../lib/gcc/arm-none-eabi/13.2.1/thumb/v7e-m+fp/hard\libcr_eabihelpers.a(memcpy.o)
                0x0000561c                __aeabi_lowlevel_memset
 .text.__sys_close
                0x0000564e        0x6 C:/nxp/MCUXpressoIDE_24.12.148/ide/plugins/com.nxp.mcuxpresso.tools.win32_24.12.0.202407110909/tools/bin/../lib/gcc/arm-none-eabi/13.2.1/../../../../arm-none-eabi/lib/thumb/v7e-m+fp/hard\libcr_nohost_nf.a(__sys_close.o)
                0x0000564e                __sys_close
 .text.__sys_flen
                0x00005654        0x6 C:/nxp/MCUXpressoIDE_24.12.148/ide/plugins/com.nxp.mcuxpresso.tools.win32_24.12.0.202407110909/tools/bin/../lib/gcc/arm-none-eabi/13.2.1/../../../../arm-none-eabi/lib/thumb/v7e-m+fp/hard\libcr_nohost_nf.a(__sys_flen.o)
                0x00005654                __sys_flen
 .text.__sys_istty
                0x0000565a        0x6 C:/nxp/MCUXpressoIDE_24.12.148/ide/plugins/com.nxp.mcuxpresso.tools.win32_24.12.0.202407110909/tools/bin/../lib/gcc/arm-none-eabi/13.2.1/../../../../arm-none-eabi/lib/thumb/v7e-m+fp/hard\libcr_nohost_nf.a(__sys_istty.o)
                0x0000565a                __sys_istty
 .text.__sys_remove
                0x00005660        0x6 C:/nxp/MCUXpressoIDE_24.12.148/ide/plugins/com.nxp.mcuxpresso.tools.win32_24.12.0.202407110909/tools/bin/../lib/gcc/arm-none-eabi/13.2.1/../../../../arm-none-eabi/lib/thumb/v7e-m+fp/hard\libcr_nohost_nf.a(__sys_remove.o)
                0x00005660                __sys_remove
 .text.__sys_seek
                0x00005666        0x6 C:/nxp/MCUXpressoIDE_24.12.148/ide/plugins/com.nxp.mcuxpresso.tools.win32_24.12.0.202407110909/tools/bin/../lib/gcc/arm-none-eabi/13.2.1/../../../../arm-none-eabi/lib/thumb/v7e-m+fp/hard\libcr_nohost_nf.a(__sys_seek.o)
                0x00005666                __sys_seek
 .text.__sys_tmpnam
                0x0000566c        0x6 C:/nxp/MCUXpressoIDE_24.12.148/ide/plugins/com.nxp.mcuxpresso.tools.win32_24.12.0.202407110909/tools/bin/../lib/gcc/arm-none-eabi/13.2.1/../../../../arm-none-eabi/lib/thumb/v7e-m+fp/hard\libcr_nohost_nf.a(__sys_tmpnam.o)
                0x0000566c                __sys_tmpnam
 .text.__sys_write
                0x00005672        0x4 C:/nxp/MCUXpressoIDE_24.12.148/ide/plugins/com.nxp.mcuxpresso.tools.win32_24.12.0.202407110909/tools/bin/../lib/gcc/arm-none-eabi/13.2.1/../../../../arm-none-eabi/lib/thumb/v7e-m+fp/hard\libcr_nohost_nf.a(__sys_write.o)
                0x00005672                __sys_write
 *freertos*/tasks.o(SORT_BY_ALIGNMENT(.rodata*))
 *fill*         0x00005676        0x2 ff
 .rodata.uxTopUsedPriority
                0x00005678        0x4 ./freertos/freertos_kernel/tasks.o
                0x00005678                uxTopUsedPriority
 .rodata.vTaskStartScheduler.str1.4
                0x0000567c        0x5 ./freertos/freertos_kernel/tasks.o
 .rodata        0x0000567c       0x1c ./freertos/freertos_kernel/tasks.o
                0x0000567c                portArch_Name
                0x00005680                FreeRTOSDebugConfig
 *(SORT_BY_ALIGNMENT(.rodata) SORT_BY_ALIGNMENT(.rodata.*) SORT_BY_ALIGNMENT(.constdata) SORT_BY_ALIGNMENT(.constdata.*))
 .rodata.__assertion_failed.str1.4
                0x00005698      0x304 ./utilities/fsl_assert.o
                                 0x14 (size before relaxing)
 .rodata.UART_init.str1.4
                0x0000599c        0x8 ./source/UART_driver/UART_driver.o
 .rodata.main.str1.4
                0x0000599c       0x25 ./source/freertos_uart.o
 .rodata.xTimerCreateTimerTask.str1.4
                0x0000599c        0x8 ./freertos/freertos_kernel/timers.o
 .rodata.prvCheckForValidListAndQueue.str1.4
                0x0000599c        0x5 ./freertos/freertos_kernel/timers.o
 .rodata.CLOCK_GetMcgExtClkFreq.str1.4
                0x0000599c       0x49 ./drivers/fsl_clock.o
 .rodata.CLOCK_GetOsc0ErClkFreq.str1.4
                0x0000599c       0x1e ./drivers/fsl_clock.o
 .rodata.CLOCK_GetEr32kClkFreq.str1.4
                0x0000599c       0x1f ./drivers/fsl_clock.o
 .rodata.CLOCK_GetPll0Freq.str1.4
                0x0000599c       0x1d ./drivers/fsl_clock.o
 .rodata.CLOCK_EnablePll0.str1.4
                0x0000599c       0x1a ./drivers/fsl_clock.o
 .rodata.CLOCK_SetPbeMode.str1.4
                0x0000599c       0x1a ./drivers/fsl_clock.o
 .rodata.CLOCK_BootToPeeMode.str1.4
                0x0000599c       0x1a ./drivers/fsl_clock.o
 .rodata.fllFactorTable.1
                0x0000599c       0x10 ./drivers/fsl_clock.o
 .rodata.s_uartBases
                0x000059ac       0x18 ./drivers/fsl_uart.o
 .rodata.s_uartClock
                0x000059c4       0x18 ./drivers/fsl_uart.o
 .rodata.UART_GetInstance.str1.4
                0x000059dc       0x2b ./drivers/fsl_uart.o
 .rodata.UART_Init.str1.4
                0x000059dc       0xfb ./drivers/fsl_uart.o
 .rodata.UART_GetDefaultConfig.str1.4
                0x000059dc       0x20 ./drivers/fsl_uart.o
 .rodata.s_UartAdapterBase
                0x000059dc       0x18 ./component/uart/fsl_adapter_uart.o
 .rodata.HAL_UartSendBlocking.str1.4
                0x000059f4       0x60 ./component/uart/fsl_adapter_uart.o
 .rodata.mcgConfig_BOARD_BootClockRUN
                0x000059f4        0xb ./board/clock_config.o
                0x000059f4                mcgConfig_BOARD_BootClockRUN
 *fill*         0x000059ff        0x1 ff
 .rodata.simConfig_BOARD_BootClockRUN
                0x00005a00        0x8 ./board/clock_config.o
                0x00005a00                simConfig_BOARD_BootClockRUN
 .rodata.oscConfig_BOARD_BootClockRUN
                0x00005a08        0x8 ./board/clock_config.o
                0x00005a08                oscConfig_BOARD_BootClockRUN
 .rodata.__num_Ciob_streams
                0x00005a10        0x4 C:/nxp/MCUXpressoIDE_24.12.148/ide/plugins/com.nxp.mcuxpresso.tools.win32_24.12.0.202407110909/tools/bin/../lib/gcc/arm-none-eabi/13.2.1/../../../../arm-none-eabi/lib/thumb/v7e-m+fp/hard\libcr_nohost_nf.a(__ciob.o)
                0x00005a10                __num_Ciob_streams
 .rodata._initio.str1.1
                0x00005a14        0x4 C:/nxp/MCUXpressoIDE_24.12.148/ide/plugins/com.nxp.mcuxpresso.tools.win32_24.12.0.202407110909/tools/bin/../lib/gcc/arm-none-eabi/13.2.1/../../../../arm-none-eabi/lib/thumb/v7e-m+fp/hard\libcr_c.a(initio.o)
                0x00005a18                        . = ALIGN (0x8)

.glue_7         0x00005a18        0x0
 .glue_7        0x00005a18        0x0 linker stubs

.glue_7t        0x00005a18        0x0
 .glue_7t       0x00005a18        0x0 linker stubs

.vfp11_veneer   0x00005a18        0x0
 .vfp11_veneer  0x00005a18        0x0 linker stubs

.v4_bx          0x00005a18        0x0
 .v4_bx         0x00005a18        0x0 linker stubs

.iplt           0x00005a18        0x0
 .iplt          0x00005a18        0x0 ./utilities/fsl_assert.o

.rel.dyn        0x00005a18        0x0
 .rel.iplt      0x00005a18        0x0 ./utilities/fsl_assert.o

.ARM.extab
 *(SORT_BY_ALIGNMENT(.ARM.extab*) SORT_BY_ALIGNMENT(.gnu.linkonce.armextab.*))

.ARM.exidx      0x00005a18        0x0
                0x00005a18                        __exidx_start = .
 *(SORT_BY_ALIGNMENT(.ARM.exidx*) SORT_BY_ALIGNMENT(.gnu.linkonce.armexidx.*))
                0x00005a18                        __exidx_end = .
                0x00005a18                        _etext = .

.m_usb_data
 *(SORT_BY_ALIGNMENT(m_usb_bdt))

.data_RAM2      0x1fff0000        0x0 load address 0x00005a18
 FILL mask 0xff
                [!provide]                        PROVIDE (__start_data_RAM2 = .)
                [!provide]                        PROVIDE (__start_data_SRAM_LOWER = .)
 *(SORT_BY_ALIGNMENT(.ramfunc.$RAM2))
 *(SORT_BY_ALIGNMENT(.ramfunc.$SRAM_LOWER))
 *(SORT_BY_ALIGNMENT(.data.$RAM2))
 *(SORT_BY_ALIGNMENT(.data.$SRAM_LOWER))
 *(SORT_BY_ALIGNMENT(.data.$RAM2.*))
 *(SORT_BY_ALIGNMENT(.data.$SRAM_LOWER.*))
                0x1fff0000                        . = ALIGN (0x8)
                [!provide]                        PROVIDE (__end_data_RAM2 = .)
                [!provide]                        PROVIDE (__end_data_SRAM_LOWER = .)

.data_RAM3      0x14000000        0x0 load address 0x00005a18
 FILL mask 0xff
                [!provide]                        PROVIDE (__start_data_RAM3 = .)
                [!provide]                        PROVIDE (__start_data_FLEX_RAM = .)
 *(SORT_BY_ALIGNMENT(.ramfunc.$RAM3))
 *(SORT_BY_ALIGNMENT(.ramfunc.$FLEX_RAM))
 *(SORT_BY_ALIGNMENT(.data.$RAM3))
 *(SORT_BY_ALIGNMENT(.data.$FLEX_RAM))
 *(SORT_BY_ALIGNMENT(.data.$RAM3.*))
 *(SORT_BY_ALIGNMENT(.data.$FLEX_RAM.*))
                0x14000000                        . = ALIGN (0x8)
                [!provide]                        PROVIDE (__end_data_RAM3 = .)
                [!provide]                        PROVIDE (__end_data_FLEX_RAM = .)

.uninit_RESERVED
                0x20000000        0x0
                0x20000000                        _start_uninit_RESERVED = .
 *(SORT_BY_ALIGNMENT(.bss.$RESERVED*))
                0x20000000                        . = ALIGN (0x8)
                0x20000000                        _end_uninit_RESERVED = .

.data           0x20000000       0x10 load address 0x00005a18
 FILL mask 0xff
                0x20000000                        _data = .
                [!provide]                        PROVIDE (__start_data_RAM = .)
                [!provide]                        PROVIDE (__start_data_SRAM_UPPER = .)
 *(SORT_BY_ALIGNMENT(vtable))
 *(SORT_BY_ALIGNMENT(.ramfunc*))
 *(SORT_BY_ALIGNMENT(CodeQuickAccess))
 *(SORT_BY_ALIGNMENT(DataQuickAccess))
 *(SORT_BY_ALIGNMENT(RamFunction))
 *(SORT_BY_ALIGNMENT(.data*))
 .data.uxCriticalNesting
                0x20000000        0x4 ./freertos/freertos_kernel/portable/GCC/ARM_CM4F/port.o
 .data.s_slowIrcFreq
                0x20000004        0x4 ./drivers/fsl_clock.o
 .data.s_fastIrcFreq
                0x20000008        0x4 ./drivers/fsl_clock.o
 .data.SystemCoreClock
                0x2000000c        0x4 ./device/system_MK64F12.o
                0x2000000c                SystemCoreClock
                0x20000010                        . = ALIGN (0x8)
                0x20000010                        _edata = .
                [!provide]                        PROVIDE (__end_data_RAM = .)
                [!provide]                        PROVIDE (__end_data_SRAM_UPPER = .)

.igot.plt       0x20000010        0x0 load address 0x00005a28
 .igot.plt      0x20000010        0x0 ./utilities/fsl_assert.o

.bss_RAM2       0x1fff0000        0x0
                [!provide]                        PROVIDE (__start_bss_RAM2 = .)
                [!provide]                        PROVIDE (__start_bss_SRAM_LOWER = .)
 *(SORT_BY_ALIGNMENT(.bss.$RAM2))
 *(SORT_BY_ALIGNMENT(.bss.$SRAM_LOWER))
 *(SORT_BY_ALIGNMENT(.bss.$RAM2.*))
 *(SORT_BY_ALIGNMENT(.bss.$SRAM_LOWER.*))
                0x1fff0000                        . = ALIGN ((. != 0x0)?0x8:0x1)
                [!provide]                        PROVIDE (__end_bss_RAM2 = .)
                [!provide]                        PROVIDE (__end_bss_SRAM_LOWER = .)

.bss_RAM3       0x14000000        0x0
                [!provide]                        PROVIDE (__start_bss_RAM3 = .)
                [!provide]                        PROVIDE (__start_bss_FLEX_RAM = .)
 *(SORT_BY_ALIGNMENT(.bss.$RAM3))
 *(SORT_BY_ALIGNMENT(.bss.$FLEX_RAM))
 *(SORT_BY_ALIGNMENT(.bss.$RAM3.*))
 *(SORT_BY_ALIGNMENT(.bss.$FLEX_RAM.*))
                0x14000000                        . = ALIGN ((. != 0x0)?0x8:0x1)
                [!provide]                        PROVIDE (__end_bss_RAM3 = .)
                [!provide]                        PROVIDE (__end_bss_FLEX_RAM = .)

.bss            0x20000010     0x2ab0
                0x20000010                        _bss = .
                [!provide]                        PROVIDE (__start_bss_RAM = .)
                [!provide]                        PROVIDE (__start_bss_SRAM_UPPER = .)
 *(SORT_BY_ALIGNMENT(.bss*))
 .bss.s_debugConsoleState
                0x20000010       0x20 ./utilities/fsl_debug_console.o
 .bss.g_serialHandle
                0x20000030        0x4 ./utilities/fsl_debug_console.o
                0x20000030                g_serialHandle
 .bss.xUartSemaphore
                0x20000034        0x4 ./source/freertos_uart.o
                0x20000034                xUartSemaphore
 .bss.ucHeap    0x20000038     0x2800 ./freertos/freertos_kernel/portable/MemMang/heap_4.o
 .bss.xStart    0x20002838        0x8 ./freertos/freertos_kernel/portable/MemMang/heap_4.o
 .bss.pxEnd     0x20002840        0x4 ./freertos/freertos_kernel/portable/MemMang/heap_4.o
 .bss.xFreeBytesRemaining
                0x20002844        0x4 ./freertos/freertos_kernel/portable/MemMang/heap_4.o
 .bss.xMinimumEverFreeBytesRemaining
                0x20002848        0x4 ./freertos/freertos_kernel/portable/MemMang/heap_4.o
 .bss.xNumberOfSuccessfulAllocations
                0x2000284c        0x4 ./freertos/freertos_kernel/portable/MemMang/heap_4.o
 .bss.xNumberOfSuccessfulFrees
                0x20002850        0x4 ./freertos/freertos_kernel/portable/MemMang/heap_4.o
 .bss.xBlockAllocatedBit
                0x20002854        0x4 ./freertos/freertos_kernel/portable/MemMang/heap_4.o
 .bss.ulMaxPRIGROUPValue
                0x20002858        0x4 ./freertos/freertos_kernel/portable/GCC/ARM_CM4F/port.o
 .bss.xQueueRegistry
                0x2000285c       0x40 ./freertos/freertos_kernel/queue.o
                0x2000285c                xQueueRegistry
 .bss.pxCurrentTCB
                0x2000289c        0x4 ./freertos/freertos_kernel/tasks.o
                0x2000289c                pxCurrentTCB
 .bss.pxReadyTasksLists
                0x200028a0       0x64 ./freertos/freertos_kernel/tasks.o
 .bss.xDelayedTaskList1
                0x20002904       0x14 ./freertos/freertos_kernel/tasks.o
 .bss.xDelayedTaskList2
                0x20002918       0x14 ./freertos/freertos_kernel/tasks.o
 .bss.pxDelayedTaskList
                0x2000292c        0x4 ./freertos/freertos_kernel/tasks.o
 .bss.pxOverflowDelayedTaskList
                0x20002930        0x4 ./freertos/freertos_kernel/tasks.o
 .bss.xPendingReadyList
                0x20002934       0x14 ./freertos/freertos_kernel/tasks.o
 .bss.xTasksWaitingTermination
                0x20002948       0x14 ./freertos/freertos_kernel/tasks.o
 .bss.uxDeletedTasksWaitingCleanUp
                0x2000295c        0x4 ./freertos/freertos_kernel/tasks.o
 .bss.xSuspendedTaskList
                0x20002960       0x14 ./freertos/freertos_kernel/tasks.o
 .bss.uxCurrentNumberOfTasks
                0x20002974        0x4 ./freertos/freertos_kernel/tasks.o
 .bss.xTickCount
                0x20002978        0x4 ./freertos/freertos_kernel/tasks.o
 .bss.uxTopReadyPriority
                0x2000297c        0x4 ./freertos/freertos_kernel/tasks.o
 .bss.xSchedulerRunning
                0x20002980        0x4 ./freertos/freertos_kernel/tasks.o
 .bss.xPendedTicks
                0x20002984        0x4 ./freertos/freertos_kernel/tasks.o
 .bss.xYieldPending
                0x20002988        0x4 ./freertos/freertos_kernel/tasks.o
 .bss.xNumOfOverflows
                0x2000298c        0x4 ./freertos/freertos_kernel/tasks.o
 .bss.uxTaskNumber
                0x20002990        0x4 ./freertos/freertos_kernel/tasks.o
 .bss.xNextTaskUnblockTime
                0x20002994        0x4 ./freertos/freertos_kernel/tasks.o
 .bss.xIdleTaskHandle
                0x20002998        0x4 ./freertos/freertos_kernel/tasks.o
 .bss.uxSchedulerSuspended
                0x2000299c        0x4 ./freertos/freertos_kernel/tasks.o
 .bss.xActiveTimerList1
                0x200029a0       0x14 ./freertos/freertos_kernel/timers.o
 .bss.xActiveTimerList2
                0x200029b4       0x14 ./freertos/freertos_kernel/timers.o
 .bss.pxCurrentTimerList
                0x200029c8        0x4 ./freertos/freertos_kernel/timers.o
 .bss.pxOverflowTimerList
                0x200029cc        0x4 ./freertos/freertos_kernel/timers.o
 .bss.xTimerQueue
                0x200029d0        0x4 ./freertos/freertos_kernel/timers.o
 .bss.xTimerTaskHandle
                0x200029d4        0x4 ./freertos/freertos_kernel/timers.o
 .bss.xLastTime.0
                0x200029d8        0x4 ./freertos/freertos_kernel/timers.o
 .bss.g_xtal0Freq
                0x200029dc        0x4 ./drivers/fsl_clock.o
                0x200029dc                g_xtal0Freq
 .bss.g_xtal32Freq
                0x200029e0        0x4 ./drivers/fsl_clock.o
                0x200029e0                g_xtal32Freq
 .bss.s_uartHandle
                0x200029e4       0x18 ./drivers/fsl_uart.o
                0x200029e4                s_uartHandle
 .bss.s_uartIsr
                0x200029fc        0x4 ./drivers/fsl_uart.o
                0x200029fc                s_uartIsr
 .bss.errno     0x20002a00        0x4 C:/nxp/MCUXpressoIDE_24.12.148/ide/plugins/com.nxp.mcuxpresso.tools.win32_24.12.0.202407110909/tools/bin/../lib/gcc/arm-none-eabi/13.2.1/../../../../arm-none-eabi/lib/thumb/v7e-m+fp/hard\libcr_c.a(errno.o)
                0x20002a00                errno
 .bss.__Ciob    0x20002a04       0xb4 C:/nxp/MCUXpressoIDE_24.12.148/ide/plugins/com.nxp.mcuxpresso.tools.win32_24.12.0.202407110909/tools/bin/../lib/gcc/arm-none-eabi/13.2.1/../../../../arm-none-eabi/lib/thumb/v7e-m+fp/hard\libcr_nohost_nf.a(__ciob.o)
                0x20002a04                __Ciob
 .bss.data      0x20002ab8        0x1 ./source/freertos_uart.o
                0x20002ab8                data
 .bss.ucMaxSysCallPriority
                0x20002ab9        0x1 ./freertos/freertos_kernel/portable/GCC/ARM_CM4F/port.o
 *(SORT_BY_ALIGNMENT(COMMON))
                0x20002ac0                        . = ALIGN (0x8)
 *fill*         0x20002aba        0x6 
                0x20002ac0                        _ebss = .
                [!provide]                        PROVIDE (__end_bss_RAM = .)
                [!provide]                        PROVIDE (__end_bss_SRAM_UPPER = .)
                [!provide]                        PROVIDE (end = .)

.noinit_RAM2    0x1fff0000        0x0
                [!provide]                        PROVIDE (__start_noinit_RAM2 = .)
                [!provide]                        PROVIDE (__start_noinit_SRAM_LOWER = .)
 *(SORT_BY_ALIGNMENT(.noinit.$RAM2))
 *(SORT_BY_ALIGNMENT(.noinit.$SRAM_LOWER))
 *(SORT_BY_ALIGNMENT(.noinit.$RAM2.*))
 *(SORT_BY_ALIGNMENT(.noinit.$SRAM_LOWER.*))
                0x1fff0000                        . = ALIGN (0x8)
                [!provide]                        PROVIDE (__end_noinit_RAM2 = .)
                [!provide]                        PROVIDE (__end_noinit_SRAM_LOWER = .)

.noinit_RAM3    0x14000000        0x0
                [!provide]                        PROVIDE (__start_noinit_RAM3 = .)
                [!provide]                        PROVIDE (__start_noinit_FLEX_RAM = .)
 *(SORT_BY_ALIGNMENT(.noinit.$RAM3))
 *(SORT_BY_ALIGNMENT(.noinit.$FLEX_RAM))
 *(SORT_BY_ALIGNMENT(.noinit.$RAM3.*))
 *(SORT_BY_ALIGNMENT(.noinit.$FLEX_RAM.*))
                0x14000000                        . = ALIGN (0x8)
                [!provide]                        PROVIDE (__end_noinit_RAM3 = .)
                [!provide]                        PROVIDE (__end_noinit_FLEX_RAM = .)

.noinit         0x20002ac0        0x0
                0x20002ac0                        _noinit = .
                [!provide]                        PROVIDE (__start_noinit_RAM = .)
                [!provide]                        PROVIDE (__start_noinit_SRAM_UPPER = .)
 *(SORT_BY_ALIGNMENT(.noinit*))
                0x20002ac0                        . = ALIGN (0x8)
                0x20002ac0                        _end_noinit = .
                [!provide]                        PROVIDE (__end_noinit_RAM = .)
                [!provide]                        PROVIDE (__end_noinit_SRAM_UPPER = .)
                0x00001000                        _HeapSize = 0x1000

.heap           0x20002ac0     0x1000
                0x20002ac0                        _pvHeapStart = .
                0x20003ac0                        . = (. + _HeapSize)
 *fill*         0x20002ac0     0x1000 
                0x20003ac0                        . = ALIGN (0x8)
                0x20003ac0                        _pvHeapLimit = .
                0x00001000                        _StackSize = 0x1000

.heap2stackfill
                0x20003ac0     0x1000
                0x20004ac0                        . = (. + _StackSize)
 *fill*         0x20003ac0     0x1000 

.stack          0x2002f000        0x0
                0x2002f000                        _vStackBase = .
                0x2002f000                        . = ALIGN (0x8)
                0x20030000                        _vStackTop = (. + _StackSize)
                0x00000000                        _image_start = LOADADDR (.text)
                0x00005a28                        _image_end = (LOADADDR (.data) + SIZEOF (.data))
                0x00005a28                        _image_size = (_image_end - _image_start)
OUTPUT(frdmk64f_freertos_uart.axf elf32-littlearm)
LOAD linker stubs

.debug_info     0x00000000    0x13c8b
 .debug_info    0x00000000       0xcc ./utilities/fsl_assert.o
 .debug_info    0x000000cc      0xdd0 ./utilities/fsl_debug_console.o
 .debug_info    0x00000e9c      0xb80 ./utilities/fsl_str.o
 .debug_info    0x00001a1c      0xd01 ./startup/startup_mk64f12.o
 .debug_info    0x0000271d      0xaa2 ./source/UART_driver/UART_driver.o
 .debug_info    0x000031bf     0x11d9 ./source/freertos_uart.o
 .debug_info    0x00004398       0x3c ./source/semihost_hardfault.o
 .debug_info    0x000043d4      0x4f3 ./freertos/freertos_kernel/portable/MemMang/heap_4.o
 .debug_info    0x000048c7      0x4ef ./freertos/freertos_kernel/portable/GCC/ARM_CM4F/port.o
 .debug_info    0x00004db6      0x2be ./freertos/freertos_kernel/list.o
 .debug_info    0x00005074     0x18e4 ./freertos/freertos_kernel/queue.o
 .debug_info    0x00006958     0x2322 ./freertos/freertos_kernel/tasks.o
 .debug_info    0x00008c7a     0x1082 ./freertos/freertos_kernel/timers.o
 .debug_info    0x00009cfc     0x21e2 ./drivers/fsl_clock.o
 .debug_info    0x0000bede     0x1fcf ./drivers/fsl_uart.o
 .debug_info    0x0000dead      0x649 ./device/system_MK64F12.o
 .debug_info    0x0000e4f6      0xb3e ./component/uart/fsl_adapter_uart.o
 .debug_info    0x0000f034      0x9c9 ./component/serial_manager/fsl_component_serial_manager.o
 .debug_info    0x0000f9fd      0x537 ./component/serial_manager/fsl_component_serial_port_uart.o
 .debug_info    0x0000ff34      0xcba ./board/clock_config.o
 .debug_info    0x00010bee      0x626 ./board/pin_mux.o
 .debug_info    0x00011214       0x85 C:/nxp/MCUXpressoIDE_24.12.148/ide/plugins/com.nxp.mcuxpresso.tools.win32_24.12.0.202407110909/tools/bin/../lib/gcc/arm-none-eabi/13.2.1/../../../../arm-none-eabi/lib/thumb/v7e-m+fp/hard\libcr_nohost_nf.a(_cr__main.o)
 .debug_info    0x00011299      0x12b C:/nxp/MCUXpressoIDE_24.12.148/ide/plugins/com.nxp.mcuxpresso.tools.win32_24.12.0.202407110909/tools/bin/../lib/gcc/arm-none-eabi/13.2.1/../../../../arm-none-eabi/lib/thumb/v7e-m+fp/hard\libcr_c.a(memcpy.o)
 .debug_info    0x000113c4       0xfc C:/nxp/MCUXpressoIDE_24.12.148/ide/plugins/com.nxp.mcuxpresso.tools.win32_24.12.0.202407110909/tools/bin/../lib/gcc/arm-none-eabi/13.2.1/../../../../arm-none-eabi/lib/thumb/v7e-m+fp/hard\libcr_c.a(memset.o)
 .debug_info    0x000114c0      0x520 C:/nxp/MCUXpressoIDE_24.12.148/ide/plugins/com.nxp.mcuxpresso.tools.win32_24.12.0.202407110909/tools/bin/../lib/gcc/arm-none-eabi/13.2.1/../../../../arm-none-eabi/lib/thumb/v7e-m+fp/hard\libcr_c.a(alloc.o)
 .debug_info    0x000119e0       0x44 C:/nxp/MCUXpressoIDE_24.12.148/ide/plugins/com.nxp.mcuxpresso.tools.win32_24.12.0.202407110909/tools/bin/../lib/gcc/arm-none-eabi/13.2.1/../../../../arm-none-eabi/lib/thumb/v7e-m+fp/hard\libcr_c.a(errno.o)
 .debug_info    0x00011a24      0x339 C:/nxp/MCUXpressoIDE_24.12.148/ide/plugins/com.nxp.mcuxpresso.tools.win32_24.12.0.202407110909/tools/bin/../lib/gcc/arm-none-eabi/13.2.1/../../../../arm-none-eabi/lib/thumb/v7e-m+fp/hard\libcr_c.a(initio.o)
 .debug_info    0x00011d5d      0x1fd C:/nxp/MCUXpressoIDE_24.12.148/ide/plugins/com.nxp.mcuxpresso.tools.win32_24.12.0.202407110909/tools/bin/../lib/gcc/arm-none-eabi/13.2.1/../../../../arm-none-eabi/lib/thumb/v7e-m+fp/hard\libcr_c.a(setvbuf.o)
 .debug_info    0x00011f5a       0xe1 C:/nxp/MCUXpressoIDE_24.12.148/ide/plugins/com.nxp.mcuxpresso.tools.win32_24.12.0.202407110909/tools/bin/../lib/gcc/arm-none-eabi/13.2.1/../../../../arm-none-eabi/lib/thumb/v7e-m+fp/hard\libcr_c.a(strlen.o)
 .debug_info    0x0001203b      0x369 C:/nxp/MCUXpressoIDE_24.12.148/ide/plugins/com.nxp.mcuxpresso.tools.win32_24.12.0.202407110909/tools/bin/../lib/gcc/arm-none-eabi/13.2.1/../../../../arm-none-eabi/lib/thumb/v7e-m+fp/hard\libcr_c.a(_deferredlazyseek.o)
 .debug_info    0x000123a4      0x24b C:/nxp/MCUXpressoIDE_24.12.148/ide/plugins/com.nxp.mcuxpresso.tools.win32_24.12.0.202407110909/tools/bin/../lib/gcc/arm-none-eabi/13.2.1/../../../../arm-none-eabi/lib/thumb/v7e-m+fp/hard\libcr_c.a(_fdopen.o)
 .debug_info    0x000125ef      0x1e3 C:/nxp/MCUXpressoIDE_24.12.148/ide/plugins/com.nxp.mcuxpresso.tools.win32_24.12.0.202407110909/tools/bin/../lib/gcc/arm-none-eabi/13.2.1/../../../../arm-none-eabi/lib/thumb/v7e-m+fp/hard\libcr_c.a(_fflush.o)
 .debug_info    0x000127d2      0x289 C:/nxp/MCUXpressoIDE_24.12.148/ide/plugins/com.nxp.mcuxpresso.tools.win32_24.12.0.202407110909/tools/bin/../lib/gcc/arm-none-eabi/13.2.1/../../../../arm-none-eabi/lib/thumb/v7e-m+fp/hard\libcr_c.a(_writebuf.o)
 .debug_info    0x00012a5b      0x318 C:/nxp/MCUXpressoIDE_24.12.148/ide/plugins/com.nxp.mcuxpresso.tools.win32_24.12.0.202407110909/tools/bin/../lib/gcc/arm-none-eabi/13.2.1/../../../../arm-none-eabi/lib/thumb/v7e-m+fp/hard\libcr_c.a(fclose.o)
 .debug_info    0x00012d73      0x209 C:/nxp/MCUXpressoIDE_24.12.148/ide/plugins/com.nxp.mcuxpresso.tools.win32_24.12.0.202407110909/tools/bin/../lib/gcc/arm-none-eabi/13.2.1/../../../../arm-none-eabi/lib/thumb/v7e-m+fp/hard\libcr_c.a(fflush.o)
 .debug_info    0x00012f7c      0x276 C:/nxp/MCUXpressoIDE_24.12.148/ide/plugins/com.nxp.mcuxpresso.tools.win32_24.12.0.202407110909/tools/bin/../lib/gcc/arm-none-eabi/13.2.1/../../../../arm-none-eabi/lib/thumb/v7e-m+fp/hard\libcr_c.a(fseek.o)
 .debug_info    0x000131f2      0x197 C:/nxp/MCUXpressoIDE_24.12.148/ide/plugins/com.nxp.mcuxpresso.tools.win32_24.12.0.202407110909/tools/bin/../lib/gcc/arm-none-eabi/13.2.1/../../../../arm-none-eabi/lib/thumb/v7e-m+fp/hard\libcr_c.a(ftell.o)
 .debug_info    0x00013389      0x1d7 C:/nxp/MCUXpressoIDE_24.12.148/ide/plugins/com.nxp.mcuxpresso.tools.win32_24.12.0.202407110909/tools/bin/../lib/gcc/arm-none-eabi/13.2.1/../../../../arm-none-eabi/lib/thumb/v7e-m+fp/hard\libcr_c.a(remove.o)
 .debug_info    0x00013560      0x23a C:/nxp/MCUXpressoIDE_24.12.148/ide/plugins/com.nxp.mcuxpresso.tools.win32_24.12.0.202407110909/tools/bin/../lib/gcc/arm-none-eabi/13.2.1/../../../../arm-none-eabi/lib/thumb/v7e-m+fp/hard\libcr_c.a(_do_fflush.o)
 .debug_info    0x0001379a      0x18b C:/nxp/MCUXpressoIDE_24.12.148/ide/plugins/com.nxp.mcuxpresso.tools.win32_24.12.0.202407110909/tools/bin/../lib/gcc/arm-none-eabi/13.2.1/../../../../arm-none-eabi/lib/thumb/v7e-m+fp/hard\libcr_nohost_nf.a(__ciob.o)
 .debug_info    0x00013925       0x6a C:/nxp/MCUXpressoIDE_24.12.148/ide/plugins/com.nxp.mcuxpresso.tools.win32_24.12.0.202407110909/tools/bin/../lib/gcc/arm-none-eabi/13.2.1/../../../../arm-none-eabi/lib/thumb/v7e-m+fp/hard\libcr_nohost_nf.a(__sys_close.o)
 .debug_info    0x0001398f       0x6a C:/nxp/MCUXpressoIDE_24.12.148/ide/plugins/com.nxp.mcuxpresso.tools.win32_24.12.0.202407110909/tools/bin/../lib/gcc/arm-none-eabi/13.2.1/../../../../arm-none-eabi/lib/thumb/v7e-m+fp/hard\libcr_nohost_nf.a(__sys_flen.o)
 .debug_info    0x000139f9       0x6a C:/nxp/MCUXpressoIDE_24.12.148/ide/plugins/com.nxp.mcuxpresso.tools.win32_24.12.0.202407110909/tools/bin/../lib/gcc/arm-none-eabi/13.2.1/../../../../arm-none-eabi/lib/thumb/v7e-m+fp/hard\libcr_nohost_nf.a(__sys_istty.o)
 .debug_info    0x00013a63       0x8a C:/nxp/MCUXpressoIDE_24.12.148/ide/plugins/com.nxp.mcuxpresso.tools.win32_24.12.0.202407110909/tools/bin/../lib/gcc/arm-none-eabi/13.2.1/../../../../arm-none-eabi/lib/thumb/v7e-m+fp/hard\libcr_nohost_nf.a(__sys_remove.o)
 .debug_info    0x00013aed       0x78 C:/nxp/MCUXpressoIDE_24.12.148/ide/plugins/com.nxp.mcuxpresso.tools.win32_24.12.0.202407110909/tools/bin/../lib/gcc/arm-none-eabi/13.2.1/../../../../arm-none-eabi/lib/thumb/v7e-m+fp/hard\libcr_nohost_nf.a(__sys_seek.o)
 .debug_info    0x00013b65       0x93 C:/nxp/MCUXpressoIDE_24.12.148/ide/plugins/com.nxp.mcuxpresso.tools.win32_24.12.0.202407110909/tools/bin/../lib/gcc/arm-none-eabi/13.2.1/../../../../arm-none-eabi/lib/thumb/v7e-m+fp/hard\libcr_nohost_nf.a(__sys_tmpnam.o)
 .debug_info    0x00013bf8       0x93 C:/nxp/MCUXpressoIDE_24.12.148/ide/plugins/com.nxp.mcuxpresso.tools.win32_24.12.0.202407110909/tools/bin/../lib/gcc/arm-none-eabi/13.2.1/../../../../arm-none-eabi/lib/thumb/v7e-m+fp/hard\libcr_nohost_nf.a(__sys_write.o)

.debug_abbrev   0x00000000     0x44cf
 .debug_abbrev  0x00000000       0x90 ./utilities/fsl_assert.o
 .debug_abbrev  0x00000090      0x270 ./utilities/fsl_debug_console.o
 .debug_abbrev  0x00000300      0x270 ./utilities/fsl_str.o
 .debug_abbrev  0x00000570      0x17a ./startup/startup_mk64f12.o
 .debug_abbrev  0x000006ea      0x2a8 ./source/UART_driver/UART_driver.o
 .debug_abbrev  0x00000992      0x2ff ./source/freertos_uart.o
 .debug_abbrev  0x00000c91       0x31 ./source/semihost_hardfault.o
 .debug_abbrev  0x00000cc2      0x212 ./freertos/freertos_kernel/portable/MemMang/heap_4.o
 .debug_abbrev  0x00000ed4      0x259 ./freertos/freertos_kernel/portable/GCC/ARM_CM4F/port.o
 .debug_abbrev  0x0000112d       0xf2 ./freertos/freertos_kernel/list.o
 .debug_abbrev  0x0000121f      0x319 ./freertos/freertos_kernel/queue.o
 .debug_abbrev  0x00001538      0x3a6 ./freertos/freertos_kernel/tasks.o
 .debug_abbrev  0x000018de      0x2e3 ./freertos/freertos_kernel/timers.o
 .debug_abbrev  0x00001bc1      0x378 ./drivers/fsl_clock.o
 .debug_abbrev  0x00001f39      0x45d ./drivers/fsl_uart.o
 .debug_abbrev  0x00002396      0x148 ./device/system_MK64F12.o
 .debug_abbrev  0x000024de      0x214 ./component/uart/fsl_adapter_uart.o
 .debug_abbrev  0x000026f2      0x25b ./component/serial_manager/fsl_component_serial_manager.o
 .debug_abbrev  0x0000294d      0x18c ./component/serial_manager/fsl_component_serial_port_uart.o
 .debug_abbrev  0x00002ad9      0x247 ./board/clock_config.o
 .debug_abbrev  0x00002d20      0x189 ./board/pin_mux.o
 .debug_abbrev  0x00002ea9       0x70 C:/nxp/MCUXpressoIDE_24.12.148/ide/plugins/com.nxp.mcuxpresso.tools.win32_24.12.0.202407110909/tools/bin/../lib/gcc/arm-none-eabi/13.2.1/../../../../arm-none-eabi/lib/thumb/v7e-m+fp/hard\libcr_nohost_nf.a(_cr__main.o)
 .debug_abbrev  0x00002f19       0xb6 C:/nxp/MCUXpressoIDE_24.12.148/ide/plugins/com.nxp.mcuxpresso.tools.win32_24.12.0.202407110909/tools/bin/../lib/gcc/arm-none-eabi/13.2.1/../../../../arm-none-eabi/lib/thumb/v7e-m+fp/hard\libcr_c.a(memcpy.o)
 .debug_abbrev  0x00002fcf       0xa8 C:/nxp/MCUXpressoIDE_24.12.148/ide/plugins/com.nxp.mcuxpresso.tools.win32_24.12.0.202407110909/tools/bin/../lib/gcc/arm-none-eabi/13.2.1/../../../../arm-none-eabi/lib/thumb/v7e-m+fp/hard\libcr_c.a(memset.o)
 .debug_abbrev  0x00003077      0x284 C:/nxp/MCUXpressoIDE_24.12.148/ide/plugins/com.nxp.mcuxpresso.tools.win32_24.12.0.202407110909/tools/bin/../lib/gcc/arm-none-eabi/13.2.1/../../../../arm-none-eabi/lib/thumb/v7e-m+fp/hard\libcr_c.a(alloc.o)
 .debug_abbrev  0x000032fb       0x44 C:/nxp/MCUXpressoIDE_24.12.148/ide/plugins/com.nxp.mcuxpresso.tools.win32_24.12.0.202407110909/tools/bin/../lib/gcc/arm-none-eabi/13.2.1/../../../../arm-none-eabi/lib/thumb/v7e-m+fp/hard\libcr_c.a(errno.o)
 .debug_abbrev  0x0000333f      0x169 C:/nxp/MCUXpressoIDE_24.12.148/ide/plugins/com.nxp.mcuxpresso.tools.win32_24.12.0.202407110909/tools/bin/../lib/gcc/arm-none-eabi/13.2.1/../../../../arm-none-eabi/lib/thumb/v7e-m+fp/hard\libcr_c.a(initio.o)
 .debug_abbrev  0x000034a8       0xe1 C:/nxp/MCUXpressoIDE_24.12.148/ide/plugins/com.nxp.mcuxpresso.tools.win32_24.12.0.202407110909/tools/bin/../lib/gcc/arm-none-eabi/13.2.1/../../../../arm-none-eabi/lib/thumb/v7e-m+fp/hard\libcr_c.a(setvbuf.o)
 .debug_abbrev  0x00003589       0xa7 C:/nxp/MCUXpressoIDE_24.12.148/ide/plugins/com.nxp.mcuxpresso.tools.win32_24.12.0.202407110909/tools/bin/../lib/gcc/arm-none-eabi/13.2.1/../../../../arm-none-eabi/lib/thumb/v7e-m+fp/hard\libcr_c.a(strlen.o)
 .debug_abbrev  0x00003630      0x152 C:/nxp/MCUXpressoIDE_24.12.148/ide/plugins/com.nxp.mcuxpresso.tools.win32_24.12.0.202407110909/tools/bin/../lib/gcc/arm-none-eabi/13.2.1/../../../../arm-none-eabi/lib/thumb/v7e-m+fp/hard\libcr_c.a(_deferredlazyseek.o)
 .debug_abbrev  0x00003782      0x119 C:/nxp/MCUXpressoIDE_24.12.148/ide/plugins/com.nxp.mcuxpresso.tools.win32_24.12.0.202407110909/tools/bin/../lib/gcc/arm-none-eabi/13.2.1/../../../../arm-none-eabi/lib/thumb/v7e-m+fp/hard\libcr_c.a(_fdopen.o)
 .debug_abbrev  0x0000389b       0xf1 C:/nxp/MCUXpressoIDE_24.12.148/ide/plugins/com.nxp.mcuxpresso.tools.win32_24.12.0.202407110909/tools/bin/../lib/gcc/arm-none-eabi/13.2.1/../../../../arm-none-eabi/lib/thumb/v7e-m+fp/hard\libcr_c.a(_fflush.o)
 .debug_abbrev  0x0000398c      0x126 C:/nxp/MCUXpressoIDE_24.12.148/ide/plugins/com.nxp.mcuxpresso.tools.win32_24.12.0.202407110909/tools/bin/../lib/gcc/arm-none-eabi/13.2.1/../../../../arm-none-eabi/lib/thumb/v7e-m+fp/hard\libcr_c.a(_writebuf.o)
 .debug_abbrev  0x00003ab2      0x155 C:/nxp/MCUXpressoIDE_24.12.148/ide/plugins/com.nxp.mcuxpresso.tools.win32_24.12.0.202407110909/tools/bin/../lib/gcc/arm-none-eabi/13.2.1/../../../../arm-none-eabi/lib/thumb/v7e-m+fp/hard\libcr_c.a(fclose.o)
 .debug_abbrev  0x00003c07      0x125 C:/nxp/MCUXpressoIDE_24.12.148/ide/plugins/com.nxp.mcuxpresso.tools.win32_24.12.0.202407110909/tools/bin/../lib/gcc/arm-none-eabi/13.2.1/../../../../arm-none-eabi/lib/thumb/v7e-m+fp/hard\libcr_c.a(fflush.o)
 .debug_abbrev  0x00003d2c      0x11b C:/nxp/MCUXpressoIDE_24.12.148/ide/plugins/com.nxp.mcuxpresso.tools.win32_24.12.0.202407110909/tools/bin/../lib/gcc/arm-none-eabi/13.2.1/../../../../arm-none-eabi/lib/thumb/v7e-m+fp/hard\libcr_c.a(fseek.o)
 .debug_abbrev  0x00003e47       0xc2 C:/nxp/MCUXpressoIDE_24.12.148/ide/plugins/com.nxp.mcuxpresso.tools.win32_24.12.0.202407110909/tools/bin/../lib/gcc/arm-none-eabi/13.2.1/../../../../arm-none-eabi/lib/thumb/v7e-m+fp/hard\libcr_c.a(ftell.o)
 .debug_abbrev  0x00003f09       0xfb C:/nxp/MCUXpressoIDE_24.12.148/ide/plugins/com.nxp.mcuxpresso.tools.win32_24.12.0.202407110909/tools/bin/../lib/gcc/arm-none-eabi/13.2.1/../../../../arm-none-eabi/lib/thumb/v7e-m+fp/hard\libcr_c.a(remove.o)
 .debug_abbrev  0x00004004      0x12c C:/nxp/MCUXpressoIDE_24.12.148/ide/plugins/com.nxp.mcuxpresso.tools.win32_24.12.0.202407110909/tools/bin/../lib/gcc/arm-none-eabi/13.2.1/../../../../arm-none-eabi/lib/thumb/v7e-m+fp/hard\libcr_c.a(_do_fflush.o)
 .debug_abbrev  0x00004130       0xb5 C:/nxp/MCUXpressoIDE_24.12.148/ide/plugins/com.nxp.mcuxpresso.tools.win32_24.12.0.202407110909/tools/bin/../lib/gcc/arm-none-eabi/13.2.1/../../../../arm-none-eabi/lib/thumb/v7e-m+fp/hard\libcr_nohost_nf.a(__ciob.o)
 .debug_abbrev  0x000041e5       0x5c C:/nxp/MCUXpressoIDE_24.12.148/ide/plugins/com.nxp.mcuxpresso.tools.win32_24.12.0.202407110909/tools/bin/../lib/gcc/arm-none-eabi/13.2.1/../../../../arm-none-eabi/lib/thumb/v7e-m+fp/hard\libcr_nohost_nf.a(__sys_close.o)
 .debug_abbrev  0x00004241       0x5c C:/nxp/MCUXpressoIDE_24.12.148/ide/plugins/com.nxp.mcuxpresso.tools.win32_24.12.0.202407110909/tools/bin/../lib/gcc/arm-none-eabi/13.2.1/../../../../arm-none-eabi/lib/thumb/v7e-m+fp/hard\libcr_nohost_nf.a(__sys_flen.o)
 .debug_abbrev  0x0000429d       0x5c C:/nxp/MCUXpressoIDE_24.12.148/ide/plugins/com.nxp.mcuxpresso.tools.win32_24.12.0.202407110909/tools/bin/../lib/gcc/arm-none-eabi/13.2.1/../../../../arm-none-eabi/lib/thumb/v7e-m+fp/hard\libcr_nohost_nf.a(__sys_istty.o)
 .debug_abbrev  0x000042f9       0x7d C:/nxp/MCUXpressoIDE_24.12.148/ide/plugins/com.nxp.mcuxpresso.tools.win32_24.12.0.202407110909/tools/bin/../lib/gcc/arm-none-eabi/13.2.1/../../../../arm-none-eabi/lib/thumb/v7e-m+fp/hard\libcr_nohost_nf.a(__sys_remove.o)
 .debug_abbrev  0x00004376       0x6d C:/nxp/MCUXpressoIDE_24.12.148/ide/plugins/com.nxp.mcuxpresso.tools.win32_24.12.0.202407110909/tools/bin/../lib/gcc/arm-none-eabi/13.2.1/../../../../arm-none-eabi/lib/thumb/v7e-m+fp/hard\libcr_nohost_nf.a(__sys_seek.o)
 .debug_abbrev  0x000043e3       0x76 C:/nxp/MCUXpressoIDE_24.12.148/ide/plugins/com.nxp.mcuxpresso.tools.win32_24.12.0.202407110909/tools/bin/../lib/gcc/arm-none-eabi/13.2.1/../../../../arm-none-eabi/lib/thumb/v7e-m+fp/hard\libcr_nohost_nf.a(__sys_tmpnam.o)
 .debug_abbrev  0x00004459       0x76 C:/nxp/MCUXpressoIDE_24.12.148/ide/plugins/com.nxp.mcuxpresso.tools.win32_24.12.0.202407110909/tools/bin/../lib/gcc/arm-none-eabi/13.2.1/../../../../arm-none-eabi/lib/thumb/v7e-m+fp/hard\libcr_nohost_nf.a(__sys_write.o)

.debug_aranges  0x00000000     0x1390
 .debug_aranges
                0x00000000       0x20 ./utilities/fsl_assert.o
 .debug_aranges
                0x00000020       0xa8 ./utilities/fsl_debug_console.o
 .debug_aranges
                0x000000c8       0xb8 ./utilities/fsl_str.o
 .debug_aranges
                0x00000180      0x330 ./startup/startup_mk64f12.o
 .debug_aranges
                0x000004b0       0x40 ./source/UART_driver/UART_driver.o
 .debug_aranges
                0x000004f0       0x40 ./source/freertos_uart.o
 .debug_aranges
                0x00000530       0x20 ./source/semihost_hardfault.o
 .debug_aranges
                0x00000550       0x58 ./freertos/freertos_kernel/portable/MemMang/heap_4.o
 .debug_aranges
                0x000005a8       0x80 ./freertos/freertos_kernel/portable/GCC/ARM_CM4F/port.o
 .debug_aranges
                0x00000628       0x40 ./freertos/freertos_kernel/list.o
 .debug_aranges
                0x00000668      0x130 ./freertos/freertos_kernel/queue.o
 .debug_aranges
                0x00000798      0x208 ./freertos/freertos_kernel/tasks.o
 .debug_aranges
                0x000009a0       0xe8 ./freertos/freertos_kernel/timers.o
 .debug_aranges
                0x00000a88      0x1f8 ./drivers/fsl_clock.o
 .debug_aranges
                0x00000c80      0x1b8 ./drivers/fsl_uart.o
 .debug_aranges
                0x00000e38       0x30 ./device/system_MK64F12.o
 .debug_aranges
                0x00000e68       0x50 ./component/uart/fsl_adapter_uart.o
 .debug_aranges
                0x00000eb8       0x98 ./component/serial_manager/fsl_component_serial_manager.o
 .debug_aranges
                0x00000f50       0x48 ./component/serial_manager/fsl_component_serial_port_uart.o
 .debug_aranges
                0x00000f98       0x58 ./board/clock_config.o
 .debug_aranges
                0x00000ff0       0x38 ./board/pin_mux.o
 .debug_aranges
                0x00001028       0x20 C:/nxp/MCUXpressoIDE_24.12.148/ide/plugins/com.nxp.mcuxpresso.tools.win32_24.12.0.202407110909/tools/bin/../lib/gcc/arm-none-eabi/13.2.1/../../../../arm-none-eabi/lib/thumb/v7e-m+fp/hard\libcr_nohost_nf.a(_cr__main.o)
 .debug_aranges
                0x00001048       0x20 C:/nxp/MCUXpressoIDE_24.12.148/ide/plugins/com.nxp.mcuxpresso.tools.win32_24.12.0.202407110909/tools/bin/../lib/gcc/arm-none-eabi/13.2.1/../../../../arm-none-eabi/lib/thumb/v7e-m+fp/hard\libcr_c.a(memcpy.o)
 .debug_aranges
                0x00001068       0x20 C:/nxp/MCUXpressoIDE_24.12.148/ide/plugins/com.nxp.mcuxpresso.tools.win32_24.12.0.202407110909/tools/bin/../lib/gcc/arm-none-eabi/13.2.1/../../../../arm-none-eabi/lib/thumb/v7e-m+fp/hard\libcr_c.a(memset.o)
 .debug_aranges
                0x00001088       0x40 C:/nxp/MCUXpressoIDE_24.12.148/ide/plugins/com.nxp.mcuxpresso.tools.win32_24.12.0.202407110909/tools/bin/../lib/gcc/arm-none-eabi/13.2.1/../../../../arm-none-eabi/lib/thumb/v7e-m+fp/hard\libcr_c.a(alloc.o)
 .debug_aranges
                0x000010c8       0x18 C:/nxp/MCUXpressoIDE_24.12.148/ide/plugins/com.nxp.mcuxpresso.tools.win32_24.12.0.202407110909/tools/bin/../lib/gcc/arm-none-eabi/13.2.1/../../../../arm-none-eabi/lib/thumb/v7e-m+fp/hard\libcr_c.a(errno.o)
 .debug_aranges
                0x000010e0       0x28 C:/nxp/MCUXpressoIDE_24.12.148/ide/plugins/com.nxp.mcuxpresso.tools.win32_24.12.0.202407110909/tools/bin/../lib/gcc/arm-none-eabi/13.2.1/../../../../arm-none-eabi/lib/thumb/v7e-m+fp/hard\libcr_c.a(initio.o)
 .debug_aranges
                0x00001108       0x20 C:/nxp/MCUXpressoIDE_24.12.148/ide/plugins/com.nxp.mcuxpresso.tools.win32_24.12.0.202407110909/tools/bin/../lib/gcc/arm-none-eabi/13.2.1/../../../../arm-none-eabi/lib/thumb/v7e-m+fp/hard\libcr_c.a(setvbuf.o)
 .debug_aranges
                0x00001128       0x20 C:/nxp/MCUXpressoIDE_24.12.148/ide/plugins/com.nxp.mcuxpresso.tools.win32_24.12.0.202407110909/tools/bin/../lib/gcc/arm-none-eabi/13.2.1/../../../../arm-none-eabi/lib/thumb/v7e-m+fp/hard\libcr_c.a(strlen.o)
 .debug_aranges
                0x00001148       0x28 C:/nxp/MCUXpressoIDE_24.12.148/ide/plugins/com.nxp.mcuxpresso.tools.win32_24.12.0.202407110909/tools/bin/../lib/gcc/arm-none-eabi/13.2.1/../../../../arm-none-eabi/lib/thumb/v7e-m+fp/hard\libcr_c.a(_deferredlazyseek.o)
 .debug_aranges
                0x00001170       0x20 C:/nxp/MCUXpressoIDE_24.12.148/ide/plugins/com.nxp.mcuxpresso.tools.win32_24.12.0.202407110909/tools/bin/../lib/gcc/arm-none-eabi/13.2.1/../../../../arm-none-eabi/lib/thumb/v7e-m+fp/hard\libcr_c.a(_fdopen.o)
 .debug_aranges
                0x00001190       0x20 C:/nxp/MCUXpressoIDE_24.12.148/ide/plugins/com.nxp.mcuxpresso.tools.win32_24.12.0.202407110909/tools/bin/../lib/gcc/arm-none-eabi/13.2.1/../../../../arm-none-eabi/lib/thumb/v7e-m+fp/hard\libcr_c.a(_fflush.o)
 .debug_aranges
                0x000011b0       0x20 C:/nxp/MCUXpressoIDE_24.12.148/ide/plugins/com.nxp.mcuxpresso.tools.win32_24.12.0.202407110909/tools/bin/../lib/gcc/arm-none-eabi/13.2.1/../../../../arm-none-eabi/lib/thumb/v7e-m+fp/hard\libcr_c.a(_writebuf.o)
 .debug_aranges
                0x000011d0       0x20 C:/nxp/MCUXpressoIDE_24.12.148/ide/plugins/com.nxp.mcuxpresso.tools.win32_24.12.0.202407110909/tools/bin/../lib/gcc/arm-none-eabi/13.2.1/../../../../arm-none-eabi/lib/thumb/v7e-m+fp/hard\libcr_c.a(fclose.o)
 .debug_aranges