Archive member included to satisfy reference by file (symbol)

C:/nxp/MCUXpressoIDE_24.12.148/ide/plugins/com.nxp.mcuxpresso.tools.win32_24.12.0.202407110909/tools/bin/../lib/gcc/arm-none-eabi/13.2.1/../../../../arm-none-eabi/lib/thumb/v7e-m+fp/hard\libcr_nohost_nf.a(_cr__main.o)
                              ./startup/startup_mk64f12.o (__main)
C:/nxp/MCUXpressoIDE_24.12.148/ide/plugins/com.nxp.mcuxpresso.tools.win32_24.12.0.202407110909/tools/bin/../lib/gcc/arm-none-eabi/13.2.1/../../../../arm-none-eabi/lib/thumb/v7e-m+fp/hard\libcr_c.a(memcpy.o)
                              ./utilities/fsl_str.o (memcpy)
C:/nxp/MCUXpressoIDE_24.12.148/ide/plugins/com.nxp.mcuxpresso.tools.win32_24.12.0.202407110909/tools/bin/../lib/gcc/arm-none-eabi/13.2.1/../../../../arm-none-eabi/lib/thumb/v7e-m+fp/hard\libcr_c.a(memset.o)
                              ./utilities/fsl_debug_console.o (memset)
C:/nxp/MCUXpressoIDE_24.12.148/ide/plugins/com.nxp.mcuxpresso.tools.win32_24.12.0.202407110909/tools/bin/../lib/gcc/arm-none-eabi/13.2.1/../../../../arm-none-eabi/lib/thumb/v7e-m+fp/hard\libcr_c.a(alloc.o)
                              ./drivers/fsl_common.o (malloc)
C:/nxp/MCUXpressoIDE_24.12.148/ide/plugins/com.nxp.mcuxpresso.tools.win32_24.12.0.202407110909/tools/bin/../lib/gcc/arm-none-eabi/13.2.1/../../../../arm-none-eabi/lib/thumb/v7e-m+fp/hard\libcr_c.a(errno.o)
                              ./utilities/fsl_str.o (errno)
C:/nxp/MCUXpressoIDE_24.12.148/ide/plugins/com.nxp.mcuxpresso.tools.win32_24.12.0.202407110909/tools/bin/../lib/gcc/arm-none-eabi/13.2.1/../../../../arm-none-eabi/lib/thumb/v7e-m+fp/hard\libcr_c.a(initio.o)
                              C:/nxp/MCUXpressoIDE_24.12.148/ide/plugins/com.nxp.mcuxpresso.tools.win32_24.12.0.202407110909/tools/bin/../lib/gcc/arm-none-eabi/13.2.1/../../../../arm-none-eabi/lib/thumb/v7e-m+fp/hard\libcr_nohost_nf.a(_cr__main.o) (_initio)
C:/nxp/MCUXpressoIDE_24.12.148/ide/plugins/com.nxp.mcuxpresso.tools.win32_24.12.0.202407110909/tools/bin/../lib/gcc/arm-none-eabi/13.2.1/../../../../arm-none-eabi/lib/thumb/v7e-m+fp/hard\libcr_c.a(scanf.o)
                              ./utilities/fsl_str.o (strtoul)
C:/nxp/MCUXpressoIDE_24.12.148/ide/plugins/com.nxp.mcuxpresso.tools.win32_24.12.0.202407110909/tools/bin/../lib/gcc/arm-none-eabi/13.2.1/../../../../arm-none-eabi/lib/thumb/v7e-m+fp/hard\libcr_c.a(setvbuf.o)
                              C:/nxp/MCUXpressoIDE_24.12.148/ide/plugins/com.nxp.mcuxpresso.tools.win32_24.12.0.202407110909/tools/bin/../lib/gcc/arm-none-eabi/13.2.1/../../../../arm-none-eabi/lib/thumb/v7e-m+fp/hard\libcr_c.a(initio.o) (setvbuf)
C:/nxp/MCUXpressoIDE_24.12.148/ide/plugins/com.nxp.mcuxpresso.tools.win32_24.12.0.202407110909/tools/bin/../lib/gcc/arm-none-eabi/13.2.1/../../../../arm-none-eabi/lib/thumb/v7e-m+fp/hard\libcr_c.a(strlen.o)
                              ./utilities/fsl_str.o (strlen)
C:/nxp/MCUXpressoIDE_24.12.148/ide/plugins/com.nxp.mcuxpresso.tools.win32_24.12.0.202407110909/tools/bin/../lib/gcc/arm-none-eabi/13.2.1/../../../../arm-none-eabi/lib/thumb/v7e-m+fp/hard\libcr_c.a(ungetc.o)
                              C:/nxp/MCUXpressoIDE_24.12.148/ide/plugins/com.nxp.mcuxpresso.tools.win32_24.12.0.202407110909/tools/bin/../lib/gcc/arm-none-eabi/13.2.1/../../../../arm-none-eabi/lib/thumb/v7e-m+fp/hard\libcr_c.a(scanf.o) (ungetc)
C:/nxp/MCUXpressoIDE_24.12.148/ide/plugins/com.nxp.mcuxpresso.tools.win32_24.12.0.202407110909/tools/bin/../lib/gcc/arm-none-eabi/13.2.1/../../../../arm-none-eabi/lib/thumb/v7e-m+fp/hard\libcr_c.a(__fillbuf.o)
                              C:/nxp/MCUXpressoIDE_24.12.148/ide/plugins/com.nxp.mcuxpresso.tools.win32_24.12.0.202407110909/tools/bin/../lib/gcc/arm-none-eabi/13.2.1/../../../../arm-none-eabi/lib/thumb/v7e-m+fp/hard\libcr_c.a(scanf.o) (__filbuf)
C:/nxp/MCUXpressoIDE_24.12.148/ide/plugins/com.nxp.mcuxpresso.tools.win32_24.12.0.202407110909/tools/bin/../lib/gcc/arm-none-eabi/13.2.1/../../../../arm-none-eabi/lib/thumb/v7e-m+fp/hard\libcr_c.a(__init_alloc.o)
                              C:/nxp/MCUXpressoIDE_24.12.148/ide/plugins/com.nxp.mcuxpresso.tools.win32_24.12.0.202407110909/tools/bin/../lib/gcc/arm-none-eabi/13.2.1/../../../../arm-none-eabi/lib/thumb/v7e-m+fp/hard\libcr_c.a(alloc.o) (__heaps)
C:/nxp/MCUXpressoIDE_24.12.148/ide/plugins/com.nxp.mcuxpresso.tools.win32_24.12.0.202407110909/tools/bin/../lib/gcc/arm-none-eabi/13.2.1/../../../../arm-none-eabi/lib/thumb/v7e-m+fp/hard\libcr_c.a(_cr_sbrk.o)
                              C:/nxp/MCUXpressoIDE_24.12.148/ide/plugins/com.nxp.mcuxpresso.tools.win32_24.12.0.202407110909/tools/bin/../lib/gcc/arm-none-eabi/13.2.1/../../../../arm-none-eabi/lib/thumb/v7e-m+fp/hard\libcr_c.a(alloc.o) (_sbrk)
C:/nxp/MCUXpressoIDE_24.12.148/ide/plugins/com.nxp.mcuxpresso.tools.win32_24.12.0.202407110909/tools/bin/../lib/gcc/arm-none-eabi/13.2.1/../../../../arm-none-eabi/lib/thumb/v7e-m+fp/hard\libcr_c.a(_deferredlazyseek.o)
[...]
Memory Configuration

Name             Origin             Length             Attributes
PROGRAM_FLASH    0x00000000         0x00100000         xr
SRAM_UPPER       0x20000000         0x00030000         xrw
SRAM_LOWER       0x1fff0000         0x00010000         xrw
FLEX_RAM         0x14000000         0x00001000         xrw
*default*        0x00000000         0xffffffff

Linker script and memory map

LOAD ./utilities/fsl_assert.o
LOAD ./utilities/fsl_debug_console.o
LOAD ./utilities/fsl_str.o
LOAD ./startup/startup_mk64f12.o
LOAD ./source/UART_driver/UART_driver.o
LOAD ./source/GPIO.o
LOAD ./source/freertos_uart.o
LOAD ./source/semihost_hardfault.o
LOAD ./freertos/freertos_kernel/portable/MemMang/heap_4.o
LOAD ./freertos/freertos_kernel/portable/GCC/ARM_CM4F/port.o
LOAD ./freertos/freertos_kernel/croutine.o
LOAD ./freertos/freertos_kernel/event_groups.o
LOAD ./freertos/freertos_kernel/list.o
LOAD ./freertos/freertos_kernel/queue.o
LOAD ./freertos/freertos_kernel/stream_buffer.o
LOAD ./freertos/freertos_kernel/tasks.o
LOAD ./freertos/freertos_kernel/timers.o
LOAD ./drivers/freertos/fsl_uart_freertos.o
LOAD ./drivers/fsl_clock.o
LOAD ./drivers/fsl_common.o
LOAD ./drivers/fsl_common_arm.o
LOAD ./drivers/fsl_ftfx_cache.o
LOAD ./drivers/fsl_ftfx_controller.o
LOAD ./drivers/fsl_ftfx_flash.o
LOAD ./drivers/fsl_ftfx_flexnvm.o
LOAD ./drivers/fsl_gpio.o
LOAD ./drivers/fsl_smc.o
LOAD ./drivers/fsl_uart.o
LOAD ./device/system_MK64F12.o
LOAD ./component/uart/fsl_adapter_uart.o
LOAD ./component/serial_manager/fsl_component_serial_manager.o
LOAD ./component/serial_manager/fsl_component_serial_port_uart.o
LOAD ./component/lists/fsl_component_generic_list.o
LOAD ./board/board.o
LOAD ./board/clock_config.o
LOAD ./board/pin_mux.o
START GROUP
LOAD C:/nxp/MCUXpressoIDE_24.12.148/ide/plugins/com.nxp.mcuxpresso.tools.win32_24.12.0.202407110909/tools/bin/../lib/gcc/arm-none-eabi/13.2.1/../../../../arm-none-eabi/lib/thumb/v7e-m+fp/hard\libcr_nohost_nf.a
LOAD C:/nxp/MCUXpressoIDE_24.12.148/ide/plugins/com.nxp.mcuxpresso.tools.win32_24.12.0.202407110909/tools/bin/../lib/gcc/arm-none-eabi/13.2.1/../../../../arm-none-eabi/lib/thumb/v7e-m+fp/hard\libcr_c.a
LOAD C:/nxp/MCUXpressoIDE_24.12.148/ide/plugins/com.nxp.mcuxpresso.tools.win32_24.12.0.202407110909/tools/bin/../lib/gcc/arm-none-eabi/13.2.1/thumb/v7e-m+fp/hard\libcr_eabihelpers.a
LOAD C:/nxp/MCUXpressoIDE_24.12.148/ide/plugins/com.nxp.mcuxpresso.tools.win32_24.12.0.202407110909/tools/bin/../lib/gcc/arm-none-eabi/13.2.1/thumb/v7e-m+fp/hard\libgcc.a
END GROUP
                0x00000000                        __base_PROGRAM_FLASH = 0x0
                0x00000000                        __base_Flash = 0x0
                0x00100000                        __top_PROGRAM_FLASH = 0x100000
                0x00100000                        __top_Flash = 0x100000
                0x20000000                        __base_SRAM_UPPER = 0x20000000
                0x20000000                        __base_RAM = 0x20000000
                0x20030000                        __top_SRAM_UPPER = 0x20030000
                0x20030000                        __top_RAM = 0x20030000
                0x1fff0000                        __base_SRAM_LOWER = 0x1fff0000
                0x1fff0000                        __base_RAM2 = 0x1fff0000
                0x20000000                        __top_SRAM_LOWER = 0x20000000
                0x20000000                        __top_RAM2 = 0x20000000
                0x14000000                        __base_FLEX_RAM = 0x14000000
                0x14000000                        __base_RAM3 = 0x14000000
                0x14001000                        __top_FLEX_RAM = 0x14001000
                0x14001000                        __top_RAM3 = 0x14001000

.text           0x00000000     0x5288
 FILL mask 0xff
                0x00000000                        __vectors_start__ = ABSOLUTE (.)
 *(SORT_BY_ALIGNMENT(.isr_vector))
 .isr_vector    0x00000000      0x198 ./startup/startup_mk64f12.o
                0x00000000                g_pfnVectors
                0x00000000                __Vectors
                0x00000198                        . = ALIGN (0x4)
                0x00000198                        __section_table_start = .
                0x00000198                        __data_section_table = .
                0x00000198        0x4 LONG 0x5288 LOADADDR (.data)
                0x0000019c        0x4 LONG 0x20000000 ADDR (.data)
                0x000001a0        0x4 LONG 0x10 SIZEOF (.data)
                0x000001a4        0x4 LONG 0x5288 LOADADDR (.data_RAM2)
                0x000001a8        0x4 LONG 0x1fff0000 ADDR (.data_RAM2)
                0x000001ac        0x4 LONG 0x0 SIZEOF (.data_RAM2)
                0x000001b0        0x4 LONG 0x5288 LOADADDR (.data_RAM3)
                0x000001b4        0x4 LONG 0x14000000 ADDR (.data_RAM3)
                0x000001b8        0x4 LONG 0x0 SIZEOF (.data_RAM3)
                0x000001bc                        __data_section_table_end = .
                0x000001bc                        __bss_section_table = .
                0x000001bc        0x4 LONG 0x20000010 ADDR (.bss)
                0x000001c0        0x4 LONG 0x2ab0 SIZEOF (.bss)
                0x000001c4        0x4 LONG 0x1fff0000 ADDR (.bss_RAM2)
                0x000001c8        0x4 LONG 0x0 SIZEOF (.bss_RAM2)
                0x000001cc        0x4 LONG 0x14000000 ADDR (.bss_RAM3)
                0x000001d0        0x4 LONG 0x0 SIZEOF (.bss_RAM3)
                0x000001d4                        __bss_section_table_end = .
                0x000001d4                        __section_table_end = .
 *(SORT_BY_ALIGNMENT(.after_vectors*))
 .after_vectors.reset
                0x000001d4       0x4c ./startup/startup_mk64f12.o
                0x000001d4                ResetISR
 .after_vectors.init_data
                0x00000220       0x1e ./startup/startup_mk64f12.o
                0x00000220                data_init
 .after_vectors.init_bss
                0x0000023e       0x12 ./startup/startup_mk64f12.o
                0x0000023e                bss_init
 .after_vectors
                0x00000250       0x14 ./startup/startup_mk64f12.o
                0x00000250                NMI_Handler
                0x00000254                MemManage_Handler
                0x00000256                BusFault_Handler
                0x00000258                UsageFault_Handler
                0x0000025c                DebugMon_Handler
                0x00000262                LPTMR0_DriverIRQHandler
                0x00000262                DMA_Error_DriverIRQHandler
                0x00000262                SPI1_DriverIRQHandler
                0x00000262                FTM1_DriverIRQHandler
                0x00000262                FTM2_DriverIRQHandler
                0x00000262                PIT2_DriverIRQHandler
                0x00000262                SDHC_DriverIRQHandler
                0x00000262                I2S0_Tx_DriverIRQHandler
                0x00000262                RTC_Seconds_DriverIRQHandler
                0x00000262                DMA6_DriverIRQHandler
                0x00000262                LLWU_DriverIRQHandler
                0x00000262                MCM_DriverIRQHandler
                0x00000262                MCG_DriverIRQHandler
                0x00000262                ENET_1588_Timer_DriverIRQHandler
                0x00000262                I2C2_DriverIRQHandler
                0x00000262                DAC1_DriverIRQHandler
                0x00000262                DMA12_DriverIRQHandler
                0x00000262                CMP1_DriverIRQHandler
                0x00000262                FTM0_DriverIRQHandler
                0x00000262                IntDefaultHandler
                0x00000262                USB0_DriverIRQHandler
                0x00000262                UART5_ERR_DriverIRQHandler
                0x00000262                PORTC_DriverIRQHandler
                0x00000262                DMA11_DriverIRQHandler
                0x00000262                DAC0_DriverIRQHandler
                0x00000262                DMA10_DriverIRQHandler
                0x00000262                CMP2_DriverIRQHandler
                0x00000262                UART2_ERR_DriverIRQHandler
                0x00000262                SPI2_DriverIRQHandler
                0x00000262                LVD_LVW_DriverIRQHandler
                0x00000262                PIT0_DriverIRQHandler
                0x00000262                PORTB_DriverIRQHandler
                0x00000262                DMA5_DriverIRQHandler
                0x00000262                DMA4_DriverIRQHandler
                0x00000262                USBDCD_DriverIRQHandler
                0x00000262                UART3_ERR_DriverIRQHandler
                0x00000262                DMA3_DriverIRQHandler
                0x00000262                DMA8_DriverIRQHandler
                0x00000262                DMA9_DriverIRQHandler
                0x00000262                UART0_ERR_DriverIRQHandler
                0x00000262                CMT_DriverIRQHandler
                0x00000262                Reserved71_DriverIRQHandler
                0x00000262                ADC1_DriverIRQHandler
                0x00000262                PORTA_DriverIRQHandler
                0x00000262                DMA14_DriverIRQHandler
                0x00000262                PIT3_DriverIRQHandler
                0x00000262                PIT1_DriverIRQHandler
                0x00000262                WDOG_EWM_DriverIRQHandler
                0x00000262                PDB0_DriverIRQHandler
                0x00000262                RTC_DriverIRQHandler
                0x00000262                I2S0_Rx_DriverIRQHandler
                0x00000262                Read_Collision_DriverIRQHandler
                0x00000262                SWI_DriverIRQHandler
                0x00000262                UART4_ERR_DriverIRQHandler
                0x00000262                DMA0_DriverIRQHandler
                0x00000262                UART0_LON_DriverIRQHandler
                0x00000262                DMA1_DriverIRQHandler
                0x00000262                I2C1_DriverIRQHandler
                0x00000262                ENET_Receive_DriverIRQHandler
                0x00000262                DMA13_DriverIRQHandler
                0x00000262                ENET_Error_DriverIRQHandler
                0x00000262                DMA15_DriverIRQHandler
                0x00000262                SPI0_DriverIRQHandler
                0x00000262                ADC0_DriverIRQHandler
                0x00000262                CMP0_DriverIRQHandler
                0x00000262                CAN0_DriverIRQHandler
                0x00000262                FTM3_DriverIRQHandler
                0x00000262                RNG_DriverIRQHandler
                0x00000262                UART1_ERR_DriverIRQHandler
                0x00000262                DMA2_DriverIRQHandler
                0x00000262                ENET_Transmit_DriverIRQHandler
                0x00000262                PORTD_DriverIRQHandler
                0x00000262                PORTE_DriverIRQHandler
                0x00000262                FTFE_DriverIRQHandler
                0x00000262                I2C0_DriverIRQHandler
                0x00000262                DMA7_DriverIRQHandler
                0x00000400                        . = 0x400
 *fill*         0x00000264      0x19c ff
                0x00000400                        PROVIDE (__FLASH_CONFIG_START__ = .)
 *(SORT_BY_ALIGNMENT(.FlashConfig))
 .FlashConfig   0x00000400       0x10 ./startup/startup_mk64f12.o
                0x00000400                Flash_Config
                0x00000410                        PROVIDE (__FLASH_CONFIG_END__ = .)
                0x00000001                        ASSERT (! ((__FLASH_CONFIG_START__ == __FLASH_CONFIG_END__)), Linker Flash Config Support Enabled, but no .FlashConfig section provided within application)
 *(SORT_BY_ALIGNMENT(.text*))
 .text.SVC_Handler
                0x00000410       0x28 ./freertos/freertos_kernel/portable/GCC/ARM_CM4F/port.o
                0x00000410                SVC_Handler
 *fill*         0x00000438        0x8 ff
 .text.PendSV_Handler
                0x00000440       0x68 ./freertos/freertos_kernel/portable/GCC/ARM_CM4F/port.o
                0x00000440                PendSV_Handler
 .text.__assertion_failed
                0x000004a8       0x18 ./utilities/fsl_assert.o
                0x000004a8                __assertion_failed
 .text.DbgConsole_SendDataReliable
                0x000004c0       0x54 ./utilities/fsl_debug_console.o
                0x000004c0                DbgConsole_SendDataReliable
 .text.DbgConsole_Vprintf
                0x00000514       0x68 ./utilities/fsl_debug_console.o
                0x00000514                DbgConsole_Vprintf
 .text.__NVIC_EnableIRQ
                0x0000057c       0x3c ./source/GPIO.o
 .text.PORT_SetPinConfig
                0x000005b8       0x38 ./source/GPIO.o
 .text.GPIO_config
                0x000005f0      0x144 ./source/GPIO.o
                0x000005f0                GPIO_config
 .text.LED_On   0x00000734       0x54 ./source/GPIO.o
                0x00000734                LED_On
 .text.LED_Off  0x00000788       0x54 ./source/GPIO.o
                0x00000788                LED_Off
 .text.__NVIC_SetPriority
                0x000007dc       0x54 ./source/freertos_uart.o
 .text.main     0x00000830       0xc4 ./source/freertos_uart.o
                0x00000830                main
 .text.Thread0  0x000008f4       0x3c ./source/freertos_uart.o
 .text.Thread1  0x00000930       0x3c ./source/freertos_uart.o
 .text.Thread2  0x0000096c       0x58 ./source/freertos_uart.o
 .text.PORTA_IRQHandler
                0x000009c4       0x4c ./source/freertos_uart.o
                0x000009c4                PORTA_IRQHandler
 .text.PORTC_IRQHandler
                0x00000a10       0x4c ./source/freertos_uart.o
                0x00000a10                PORTC_IRQHandler
 .text.pvPortMalloc
                0x00000a5c      0x1c0 ./freertos/freertos_kernel/portable/MemMang/heap_4.o
                0x00000a5c                pvPortMalloc
 .text.vPortFree
                0x00000c1c       0xc4 ./freertos/freertos_kernel/portable/MemMang/heap_4.o
                0x00000c1c                vPortFree
 .text.prvHeapInit
                0x00000ce0       0xc4 ./freertos/freertos_kernel/portable/MemMang/heap_4.o
 .text.prvInsertBlockIntoFreeList
                0x00000da4       0xb4 ./freertos/freertos_kernel/portable/MemMang/heap_4.o
 .text.pxPortInitialiseStack
                0x00000e58       0x68 ./freertos/freertos_kernel/portable/GCC/ARM_CM4F/port.o
                0x00000e58                pxPortInitialiseStack
 .text.prvTaskExitError
                0x00000ec0       0x58 ./freertos/freertos_kernel/portable/GCC/ARM_CM4F/port.o
 .text.prvPortStartFirstTask
                0x00000f18       0x2c ./freertos/freertos_kernel/portable/GCC/ARM_CM4F/port.o
 .text.xPortStartScheduler
                0x00000f44      0x144 ./freertos/freertos_kernel/portable/GCC/ARM_CM4F/port.o
                0x00000f44                xPortStartScheduler
 .text.vPortEnterCritical
                0x00001088       0x60 ./freertos/freertos_kernel/portable/GCC/ARM_CM4F/port.o
                0x00001088                vPortEnterCritical
 .text.vPortExitCritical
                0x000010e8       0x54 ./freertos/freertos_kernel/portable/GCC/ARM_CM4F/port.o
                0x000010e8                vPortExitCritical
 .text.SysTick_Handler
                0x0000113c       0x44 ./freertos/freertos_kernel/portable/GCC/ARM_CM4F/port.o
                0x0000113c                SysTick_Handler
 .text.vPortSetupTimerInterrupt
                0x00001180       0x48 ./freertos/freertos_kernel/portable/GCC/ARM_CM4F/port.o
                0x00001180                vPortSetupTimerInterrupt
 .text.vPortEnableVFP
                0x000011c8       0x18 ./freertos/freertos_kernel/portable/GCC/ARM_CM4F/port.o
 .text.vPortValidateInterruptPriority
                0x000011e0       0x80 ./freertos/freertos_kernel/portable/GCC/ARM_CM4F/port.o
                0x000011e0                vPortValidateInterruptPriority
 .text.xQueueGenericReset
                0x00001260       0xd0 ./freertos/freertos_kernel/queue.o
                0x00001260                xQueueGenericReset
 .text.xQueueGenericSend
                0x00001330      0x1fc ./freertos/freertos_kernel/queue.o
                0x00001330                xQueueGenericSend
 .text.xQueueReceive
                0x0000152c      0x1c0 ./freertos/freertos_kernel/queue.o
                0x0000152c                xQueueReceive
 .text.xQueueSemaphoreTake
                0x000016ec      0x21c ./freertos/freertos_kernel/queue.o
                0x000016ec                xQueueSemaphoreTake
 .text.vQueueAddToRegistry
                0x00001908       0x54 ./freertos/freertos_kernel/queue.o
                0x00001908                vQueueAddToRegistry
 .text.prvAddNewTaskToReadyList
                0x0000195c       0xdc ./freertos/freertos_kernel/tasks.o
 .text.vTaskStartScheduler
                0x00001a38       0xa4 ./freertos/freertos_kernel/tasks.o
                0x00001a38                vTaskStartScheduler
 .text.vTaskSuspendAll
                0x00001adc       0x1c ./freertos/freertos_kernel/tasks.o
                0x00001adc                vTaskSuspendAll
 .text.xTaskResumeAll
                0x00001af8      0x138 ./freertos/freertos_kernel/tasks.o
                0x00001af8                xTaskResumeAll
 .text.xTaskGetTickCount
                0x00001c30       0x20 ./freertos/freertos_kernel/tasks.o
                0x00001c30                xTaskGetTickCount
 .text.xTaskIncrementTick
                0x00001c50      0x154 ./freertos/freertos_kernel/tasks.o
                0x00001c50                xTaskIncrementTick
 .text.vTaskSwitchContext
                0x00001da4       0xb8 ./freertos/freertos_kernel/tasks.o
                0x00001da4                vTaskSwitchContext
 .text.vTaskPlaceOnEventList
                0x00001e5c       0x48 ./freertos/freertos_kernel/tasks.o
                0x00001e5c                vTaskPlaceOnEventList
 .text.vTaskPlaceOnEventListRestricted
                0x00001ea4       0x58 ./freertos/freertos_kernel/tasks.o
                0x00001ea4                vTaskPlaceOnEventListRestricted
 .text.xTaskRemoveFromEventList
                0x00001efc       0xc4 ./freertos/freertos_kernel/tasks.o
                0x00001efc                xTaskRemoveFromEventList
 .text.vTaskInternalSetTimeOutState
                0x00001fc0       0x2c ./freertos/freertos_kernel/tasks.o
                0x00001fc0                vTaskInternalSetTimeOutState
 .text.xTaskCheckForTimeOut
                0x00001fec       0xcc ./freertos/freertos_kernel/tasks.o
                0x00001fec                xTaskCheckForTimeOut
 .text.vTaskMissedYield
                0x000020b8       0x18 ./freertos/freertos_kernel/tasks.o
                0x000020b8                vTaskMissedYield
 .text.prvIdleTask
                0x000020d0       0x30 ./freertos/freertos_kernel/tasks.o
 .text.prvInitialiseTaskLists
                0x00002100       0x80 ./freertos/freertos_kernel/tasks.o
 .text.prvCheckTasksWaitingTermination
                0x00002180       0x5c ./freertos/freertos_kernel/tasks.o
 .text.prvResetNextTaskUnblockTime
                0x000021dc       0x38 ./freertos/freertos_kernel/tasks.o
 .text.xTaskGetSchedulerState
                0x00002214       0x3c ./freertos/freertos_kernel/tasks.o
                0x00002214                xTaskGetSchedulerState
 .text.xTaskPriorityInherit
                0x00002250       0xec ./freertos/freertos_kernel/tasks.o
                0x00002250                xTaskPriorityInherit
 .text.xTaskPriorityDisinherit
                0x0000233c       0xf4 ./freertos/freertos_kernel/tasks.o
                0x0000233c                xTaskPriorityDisinherit
 .text.vTaskPriorityDisinheritAfterTimeout
                0x00002430      0x11c ./freertos/freertos_kernel/tasks.o
                0x00002430                vTaskPriorityDisinheritAfterTimeout
 .text.pvTaskIncrementMutexHeldCount
                0x0000254c       0x28 ./freertos/freertos_kernel/tasks.o
                0x0000254c                pvTaskIncrementMutexHeldCount
 .text.prvAddCurrentTaskToDelayedList
                0x00002574       0xcc ./freertos/freertos_kernel/tasks.o
 .text.xTimerCreateTimerTask
                0x00002640       0x64 ./freertos/freertos_kernel/timers.o
                0x00002640                xTimerCreateTimerTask
 .text.xTimerGenericCommand
                0x000026a4       0x9c ./freertos/freertos_kernel/timers.o
                0x000026a4                xTimerGenericCommand
 .text.prvProcessExpiredTimer
                0x00002740       0x98 ./freertos/freertos_kernel/timers.o
 .text.prvProcessTimerOrBlockTask
                0x000027d8       0x9c ./freertos/freertos_kernel/timers.o
 .text.prvGetNextExpireTime
                0x00002874       0x48 ./freertos/freertos_kernel/timers.o
 .text.prvSampleTimeNow
                0x000028bc       0x40 ./freertos/freertos_kernel/timers.o
 .text.prvInsertTimerInActiveList
                0x000028fc       0x84 ./freertos/freertos_kernel/timers.o
 .text.prvProcessReceivedCommands
                0x00002980      0x1c4 ./freertos/freertos_kernel/timers.o
 .text.prvSwitchTimerLists
                0x00002b44       0xc8 ./freertos/freertos_kernel/timers.o
 .text.prvCheckForValidListAndQueue
                0x00002c0c       0x6c ./freertos/freertos_kernel/timers.o
 .text.CLOCK_SetEr32kClock
                0x00002c78       0x30 ./drivers/fsl_clock.o
 .text.CLOCK_SetPllFllSelClock
                0x00002ca8       0x38 ./drivers/fsl_clock.o
 .text.CLOCK_GetOscRangeFromFreq
                0x00002ce0       0x3c ./drivers/fsl_clock.o
 .text.CLOCK_SetSimConfig
                0x00002d1c       0x34 ./drivers/fsl_clock.o
                0x00002d1c                CLOCK_SetSimConfig
 .text.CLOCK_SetExternalRefClkConfig
                0x00002d50       0x6c ./drivers/fsl_clock.o
                0x00002d50                CLOCK_SetExternalRefClkConfig
 .text.CLOCK_SetInternalRefClkConfig
                0x00002dbc      0x104 ./drivers/fsl_clock.o
                0x00002dbc                CLOCK_SetInternalRefClkConfig
 .text.CLOCK_EnablePll0
                0x00002ec0       0x88 ./drivers/fsl_clock.o
                0x00002ec0                CLOCK_EnablePll0
 .text.CLOCK_InitOsc0
                0x00002f48       0x8c ./drivers/fsl_clock.o
                0x00002f48                CLOCK_InitOsc0
 .text.CLOCK_SetPbeMode
                0x00002fd4       0xa8 ./drivers/fsl_clock.o
                0x00002fd4                CLOCK_SetPbeMode
 .text.CLOCK_BootToPeeMode
                0x0000307c       0x60 ./drivers/fsl_clock.o
                0x0000307c                CLOCK_BootToPeeMode
 .text.GPIO_PinInit
                0x000030dc       0x64 ./drivers/fsl_gpio.o
                0x000030dc                GPIO_PinInit
 .text.UART0_DriverIRQHandler
                0x00003140       0x28 ./drivers/fsl_uart.o
                0x00003140                UART0_DriverIRQHandler
 .text.UART1_DriverIRQHandler
                0x00003168       0x28 ./drivers/fsl_uart.o
                0x00003168                UART1_DriverIRQHandler
 .text.UART2_DriverIRQHandler
                0x00003190       0x28 ./drivers/fsl_uart.o
                0x00003190                UART2_DriverIRQHandler
 .text.UART3_DriverIRQHandler
                0x000031b8       0x28 ./drivers/fsl_uart.o
                0x000031b8                UART3_DriverIRQHandler
 .text.UART4_DriverIRQHandler
                0x000031e0       0x28 ./drivers/fsl_uart.o
                0x000031e0                UART4_DriverIRQHandler
 .text.UART5_DriverIRQHandler
                0x00003208       0x28 ./drivers/fsl_uart.o
                0x00003208                UART5_DriverIRQHandler
 .text.SystemInit
                0x00003230       0x3c ./device/system_MK64F12.o
                0x00003230                SystemInit
 .text.HAL_UartSendBlocking
                0x0000326c       0x64 ./component/uart/fsl_adapter_uart.o
                0x0000326c                HAL_UartSendBlocking
 .text.CLOCK_SetSimSafeDivs
                0x000032d0       0x20 ./board/clock_config.o
 .text.CLOCK_SetXtal0Freq
                0x000032f0       0x20 ./board/clock_config.o
 .text.CLOCK_CONFIG_SetFllExtRefDiv
                0x00003310       0x3c ./board/clock_config.o
 .text.BOARD_BootClockRUN
                0x0000334c       0x60 ./board/clock_config.o
                0x0000334c                BOARD_BootClockRUN
 .text.BOARD_InitPins
                0x000033ac       0x44 ./board/pin_mux.o
                0x000033ac                BOARD_InitPins
 .text._initio  0x000033f0       0x78 C:/nxp/MCUXpressoIDE_24.12.148/ide/plugins/com.nxp.mcuxpresso.tools.win32_24.12.0.202407110909/tools/bin/../lib/gcc/arm-none-eabi/13.2.1/../../../../arm-none-eabi/lib/thumb/v7e-m+fp/hard\libcr_c.a(initio.o)
                0x000033f0                _initio
 .text._Cwritebuf
                0x00003468       0x6c C:/nxp/MCUXpressoIDE_24.12.148/ide/plugins/com.nxp.mcuxpresso.tools.win32_24.12.0.202407110909/tools/bin/../lib/gcc/arm-none-eabi/13.2.1/../../../../arm-none-eabi/lib/thumb/v7e-m+fp/hard\libcr_c.a(_writebuf.o)
                0x00003468                _Cwritebuf
 .text.fflush   0x000034d4       0x3c C:/nxp/MCUXpressoIDE_24.12.148/ide/plugins/com.nxp.mcuxpresso.tools.win32_24.12.0.202407110909/tools/bin/../lib/gcc/arm-none-eabi/13.2.1/../../../../arm-none-eabi/lib/thumb/v7e-m+fp/hard\libcr_c.a(fflush.o)
                0x000034d4                fflush
 .text.fseek    0x00003510       0xf8 C:/nxp/MCUXpressoIDE_24.12.148/ide/plugins/com.nxp.mcuxpresso.tools.win32_24.12.0.202407110909/tools/bin/../lib/gcc/arm-none-eabi/13.2.1/../../../../arm-none-eabi/lib/thumb/v7e-m+fp/hard\libcr_c.a(fseek.o)
                0x00003510                fseek
 .text.ftell    0x00003608       0x44 C:/nxp/MCUXpressoIDE_24.12.148/ide/plugins/com.nxp.mcuxpresso.tools.win32_24.12.0.202407110909/tools/bin/../lib/gcc/arm-none-eabi/13.2.1/../../../../arm-none-eabi/lib/thumb/v7e-m+fp/hard\libcr_c.a(ftell.o)
                0x00003608                ftell
 .text.DbgConsole_PrintCallback
                0x0000364c       0x66 ./utilities/fsl_debug_console.o
 .text.DbgConsole_Printf
                0x000036b2       0x2c ./utilities/fsl_debug_console.o
                0x000036b2                DbgConsole_Printf
 .text.PrintGetWidth
                0x000036de       0x6a ./utilities/fsl_str.o
 .text.PrintGetPrecision
                0x00003748       0x8c ./utilities/fsl_str.o
 .text.PrintIsobpu
                0x000037d4       0x38 ./utilities/fsl_str.o
 .text.PrintIsdi
                0x0000380c       0x2c ./utilities/fsl_str.o
 .text.PrintOutputdifFobpu
                0x00003838       0x44 ./utilities/fsl_str.o
 .text.PrintOutputxX
                0x0000387c       0x44 ./utilities/fsl_str.o
 .text.PrintIsfF
                0x000038c0       0x2c ./utilities/fsl_str.o
 .text.PrintIsxX
                0x000038ec       0x2c ./utilities/fsl_str.o
 .text.PrintFilterLengthFlag
                0x00003918       0x3e ./utilities/fsl_str.o
 .text.PrintGetRadixFromobpu
                0x00003956       0x40 ./utilities/fsl_str.o
 .text.ConvertRadixNumToString
                0x00003996       0xc2 ./utilities/fsl_str.o
 .text.StrFormatPrintf
                0x00003a58      0x2ac ./utilities/fsl_str.o
                0x00003a58                StrFormatPrintf
 .text.DMA0_IRQHandler
                0x00003d04        0x8 ./startup/startup_mk64f12.o
                0x00003d04                DMA0_IRQHandler
 .text.DMA1_IRQHandler
                0x00003d0c        0x8 ./startup/startup_mk64f12.o
                0x00003d0c                DMA1_IRQHandler
 .text.DMA2_IRQHandler
                0x00003d14        0x8 ./startup/startup_mk64f12.o
                0x00003d14                DMA2_IRQHandler
 .text.DMA3_IRQHandler
                0x00003d1c        0x8 ./startup/startup_mk64f12.o
                0x00003d1c                DMA3_IRQHandler
 .text.DMA4_IRQHandler
                0x00003d24        0x8 ./startup/startup_mk64f12.o
                0x00003d24                DMA4_IRQHandler
 .text.DMA5_IRQHandler
                0x00003d2c        0x8 ./startup/startup_mk64f12.o
                0x00003d2c                DMA5_IRQHandler
 .text.DMA6_IRQHandler
                0x00003d34        0x8 ./startup/startup_mk64f12.o
                0x00003d34                DMA6_IRQHandler
 .text.DMA7_IRQHandler
                0x00003d3c        0x8 ./startup/startup_mk64f12.o
                0x00003d3c                DMA7_IRQHandler
 .text.DMA8_IRQHandler
                0x00003d44        0x8 ./startup/startup_mk64f12.o
                0x00003d44                DMA8_IRQHandler
 .text.DMA9_IRQHandler
                0x00003d4c        0x8 ./startup/startup_mk64f12.o
                0x00003d4c                DMA9_IRQHandler
 .text.DMA10_IRQHandler
                0x00003d54        0x8 ./startup/startup_mk64f12.o
                0x00003d54                DMA10_IRQHandler
 .text.DMA11_IRQHandler
                0x00003d5c        0x8 ./startup/startup_mk64f12.o
                0x00003d5c                DMA11_IRQHandler
 .text.DMA12_IRQHandler
                0x00003d64        0x8 ./startup/startup_mk64f12.o
                0x00003d64                DMA12_IRQHandler
 .text.DMA13_IRQHandler
                0x00003d6c        0x8 ./startup/startup_mk64f12.o
                0x00003d6c                DMA13_IRQHandler
 .text.DMA14_IRQHandler
                0x00003d74        0x8 ./startup/startup_mk64f12.o
                0x00003d74                DMA14_IRQHandler
 .text.DMA15_IRQHandler
                0x00003d7c        0x8 ./startup/startup_mk64f12.o
                0x00003d7c                DMA15_IRQHandler
 .text.DMA_Error_IRQHandler
                0x00003d84        0x8 ./startup/startup_mk64f12.o
                0x00003d84                DMA_Error_IRQHandler
 .text.MCM_IRQHandler
                0x00003d8c        0x8 ./startup/startup_mk64f12.o
                0x00003d8c                MCM_IRQHandler
 .text.FTFE_IRQHandler
                0x00003d94        0x8 ./startup/startup_mk64f12.o
                0x00003d94                FTFE_IRQHandler
 .text.Read_Collision_IRQHandler
                0x00003d9c        0x8 ./startup/startup_mk64f12.o
                0x00003d9c                Read_Collision_IRQHandler
 .text.LVD_LVW_IRQHandler
                0x00003da4        0x8 ./startup/startup_mk64f12.o
                0x00003da4                LVD_LVW_IRQHandler
 .text.LLWU_IRQHandler
                0x00003dac        0x8 ./startup/startup_mk64f12.o
                0x00003dac                LLWU_IRQHandler
 .text.WDOG_EWM_IRQHandler
                0x00003db4        0x8 ./startup/startup_mk64f12.o
                0x00003db4                WDOG_EWM_IRQHandler
 .text.RNG_IRQHandler
                0x00003dbc        0x8 ./startup/startup_mk64f12.o
                0x00003dbc                RNG_IRQHandler
 .text.I2C0_IRQHandler
                0x00003dc4        0x8 ./startup/startup_mk64f12.o
                0x00003dc4                I2C0_IRQHandler
 .text.I2C1_IRQHandler
                0x00003dcc        0x8 ./startup/startup_mk64f12.o
                0x00003dcc                I2C1_IRQHandler
 .text.SPI0_IRQHandler
                0x00003dd4        0x8 ./startup/startup_mk64f12.o
                0x00003dd4                SPI0_IRQHandler
 .text.SPI1_IRQHandler
                0x00003ddc        0x8 ./startup/startup_mk64f12.o
                0x00003ddc                SPI1_IRQHandler
 .text.I2S0_Tx_IRQHandler
                0x00003de4        0x8 ./startup/startup_mk64f12.o
                0x00003de4                I2S0_Tx_IRQHandler
 .text.I2S0_Rx_IRQHandler
                0x00003dec        0x8 ./startup/startup_mk64f12.o
                0x00003dec                I2S0_Rx_IRQHandler
 .text.UART0_LON_IRQHandler
                0x00003df4        0x8 ./startup/startup_mk64f12.o
                0x00003df4                UART0_LON_IRQHandler
 .text.UART0_RX_TX_IRQHandler
                0x00003dfc        0x8 ./startup/startup_mk64f12.o
                0x00003dfc                UART0_RX_TX_IRQHandler
 .text.UART0_ERR_IRQHandler
                0x00003e04        0x8 ./startup/startup_mk64f12.o
                0x00003e04                UART0_ERR_IRQHandler
 .text.UART1_RX_TX_IRQHandler
                0x00003e0c        0x8 ./startup/startup_mk64f12.o
                0x00003e0c                UART1_RX_TX_IRQHandler
 .text.UART1_ERR_IRQHandler
                0x00003e14        0x8 ./startup/startup_mk64f12.o
                0x00003e14                UART1_ERR_IRQHandler
 .text.UART2_RX_TX_IRQHandler
                0x00003e1c        0x8 ./startup/startup_mk64f12.o
                0x00003e1c                UART2_RX_TX_IRQHandler
 .text.UART2_ERR_IRQHandler
                0x00003e24        0x8 ./startup/startup_mk64f12.o
                0x00003e24                UART2_ERR_IRQHandler
 .text.UART3_RX_TX_IRQHandler
                0x00003e2c        0x8 ./startup/startup_mk64f12.o
                0x00003e2c                UART3_RX_TX_IRQHandler
 .text.UART3_ERR_IRQHandler
                0x00003e34        0x8 ./startup/startup_mk64f12.o
                0x00003e34                UART3_ERR_IRQHandler
 .text.ADC0_IRQHandler
                0x00003e3c        0x8 ./startup/startup_mk64f12.o
                0x00003e3c                ADC0_IRQHandler
 .text.CMP0_IRQHandler
                0x00003e44        0x8 ./startup/startup_mk64f12.o
                0x00003e44                CMP0_IRQHandler
 .text.CMP1_IRQHandler
                0x00003e4c        0x8 ./startup/startup_mk64f12.o
                0x00003e4c                CMP1_IRQHandler
 .text.FTM0_IRQHandler
                0x00003e54        0x8 ./startup/startup_mk64f12.o
                0x00003e54                FTM0_IRQHandler
 .text.FTM1_IRQHandler
                0x00003e5c        0x8 ./startup/startup_mk64f12.o
                0x00003e5c                FTM1_IRQHandler
 .text.FTM2_IRQHandler
                0x00003e64        0x8 ./startup/startup_mk64f12.o
                0x00003e64                FTM2_IRQHandler
 .text.CMT_IRQHandler
                0x00003e6c        0x8 ./startup/startup_mk64f12.o
                0x00003e6c                CMT_IRQHandler
 .text.RTC_IRQHandler
                0x00003e74        0x8 ./startup/startup_mk64f12.o
                0x00003e74                RTC_IRQHandler
 .text.RTC_Seconds_IRQHandler
                0x00003e7c        0x8 ./startup/startup_mk64f12.o
                0x00003e7c                RTC_Seconds_IRQHandler
 .text.PIT0_IRQHandler
                0x00003e84        0x8 ./startup/startup_mk64f12.o
                0x00003e84                PIT0_IRQHandler
 .text.PIT1_IRQHandler
                0x00003e8c        0x8 ./startup/startup_mk64f12.o
                0x00003e8c                PIT1_IRQHandler
 .text.PIT2_IRQHandler
                0x00003e94        0x8 ./startup/startup_mk64f12.o
                0x00003e94                PIT2_IRQHandler
 .text.PIT3_IRQHandler
                0x00003e9c        0x8 ./startup/startup_mk64f12.o
                0x00003e9c                PIT3_IRQHandler
 .text.PDB0_IRQHandler
                0x00003ea4        0x8 ./startup/startup_mk64f12.o
                0x00003ea4                PDB0_IRQHandler
 .text.USB0_IRQHandler
                0x00003eac        0x8 ./startup/startup_mk64f12.o
                0x00003eac                USB0_IRQHandler
 .text.USBDCD_IRQHandler
                0x00003eb4        0x8 ./startup/startup_mk64f12.o
                0x00003eb4                USBDCD_IRQHandler
 .text.Reserved71_IRQHandler
                0x00003ebc        0x8 ./startup/startup_mk64f12.o
                0x00003ebc                Reserved71_IRQHandler
 .text.DAC0_IRQHandler
                0x00003ec4        0x8 ./startup/startup_mk64f12.o
                0x00003ec4                DAC0_IRQHandler
 .text.MCG_IRQHandler
                0x00003ecc        0x8 ./startup/startup_mk64f12.o
                0x00003ecc                MCG_IRQHandler
 .text.LPTMR0_IRQHandler
                0x00003ed4        0x8 ./startup/startup_mk64f12.o
                0x00003ed4                LPTMR0_IRQHandler
 .text.PORTB_IRQHandler
                0x00003edc        0x8 ./startup/startup_mk64f12.o
                0x00003edc                PORTB_IRQHandler
 .text.PORTD_IRQHandler
                0x00003ee4        0x8 ./startup/startup_mk64f12.o
                0x00003ee4                PORTD_IRQHandler
 .text.PORTE_IRQHandler
                0x00003eec        0x8 ./startup/startup_mk64f12.o
                0x00003eec                PORTE_IRQHandler
 .text.SWI_IRQHandler
                0x00003ef4        0x8 ./startup/startup_mk64f12.o
                0x00003ef4                SWI_IRQHandler
 .text.SPI2_IRQHandler
                0x00003efc        0x8 ./startup/startup_mk64f12.o
                0x00003efc                SPI2_IRQHandler
 .text.UART4_RX_TX_IRQHandler
                0x00003f04        0x8 ./startup/startup_mk64f12.o
                0x00003f04                UART4_RX_TX_IRQHandler
 .text.UART4_ERR_IRQHandler
                0x00003f0c        0x8 ./startup/startup_mk64f12.o
                0x00003f0c                UART4_ERR_IRQHandler
 .text.UART5_RX_TX_IRQHandler
                0x00003f14        0x8 ./startup/startup_mk64f12.o
                0x00003f14                UART5_RX_TX_IRQHandler
 .text.UART5_ERR_IRQHandler
                0x00003f1c        0x8 ./startup/startup_mk64f12.o
                0x00003f1c                UART5_ERR_IRQHandler
 .text.CMP2_IRQHandler
                0x00003f24        0x8 ./startup/startup_mk64f12.o
                0x00003f24                CMP2_IRQHandler
 .text.FTM3_IRQHandler
                0x00003f2c        0x8 ./startup/startup_mk64f12.o
                0x00003f2c                FTM3_IRQHandler
 .text.DAC1_IRQHandler
                0x00003f34        0x8 ./startup/startup_mk64f12.o
                0x00003f34                DAC1_IRQHandler
 .text.ADC1_IRQHandler
                0x00003f3c        0x8 ./startup/startup_mk64f12.o
                0x00003f3c                ADC1_IRQHandler
 .text.I2C2_IRQHandler
                0x00003f44        0x8 ./startup/startup_mk64f12.o
                0x00003f44                I2C2_IRQHandler
 .text.CAN0_ORed_Message_buffer_IRQHandler
                0x00003f4c        0x8 ./startup/startup_mk64f12.o
                0x00003f4c                CAN0_ORed_Message_buffer_IRQHandler
 .text.CAN0_Bus_Off_IRQHandler
                0x00003f54        0x8 ./startup/startup_mk64f12.o
                0x00003f54                CAN0_Bus_Off_IRQHandler
 .text.CAN0_Error_IRQHandler
                0x00003f5c        0x8 ./startup/startup_mk64f12.o
                0x00003f5c                CAN0_Error_IRQHandler
 .text.CAN0_Tx_Warning_IRQHandler
                0x00003f64        0x8 ./startup/startup_mk64f12.o
                0x00003f64                CAN0_Tx_Warning_IRQHandler
 .text.CAN0_Rx_Warning_IRQHandler
                0x00003f6c        0x8 ./startup/startup_mk64f12.o
                0x00003f6c                CAN0_Rx_Warning_IRQHandler
 .text.CAN0_Wake_Up_IRQHandler
                0x00003f74        0x8 ./startup/startup_mk64f12.o
                0x00003f74                CAN0_Wake_Up_IRQHandler
 .text.SDHC_IRQHandler
                0x00003f7c        0x8 ./startup/startup_mk64f12.o
                0x00003f7c                SDHC_IRQHandler
 .text.ENET_1588_Timer_IRQHandler
                0x00003f84        0x8 ./startup/startup_mk64f12.o
                0x00003f84                ENET_1588_Timer_IRQHandler
 .text.ENET_Transmit_IRQHandler
                0x00003f8c        0x8 ./startup/startup_mk64f12.o
                0x00003f8c                ENET_Transmit_IRQHandler
 .text.ENET_Receive_IRQHandler
                0x00003f94        0x8 ./startup/startup_mk64f12.o
                0x00003f94                ENET_Receive_IRQHandler
 .text.ENET_Error_IRQHandler
                0x00003f9c        0x8 ./startup/startup_mk64f12.o
                0x00003f9c                ENET_Error_IRQHandler
 .text.CLOCK_EnableClock
                0x00003fa4       0x34 ./source/GPIO.o
 .text.EnableIRQ
                0x00003fd8       0x32 ./source/GPIO.o
 .text.PORT_SetPinMux
                0x0000400a       0x3a ./source/GPIO.o
 .text.PORT_SetPinInterruptConfig
                0x00004044       0x3a ./source/GPIO.o
 .text.PORT_ClearPinsInterruptFlags
                0x0000407e       0x1e ./source/GPIO.o
 .text.GPIO_PinWrite
                0x0000409c       0x36 ./source/GPIO.o
 .text.PORT_ClearPinsInterruptFlags
                0x000040d2       0x1e ./source/freertos_uart.o
 .text.HardFault_Handler
                0x000040f0       0x36 ./source/semihost_hardfault.o
                0x000040f0                HardFault_Handler
 .text.vListInitialise
                0x00004126       0x40 ./freertos/freertos_kernel/list.o
                0x00004126                vListInitialise
 .text.vListInitialiseItem
                0x00004166       0x1a ./freertos/freertos_kernel/list.o
                0x00004166                vListInitialiseItem
 .text.vListInsertEnd
                0x00004180       0x48 ./freertos/freertos_kernel/list.o
                0x00004180                vListInsertEnd
 .text.vListInsert
                0x000041c8       0x72 ./freertos/freertos_kernel/list.o
                0x000041c8                vListInsert
 .text.uxListRemove
                0x0000423a       0x54 ./freertos/freertos_kernel/list.o
                0x0000423a                uxListRemove
 .text.xQueueGenericCreate
                0x0000428e       0xbe ./freertos/freertos_kernel/queue.o
                0x0000428e                xQueueGenericCreate
 .text.prvInitialiseNewQueue
                0x0000434c       0x46 ./freertos/freertos_kernel/queue.o
 .text.xQueueGenericSendFromISR
                0x00004392      0x154 ./freertos/freertos_kernel/queue.o
                0x00004392                xQueueGenericSendFromISR
 .text.xQueueGiveFromISR
                0x000044e6      0x138 ./freertos/freertos_kernel/queue.o
                0x000044e6                xQueueGiveFromISR
 .text.prvGetDisinheritPriorityAfterTimeout
                0x0000461e       0x30 ./freertos/freertos_kernel/queue.o
 .text.prvCopyDataToQueue
                0x0000464e       0xd4 ./freertos/freertos_kernel/queue.o
 .text.prvCopyDataFromQueue
                0x00004722       0x4c ./freertos/freertos_kernel/queue.o
 .text.prvUnlockQueue
                0x0000476e       0xa4 ./freertos/freertos_kernel/queue.o
 .text.prvIsQueueEmpty
                0x00004812       0x2c ./freertos/freertos_kernel/queue.o
 .text.prvIsQueueFull
                0x0000483e       0x30 ./freertos/freertos_kernel/queue.o
 .text.vQueueWaitForMessageRestricted
                0x0000486e       0x68 ./freertos/freertos_kernel/queue.o
                0x0000486e                vQueueWaitForMessageRestricted
 .text.xTaskCreate
                0x000048d6       0x82 ./freertos/freertos_kernel/tasks.o
                0x000048d6                xTaskCreate
 .text.prvInitialiseNewTask
                0x00004958      0x140 ./freertos/freertos_kernel/tasks.o
 .text.prvDeleteTCB
                0x00004a98       0x20 ./freertos/freertos_kernel/tasks.o
 .text.prvTimerTask
                0x00004ab8       0x24 ./freertos/freertos_kernel/timers.o
 .text.OSC_SetExtRefClkConfig
                0x00004adc       0x34 ./drivers/fsl_clock.o
 .text.OSC_SetCapLoad
                0x00004b10       0x34 ./drivers/fsl_clock.o
 .text.GPIO_PinWrite
                0x00004b44       0x36 ./drivers/fsl_gpio.o
 .text.UART_WriteBlocking
                0x00004b7a       0x50 ./drivers/fsl_uart.o
                0x00004b7a                UART_WriteBlocking
 .text.UART0_RX_TX_DriverIRQHandler
                0x00004bca       0x12 ./drivers/fsl_uart.o
                0x00004bca                UART0_RX_TX_DriverIRQHandler
 .text.UART1_RX_TX_DriverIRQHandler
                0x00004bdc       0x12 ./drivers/fsl_uart.o
                0x00004bdc                UART1_RX_TX_DriverIRQHandler
 .text.UART2_RX_TX_DriverIRQHandler
                0x00004bee       0x12 ./drivers/fsl_uart.o
                0x00004bee                UART2_RX_TX_DriverIRQHandler
 .text.UART3_RX_TX_DriverIRQHandler
                0x00004c00       0x12 ./drivers/fsl_uart.o
                0x00004c00                UART3_RX_TX_DriverIRQHandler
 .text.UART4_RX_TX_DriverIRQHandler
                0x00004c12       0x12 ./drivers/fsl_uart.o
                0x00004c12                UART4_RX_TX_DriverIRQHandler
 .text.UART5_RX_TX_DriverIRQHandler
                0x00004c24       0x12 ./drivers/fsl_uart.o
                0x00004c24                UART5_RX_TX_DriverIRQHandler
 .text.SystemInitHook
                0x00004c36        0xe ./device/system_MK64F12.o
                0x00004c36                SystemInitHook
 .text.SerialManager_StartWriting
                0x00004c44       0x38 ./component/serial_manager/fsl_component_serial_manager.o
 .text.SerialManager_Write
                0x00004c7c       0x44 ./component/serial_manager/fsl_component_serial_manager.o
 .text.SerialManager_WriteBlocking
                0x00004cc0       0x20 ./component/serial_manager/fsl_component_serial_manager.o
                0x00004cc0                SerialManager_WriteBlocking
 .text.Serial_UartWrite
                0x00004ce0       0x38 ./component/serial_manager/fsl_component_serial_port_uart.o
                0x00004ce0                Serial_UartWrite
 .text.BOARD_InitBootClocks
                0x00004d18        0xc ./board/clock_config.o
                0x00004d18                BOARD_InitBootClocks
 .text.CLOCK_EnableClock
                0x00004d24       0x34 ./board/pin_mux.o
 .text.PORT_SetPinMux
                0x00004d58       0x3a ./board/pin_mux.o
 .text.BOARD_InitBootPins
                0x00004d92        0xc ./board/pin_mux.o
                0x00004d92                BOARD_InitBootPins
 .text.__main   0x00004d9e        0xe C:/nxp/MCUXpressoIDE_24.12.148/ide/plugins/com.nxp.mcuxpresso.tools.win32_24.12.0.202407110909/tools/bin/../lib/gcc/arm-none-eabi/13.2.1/../../../../arm-none-eabi/lib/thumb/v7e-m+fp/hard\libcr_nohost_nf.a(_cr__main.o)
                0x00004d9e                __main
 .text.memcpy   0x00004dac        0x4 C:/nxp/MCUXpressoIDE_24.12.148/ide/plugins/com.nxp.mcuxpresso.tools.win32_24.12.0.202407110909/tools/bin/../lib/gcc/arm-none-eabi/13.2.1/../../../../arm-none-eabi/lib/thumb/v7e-m+fp/hard\libcr_c.a(memcpy.o)
                0x00004dac                memcpy
 .text.memset   0x00004db0        0x4 C:/nxp/MCUXpressoIDE_24.12.148/ide/plugins/com.nxp.mcuxpresso.tools.win32_24.12.0.202407110909/tools/bin/../lib/gcc/arm-none-eabi/13.2.1/../../../../arm-none-eabi/lib/thumb/v7e-m+fp/hard\libcr_c.a(memset.o)
                0x00004db0                memset
 .text.free     0x00004db4       0x30 C:/nxp/MCUXpressoIDE_24.12.148/ide/plugins/com.nxp.mcuxpresso.tools.win32_24.12.0.202407110909/tools/bin/../lib/gcc/arm-none-eabi/13.2.1/../../../../arm-none-eabi/lib/thumb/v7e-m+fp/hard\libcr_c.a(alloc.o)
                0x00004db4                free
 .text.setvbuf  0x00004de4       0x3e C:/nxp/MCUXpressoIDE_24.12.148/ide/plugins/com.nxp.mcuxpresso.tools.win32_24.12.0.202407110909/tools/bin/../lib/gcc/arm-none-eabi/13.2.1/../../../../arm-none-eabi/lib/thumb/v7e-m+fp/hard\libcr_c.a(setvbuf.o)
                0x00004de4                setvbuf
 .text.strlen   0x00004e22       0x4e C:/nxp/MCUXpressoIDE_24.12.148/ide/plugins/com.nxp.mcuxpresso.tools.win32_24.12.0.202407110909/tools/bin/../lib/gcc/arm-none-eabi/13.2.1/../../../../arm-none-eabi/lib/thumb/v7e-m+fp/hard\libcr_c.a(strlen.o)
                0x00004e22                strlen
 .text._deferredlazyseek
                0x00004e70       0x40 C:/nxp/MCUXpressoIDE_24.12.148/ide/plugins/com.nxp.mcuxpresso.tools.win32_24.12.0.202407110909/tools/bin/../lib/gcc/arm-none-eabi/13.2.1/../../../../arm-none-eabi/lib/thumb/v7e-m+fp/hard\libcr_c.a(_deferredlazyseek.o)
                0x00004e70                _deferredlazyseek
 .text._fdopen  0x00004eb0       0x68 C:/nxp/MCUXpressoIDE_24.12.148/ide/plugins/com.nxp.mcuxpresso.tools.win32_24.12.0.202407110909/tools/bin/../lib/gcc/arm-none-eabi/13.2.1/../../../../arm-none-eabi/lib/thumb/v7e-m+fp/hard\libcr_c.a(_fdopen.o)
                0x00004eb0                _fdopen
 .text._fflush  0x00004f18       0x52 C:/nxp/MCUXpressoIDE_24.12.148/ide/plugins/com.nxp.mcuxpresso.tools.win32_24.12.0.202407110909/tools/bin/../lib/gcc/arm-none-eabi/13.2.1/../../../../arm-none-eabi/lib/thumb/v7e-m+fp/hard\libcr_c.a(_fflush.o)
                0x00004f18                _fflush
 .text.fclose   0x00004f6a       0x58 C:/nxp/MCUXpressoIDE_24.12.148/ide/plugins/com.nxp.mcuxpresso.tools.win32_24.12.0.202407110909/tools/bin/../lib/gcc/arm-none-eabi/13.2.1/../../../../arm-none-eabi/lib/thumb/v7e-m+fp/hard\libcr_c.a(fclose.o)
                0x00004f6a                fclose
 .text.remove   0x00004fc2       0x14 C:/nxp/MCUXpressoIDE_24.12.148/ide/plugins/com.nxp.mcuxpresso.tools.win32_24.12.0.202407110909/tools/bin/../lib/gcc/arm-none-eabi/13.2.1/../../../../arm-none-eabi/lib/thumb/v7e-m+fp/hard\libcr_c.a(remove.o)
                0x00004fc2                remove
 .text._do_fflush
                0x00004fd6       0x40 C:/nxp/MCUXpressoIDE_24.12.148/ide/plugins/com.nxp.mcuxpresso.tools.win32_24.12.0.202407110909/tools/bin/../lib/gcc/arm-none-eabi/13.2.1/../../../../arm-none-eabi/lib/thumb/v7e-m+fp/hard\libcr_c.a(_do_fflush.o)
                0x00004fd6                _do_fflush
 .text.__aeabi_memcpy
                0x00005016       0x34 C:/nxp/MCUXpressoIDE_24.12.148/ide/plugins/com.nxp.mcuxpresso.tools.win32_24.12.0.202407110909/tools/bin/../lib/gcc/arm-none-eabi/13.2.1/thumb/v7e-m+fp/hard\libcr_eabihelpers.a(memcpy.o)
                0x00005016                __aeabi_memcpy
                0x00005020                __aeabi_memcpy8
                0x00005020                __aeabi_memcpy4
 .text.__aeabi_memset_lowlevel
                0x0000504a       0x32 C:/nxp/MCUXpressoIDE_24.12.148/ide/plugins/com.nxp.mcuxpresso.tools.win32_24.12.0.202407110909/tools/bin/../lib/gcc/arm-none-eabi/13.2.1/thumb/v7e-m+fp/hard\libcr_eabihelpers.a(memcpy.o)
                0x0000504a                __aeabi_lowlevel_memset
 .text.__sys_close
                0x0000507c        0x6 C:/nxp/MCUXpressoIDE_24.12.148/ide/plugins/com.nxp.mcuxpresso.tools.win32_24.12.0.202407110909/tools/bin/../lib/gcc/arm-none-eabi/13.2.1/../../../../arm-none-eabi/lib/thumb/v7e-m+fp/hard\libcr_nohost_nf.a(__sys_close.o)
                0x0000507c                __sys_close
 .text.__sys_flen
                0x00005082        0x6 C:/nxp/MCUXpressoIDE_24.12.148/ide/plugins/com.nxp.mcuxpresso.tools.win32_24.12.0.202407110909/tools/bin/../lib/gcc/arm-none-eabi/13.2.1/../../../../arm-none-eabi/lib/thumb/v7e-m+fp/hard\libcr_nohost_nf.a(__sys_flen.o)
                0x00005082                __sys_flen
 .text.__sys_istty
                0x00005088        0x6 C:/nxp/MCUXpressoIDE_24.12.148/ide/plugins/com.nxp.mcuxpresso.tools.win32_24.12.0.202407110909/tools/bin/../lib/gcc/arm-none-eabi/13.2.1/../../../../arm-none-eabi/lib/thumb/v7e-m+fp/hard\libcr_nohost_nf.a(__sys_istty.o)
                0x00005088                __sys_istty
 .text.__sys_remove
                0x0000508e        0x6 C:/nxp/MCUXpressoIDE_24.12.148/ide/plugins/com.nxp.mcuxpresso.tools.win32_24.12.0.202407110909/tools/bin/../lib/gcc/arm-none-eabi/13.2.1/../../../../arm-none-eabi/lib/thumb/v7e-m+fp/hard\libcr_nohost_nf.a(__sys_remove.o)
                0x0000508e                __sys_remove
 .text.__sys_seek
                0x00005094        0x6 C:/nxp/MCUXpressoIDE_24.12.148/ide/plugins/com.nxp.mcuxpresso.tools.win32_24.12.0.202407110909/tools/bin/../lib/gcc/arm-none-eabi/13.2.1/../../../../arm-none-eabi/lib/thumb/v7e-m+fp/hard\libcr_nohost_nf.a(__sys_seek.o)
                0x00005094                __sys_seek
 .text.__sys_tmpnam
                0x0000509a        0x6 C:/nxp/MCUXpressoIDE_24.12.148/ide/plugins/com.nxp.mcuxpresso.tools.win32_24.12.0.202407110909/tools/bin/../lib/gcc/arm-none-eabi/13.2.1/../../../../arm-none-eabi/lib/thumb/v7e-m+fp/hard\libcr_nohost_nf.a(__sys_tmpnam.o)
                0x0000509a                __sys_tmpnam
 .text.__sys_write
                0x000050a0        0x4 C:/nxp/MCUXpressoIDE_24.12.148/ide/plugins/com.nxp.mcuxpresso.tools.win32_24.12.0.202407110909/tools/bin/../lib/gcc/arm-none-eabi/13.2.1/../../../../arm-none-eabi/lib/thumb/v7e-m+fp/hard\libcr_nohost_nf.a(__sys_write.o)
                0x000050a0                __sys_write
 *freertos*/tasks.o(SORT_BY_ALIGNMENT(.rodata*))
 .rodata.uxTopUsedPriority
                0x000050a4        0x4 ./freertos/freertos_kernel/tasks.o
                0x000050a4                uxTopUsedPriority
 .rodata.vTaskStartScheduler.str1.4
                0x000050a8        0x5 ./freertos/freertos_kernel/tasks.o
 .rodata        0x000050a8       0x1c ./freertos/freertos_kernel/tasks.o
                0x000050a8                portArch_Name
                0x000050ac                FreeRTOSDebugConfig
 *(SORT_BY_ALIGNMENT(.rodata) SORT_BY_ALIGNMENT(.rodata.*) SORT_BY_ALIGNMENT(.constdata) SORT_BY_ALIGNMENT(.constdata.*))
 .rodata.__assertion_failed.str1.4
                0x000050c4      0x184 ./utilities/fsl_assert.o
                                 0x14 (size before relaxing)
 .rodata.PORT_SetPinConfig.str1.4
                0x00005248       0x4f ./source/GPIO.o
 .rodata.main.str1.4
                0x00005248       0x31 ./source/freertos_uart.o
 .rodata.xTimerCreateTimerTask.str1.4
                0x00005248        0x8 ./freertos/freertos_kernel/timers.o
 .rodata.prvCheckForValidListAndQueue.str1.4
                0x00005248        0x5 ./freertos/freertos_kernel/timers.o
 .rodata.CLOCK_EnablePll0.str1.4
                0x00005248       0x1a ./drivers/fsl_clock.o
 .rodata.CLOCK_SetPbeMode.str1.4
                0x00005248       0x1a ./drivers/fsl_clock.o
 .rodata.CLOCK_BootToPeeMode.str1.4
                0x00005248       0x1a ./drivers/fsl_clock.o
 .rodata.GPIO_PinInit.str1.4
                0x00005248       0x20 ./drivers/fsl_gpio.o
 .rodata.s_UartAdapterBase
                0x00005248       0x18 ./component/uart/fsl_adapter_uart.o
 .rodata.HAL_UartSendBlocking.str1.4
                0x00005260       0x60 ./component/uart/fsl_adapter_uart.o
 .rodata.mcgConfig_BOARD_BootClockRUN
                0x00005260        0xb ./board/clock_config.o
                0x00005260                mcgConfig_BOARD_BootClockRUN
 *fill*         0x0000526b        0x1 ff
 .rodata.simConfig_BOARD_BootClockRUN
                0x0000526c        0x8 ./board/clock_config.o
                0x0000526c                simConfig_BOARD_BootClockRUN
 .rodata.oscConfig_BOARD_BootClockRUN
                0x00005274        0x8 ./board/clock_config.o
                0x00005274                oscConfig_BOARD_BootClockRUN
 .rodata.__num_Ciob_streams
                0x0000527c        0x4 C:/nxp/MCUXpressoIDE_24.12.148/ide/plugins/com.nxp.mcuxpresso.tools.win32_24.12.0.202407110909/tools/bin/../lib/gcc/arm-none-eabi/13.2.1/../../../../arm-none-eabi/lib/thumb/v7e-m+fp/hard\libcr_nohost_nf.a(__ciob.o)
                0x0000527c                __num_Ciob_streams
 .rodata._initio.str1.1
                0x00005280        0x4 C:/nxp/MCUXpressoIDE_24.12.148/ide/plugins/com.nxp.mcuxpresso.tools.win32_24.12.0.202407110909/tools/bin/../lib/gcc/arm-none-eabi/13.2.1/../../../../arm-none-eabi/lib/thumb/v7e-m+fp/hard\libcr_c.a(initio.o)
                0x00005288                        . = ALIGN (0x8)
 *fill*         0x00005284        0x4 ff

.glue_7         0x00005288        0x0
 .glue_7        0x00005288        0x0 linker stubs

.glue_7t        0x00005288        0x0
 .glue_7t       0x00005288        0x0 linker stubs

.vfp11_veneer   0x00005288        0x0
 .vfp11_veneer  0x00005288        0x0 linker stubs

.v4_bx          0x00005288        0x0
 .v4_bx         0x00005288        0x0 linker stubs

.iplt           0x00005288        0x0
 .iplt          0x00005288        0x0 ./utilities/fsl_assert.o

.rel.dyn        0x00005288        0x0
 .rel.iplt      0x00005288        0x0 ./utilities/fsl_assert.o

.ARM.extab
 *(SORT_BY_ALIGNMENT(.ARM.extab*) SORT_BY_ALIGNMENT(.gnu.linkonce.armextab.*))

.ARM.exidx      0x00005288        0x0
                0x00005288                        __exidx_start = .
 *(SORT_BY_ALIGNMENT(.ARM.exidx*) SORT_BY_ALIGNMENT(.gnu.linkonce.armexidx.*))
                0x00005288                        __exidx_end = .
                0x00005288                        _etext = .

.m_usb_data
 *(SORT_BY_ALIGNMENT(m_usb_bdt))

.data_RAM2      0x1fff0000        0x0 load address 0x00005288
 FILL mask 0xff
                [!provide]                        PROVIDE (__start_data_RAM2 = .)
                [!provide]                        PROVIDE (__start_data_SRAM_LOWER = .)
 *(SORT_BY_ALIGNMENT(.ramfunc.$RAM2))
 *(SORT_BY_ALIGNMENT(.ramfunc.$SRAM_LOWER))
 *(SORT_BY_ALIGNMENT(.data.$RAM2))
 *(SORT_BY_ALIGNMENT(.data.$SRAM_LOWER))
 *(SORT_BY_ALIGNMENT(.data.$RAM2.*))
 *(SORT_BY_ALIGNMENT(.data.$SRAM_LOWER.*))
                0x1fff0000                        . = ALIGN (0x8)
                [!provide]                        PROVIDE (__end_data_RAM2 = .)
                [!provide]                        PROVIDE (__end_data_SRAM_LOWER = .)

.data_RAM3      0x14000000        0x0 load address 0x00005288
 FILL mask 0xff
                [!provide]                        PROVIDE (__start_data_RAM3 = .)
                [!provide]                        PROVIDE (__start_data_FLEX_RAM = .)
 *(SORT_BY_ALIGNMENT(.ramfunc.$RAM3))
 *(SORT_BY_ALIGNMENT(.ramfunc.$FLEX_RAM))
 *(SORT_BY_ALIGNMENT(.data.$RAM3))
 *(SORT_BY_ALIGNMENT(.data.$FLEX_RAM))
 *(SORT_BY_ALIGNMENT(.data.$RAM3.*))
 *(SORT_BY_ALIGNMENT(.data.$FLEX_RAM.*))
                0x14000000                        . = ALIGN (0x8)
                [!provide]                        PROVIDE (__end_data_RAM3 = .)
                [!provide]                        PROVIDE (__end_data_FLEX_RAM = .)

.uninit_RESERVED
                0x20000000        0x0
                0x20000000                        _start_uninit_RESERVED = .
 *(SORT_BY_ALIGNMENT(.bss.$RESERVED*))
                0x20000000                        . = ALIGN (0x8)
                0x20000000                        _end_uninit_RESERVED = .

.data           0x20000000       0x10 load address 0x00005288
 FILL mask 0xff
                0x20000000                        _data = .
                [!provide]                        PROVIDE (__start_data_RAM = .)
                [!provide]                        PROVIDE (__start_data_SRAM_UPPER = .)
 *(SORT_BY_ALIGNMENT(vtable))
 *(SORT_BY_ALIGNMENT(.ramfunc*))
 *(SORT_BY_ALIGNMENT(CodeQuickAccess))
 *(SORT_BY_ALIGNMENT(DataQuickAccess))
 *(SORT_BY_ALIGNMENT(RamFunction))
 *(SORT_BY_ALIGNMENT(.data*))
 .data.uxCriticalNesting
                0x20000000        0x4 ./freertos/freertos_kernel/portable/GCC/ARM_CM4F/port.o
 .data.SystemCoreClock
                0x20000004        0x4 ./device/system_MK64F12.o
                0x20000004                SystemCoreClock
 .data.spaces   0x20000008        0x1 ./source/freertos_uart.o
                0x20000008                spaces
                0x20000010                        . = ALIGN (0x8)
 *fill*         0x20000009        0x7 ff
                0x20000010                        _edata = .
                [!provide]                        PROVIDE (__end_data_RAM = .)
                [!provide]                        PROVIDE (__end_data_SRAM_UPPER = .)

.igot.plt       0x20000010        0x0 load address 0x00005298
 .igot.plt      0x20000010        0x0 ./utilities/fsl_assert.o

.bss_RAM2       0x1fff0000        0x0
                [!provide]                        PROVIDE (__start_bss_RAM2 = .)
                [!provide]                        PROVIDE (__start_bss_SRAM_LOWER = .)
 *(SORT_BY_ALIGNMENT(.bss.$RAM2))
 *(SORT_BY_ALIGNMENT(.bss.$SRAM_LOWER))
 *(SORT_BY_ALIGNMENT(.bss.$RAM2.*))
 *(SORT_BY_ALIGNMENT(.bss.$SRAM_LOWER.*))
                0x1fff0000                        . = ALIGN ((. != 0x0)?0x8:0x1)
                [!provide]                        PROVIDE (__end_bss_RAM2 = .)
                [!provide]                        PROVIDE (__end_bss_SRAM_LOWER = .)

.bss_RAM3       0x14000000        0x0
                [!provide]                        PROVIDE (__start_bss_RAM3 = .)
                [!provide]                        PROVIDE (__start_bss_FLEX_RAM = .)
 *(SORT_BY_ALIGNMENT(.bss.$RAM3))
 *(SORT_BY_ALIGNMENT(.bss.$FLEX_RAM))
 *(SORT_BY_ALIGNMENT(.bss.$RAM3.*))
 *(SORT_BY_ALIGNMENT(.bss.$FLEX_RAM.*))
                0x14000000                        . = ALIGN ((. != 0x0)?0x8:0x1)
                [!provide]                        PROVIDE (__end_bss_RAM3 = .)
                [!provide]                        PROVIDE (__end_bss_FLEX_RAM = .)

.bss            0x20000010     0x2ab0
                0x20000010                        _bss = .
                [!provide]                        PROVIDE (__start_bss_RAM = .)
                [!provide]                        PROVIDE (__start_bss_SRAM_UPPER = .)
 *(SORT_BY_ALIGNMENT(.bss*))
 .bss.s_debugConsoleState
                0x20000010       0x20 ./utilities/fsl_debug_console.o
 .bss.g_serialHandle
                0x20000030        0x4 ./utilities/fsl_debug_console.o
                0x20000030                g_serialHandle
 .bss.xEntranceSemaphore
                0x20000034        0x4 ./source/freertos_uart.o
                0x20000034                xEntranceSemaphore
 .bss.xExitSemaphore
                0x20000038        0x4 ./source/freertos_uart.o
                0x20000038                xExitSemaphore
 .bss.ucHeap    0x2000003c     0x2800 ./freertos/freertos_kernel/portable/MemMang/heap_4.o
 .bss.xStart    0x2000283c        0x8 ./freertos/freertos_kernel/portable/MemMang/heap_4.o
 .bss.pxEnd     0x20002844        0x4 ./freertos/freertos_kernel/portable/MemMang/heap_4.o
 .bss.xFreeBytesRemaining
                0x20002848        0x4 ./freertos/freertos_kernel/portable/MemMang/heap_4.o
 .bss.xMinimumEverFreeBytesRemaining
                0x2000284c        0x4 ./freertos/freertos_kernel/portable/MemMang/heap_4.o
 .bss.xNumberOfSuccessfulAllocations
                0x20002850        0x4 ./freertos/freertos_kernel/portable/MemMang/heap_4.o
 .bss.xNumberOfSuccessfulFrees
                0x20002854        0x4 ./freertos/freertos_kernel/portable/MemMang/heap_4.o
 .bss.xBlockAllocatedBit
                0x20002858        0x4 ./freertos/freertos_kernel/portable/MemMang/heap_4.o
 .bss.ulMaxPRIGROUPValue
                0x2000285c        0x4 ./freertos/freertos_kernel/portable/GCC/ARM_CM4F/port.o
 .bss.xQueueRegistry
                0x20002860       0x40 ./freertos/freertos_kernel/queue.o
                0x20002860                xQueueRegistry
 .bss.pxCurrentTCB
                0x200028a0        0x4 ./freertos/freertos_kernel/tasks.o
                0x200028a0                pxCurrentTCB
 .bss.pxReadyTasksLists
                0x200028a4       0x64 ./freertos/freertos_kernel/tasks.o
 .bss.xDelayedTaskList1
                0x20002908       0x14 ./freertos/freertos_kernel/tasks.o
 .bss.xDelayedTaskList2
                0x2000291c       0x14 ./freertos/freertos_kernel/tasks.o
 .bss.pxDelayedTaskList
                0x20002930        0x4 ./freertos/freertos_kernel/tasks.o
 .bss.pxOverflowDelayedTaskList
                0x20002934        0x4 ./freertos/freertos_kernel/tasks.o
 .bss.xPendingReadyList
                0x20002938       0x14 ./freertos/freertos_kernel/tasks.o
 .bss.xTasksWaitingTermination
                0x2000294c       0x14 ./freertos/freertos_kernel/tasks.o
 .bss.uxDeletedTasksWaitingCleanUp
                0x20002960        0x4 ./freertos/freertos_kernel/tasks.o
 .bss.xSuspendedTaskList
                0x20002964       0x14 ./freertos/freertos_kernel/tasks.o
 .bss.uxCurrentNumberOfTasks
                0x20002978        0x4 ./freertos/freertos_kernel/tasks.o
 .bss.xTickCount
                0x2000297c        0x4 ./freertos/freertos_kernel/tasks.o
 .bss.uxTopReadyPriority
                0x20002980        0x4 ./freertos/freertos_kernel/tasks.o
 .bss.xSchedulerRunning
                0x20002984        0x4 ./freertos/freertos_kernel/tasks.o
 .bss.xPendedTicks
                0x20002988        0x4 ./freertos/freertos_kernel/tasks.o
 .bss.xYieldPending
                0x2000298c        0x4 ./freertos/freertos_kernel/tasks.o
 .bss.xNumOfOverflows
                0x20002990        0x4 ./freertos/freertos_kernel/tasks.o
 .bss.uxTaskNumber
                0x20002994        0x4 ./freertos/freertos_kernel/tasks.o
 .bss.xNextTaskUnblockTime
                0x20002998        0x4 ./freertos/freertos_kernel/tasks.o
 .bss.xIdleTaskHandle
                0x2000299c        0x4 ./freertos/freertos_kernel/tasks.o
 .bss.uxSchedulerSuspended
                0x200029a0        0x4 ./freertos/freertos_kernel/tasks.o
 .bss.xActiveTimerList1
                0x200029a4       0x14 ./freertos/freertos_kernel/timers.o
 .bss.xActiveTimerList2
                0x200029b8       0x14 ./freertos/freertos_kernel/timers.o
 .bss.pxCurrentTimerList
                0x200029cc        0x4 ./freertos/freertos_kernel/timers.o
 .bss.pxOverflowTimerList
                0x200029d0        0x4 ./freertos/freertos_kernel/timers.o
 .bss.xTimerQueue
                0x200029d4        0x4 ./freertos/freertos_kernel/timers.o
 .bss.xTimerTaskHandle
                0x200029d8        0x4 ./freertos/freertos_kernel/timers.o
 .bss.xLastTime.0
                0x200029dc        0x4 ./freertos/freertos_kernel/timers.o
 .bss.g_xtal0Freq
                0x200029e0        0x4 ./drivers/fsl_clock.o
                0x200029e0                g_xtal0Freq
 .bss.s_uartHandle
                0x200029e4       0x18 ./drivers/fsl_uart.o
                0x200029e4                s_uartHandle
 .bss.s_uartIsr
                0x200029fc        0x4 ./drivers/fsl_uart.o
                0x200029fc                s_uartIsr
 .bss.errno     0x20002a00        0x4 C:/nxp/MCUXpressoIDE_24.12.148/ide/plugins/com.nxp.mcuxpresso.tools.win32_24.12.0.202407110909/tools/bin/../lib/gcc/arm-none-eabi/13.2.1/../../../../arm-none-eabi/lib/thumb/v7e-m+fp/hard\libcr_c.a(errno.o)
                0x20002a00                errno
 .bss.__Ciob    0x20002a04       0xb4 C:/nxp/MCUXpressoIDE_24.12.148/ide/plugins/com.nxp.mcuxpresso.tools.win32_24.12.0.202407110909/tools/bin/../lib/gcc/arm-none-eabi/13.2.1/../../../../arm-none-eabi/lib/thumb/v7e-m+fp/hard\libcr_nohost_nf.a(__ciob.o)
                0x20002a04                __Ciob
 .bss.ucMaxSysCallPriority
                0x20002ab8        0x1 ./freertos/freertos_kernel/portable/GCC/ARM_CM4F/port.o
 *(SORT_BY_ALIGNMENT(COMMON))
                0x20002ac0                        . = ALIGN (0x8)
 *fill*         0x20002ab9        0x7 
                0x20002ac0                        _ebss = .
                [!provide]                        PROVIDE (__end_bss_RAM = .)
                [!provide]                        PROVIDE (__end_bss_SRAM_UPPER = .)
                [!provide]                        PROVIDE (end = .)

.noinit_RAM2    0x1fff0000        0x0
                [!provide]                        PROVIDE (__start_noinit_RAM2 = .)
                [!provide]                        PROVIDE (__start_noinit_SRAM_LOWER = .)
 *(SORT_BY_ALIGNMENT(.noinit.$RAM2))
 *(SORT_BY_ALIGNMENT(.noinit.$SRAM_LOWER))
 *(SORT_BY_ALIGNMENT(.noinit.$RAM2.*))
 *(SORT_BY_ALIGNMENT(.noinit.$SRAM_LOWER.*))
                0x1fff0000                        . = ALIGN (0x8)
                [!provide]                        PROVIDE (__end_noinit_RAM2 = .)
                [!provide]                        PROVIDE (__end_noinit_SRAM_LOWER = .)

.noinit_RAM3    0x14000000        0x0
                [!provide]                        PROVIDE (__start_noinit_RAM3 = .)
                [!provide]                        PROVIDE (__start_noinit_FLEX_RAM = .)
 *(SORT_BY_ALIGNMENT(.noinit.$RAM3))
 *(SORT_BY_ALIGNMENT(.noinit.$FLEX_RAM))
 *(SORT_BY_ALIGNMENT(.noinit.$RAM3.*))
 *(SORT_BY_ALIGNMENT(.noinit.$FLEX_RAM.*))
                0x14000000                        . = ALIGN (0x8)
                [!provide]                        PROVIDE (__end_noinit_RAM3 = .)
                [!provide]                        PROVIDE (__end_noinit_FLEX_RAM = .)

.noinit         0x20002ac0        0x0
                0x20002ac0                        _noinit = .
                [!provide]                        PROVIDE (__start_noinit_RAM = .)
                [!provide]                        PROVIDE (__start_noinit_SRAM_UPPER = .)
 *(SORT_BY_ALIGNMENT(.noinit*))
                0x20002ac0                        . = ALIGN (0x8)
                0x20002ac0                        _end_noinit = .
                [!provide]                        PROVIDE (__end_noinit_RAM = .)
                [!provide]                        PROVIDE (__end_noinit_SRAM_UPPER = .)
                0x00001000                        _HeapSize = 0x1000

.heap           0x20002ac0     0x1000
                0x20002ac0                        _pvHeapStart = .
                0x20003ac0                        . = (. + _HeapSize)
 *fill*         0x20002ac0     0x1000 
                0x20003ac0                        . = ALIGN (0x8)
                0x20003ac0                        _pvHeapLimit = .
                0x00001000                        _StackSize = 0x1000

.heap2stackfill
                0x20003ac0     0x1000
                0x20004ac0                        . = (. + _StackSize)
 *fill*         0x20003ac0     0x1000 

.stack          0x2002f000        0x0
                0x2002f000                        _vStackBase = .
                0x2002f000                        . = ALIGN (0x8)
                0x20030000                        _vStackTop = (. + _StackSize)
                0x00000000                        _image_start = LOADADDR (.text)
                0x00005298                        _image_end = (LOADADDR (.data) + SIZEOF (.data))
                0x00005298                        _image_size = (_image_end - _image_start)
OUTPUT(Tarea-3_E1.axf elf32-littlearm)
LOAD linker stubs

.debug_info     0x00000000    0x141ec
 .debug_info    0x00000000       0xcc ./utilities/fsl_assert.o
 .debug_info    0x000000cc      0xdd0 ./utilities/fsl_debug_console.o
 .debug_info    0x00000e9c      0xb80 ./utilities/fsl_str.o
 .debug_info    0x00001a1c      0xd01 ./startup/startup_mk64f12.o
 .debug_info    0x0000271d      0xe18 ./source/GPIO.o
 .debug_info    0x00003535      0xd09 ./source/freertos_uart.o
 .debug_info    0x0000423e       0x3c ./source/semihost_hardfault.o
 .debug_info    0x0000427a      0x4f3 ./freertos/freertos_kernel/portable/MemMang/heap_4.o
 .debug_info    0x0000476d      0x4ef ./freertos/freertos_kernel/portable/GCC/ARM_CM4F/port.o
 .debug_info    0x00004c5c      0x2be ./freertos/freertos_kernel/list.o
 .debug_info    0x00004f1a     0x18e4 ./freertos/freertos_kernel/queue.o
 .debug_info    0x000067fe     0x2322 ./freertos/freertos_kernel/tasks.o
 .debug_info    0x00008b20     0x1082 ./freertos/freertos_kernel/timers.o
 .debug_info    0x00009ba2     0x21e2 ./drivers/fsl_clock.o
 .debug_info    0x0000bd84      0x6bb ./drivers/fsl_gpio.o
 .debug_info    0x0000c43f     0x1fcf ./drivers/fsl_uart.o
 .debug_info    0x0000e40e      0x649 ./device/system_MK64F12.o
 .debug_info    0x0000ea57      0xb3e ./component/uart/fsl_adapter_uart.o
 .debug_info    0x0000f595      0x9c9 ./component/serial_manager/fsl_component_serial_manager.o
 .debug_info    0x0000ff5e      0x537 ./component/serial_manager/fsl_component_serial_port_uart.o
 .debug_info    0x00010495      0xcba ./board/clock_config.o
 .debug_info    0x0001114f      0x626 ./board/pin_mux.o
 .debug_info    0x00011775       0x85 C:/nxp/MCUXpressoIDE_24.12.148/ide/plugins/com.nxp.mcuxpresso.tools.win32_24.12.0.202407110909/tools/bin/../lib/gcc/arm-none-eabi/13.2.1/../../../../arm-none-eabi/lib/thumb/v7e-m+fp/hard\libcr_nohost_nf.a(_cr__main.o)
 .debug_info    0x000117fa      0x12b C:/nxp/MCUXpressoIDE_24.12.148/ide/plugins/com.nxp.mcuxpresso.tools.win32_24.12.0.202407110909/tools/bin/../lib/gcc/arm-none-eabi/13.2.1/../../../../arm-none-eabi/lib/thumb/v7e-m+fp/hard\libcr_c.a(memcpy.o)
 .debug_info    0x00011925       0xfc C:/nxp/MCUXpressoIDE_24.12.148/ide/plugins/com.nxp.mcuxpresso.tools.win32_24.12.0.202407110909/tools/bin/../lib/gcc/arm-none-eabi/13.2.1/../../../../arm-none-eabi/lib/thumb/v7e-m+fp/hard\libcr_c.a(memset.o)
 .debug_info    0x00011a21      0x520 C:/nxp/MCUXpressoIDE_24.12.148/ide/plugins/com.nxp.mcuxpresso.tools.win32_24.12.0.202407110909/tools/bin/../lib/gcc/arm-none-eabi/13.2.1/../../../../arm-none-eabi/lib/thumb/v7e-m+fp/hard\libcr_c.a(alloc.o)
 .debug_info    0x00011f41       0x44 C:/nxp/MCUXpressoIDE_24.12.148/ide/plugins/com.nxp.mcuxpresso.tools.win32_24.12.0.202407110909/tools/bin/../lib/gcc/arm-none-eabi/13.2.1/../../../../arm-none-eabi/lib/thumb/v7e-m+fp/hard\libcr_c.a(errno.o)
 .debug_info    0x00011f85      0x339 C:/nxp/MCUXpressoIDE_24.12.148/ide/plugins/com.nxp.mcuxpresso.tools.win32_24.12.0.202407110909/tools/bin/../lib/gcc/arm-none-eabi/13.2.1/../../../../arm-none-eabi/lib/thumb/v7e-m+fp/hard\libcr_c.a(initio.o)
 .debug_info    0x000122be      0x1fd C:/nxp/MCUXpressoIDE_24.12.148/ide/plugins/com.nxp.mcuxpresso.tools.win32_24.12.0.202407110909/tools/bin/../lib/gcc/arm-none-eabi/13.2.1/../../../../arm-none-eabi/lib/thumb/v7e-m+fp/hard\libcr_c.a(setvbuf.o)
 .debug_info    0x000124bb       0xe1 C:/nxp/MCUXpressoIDE_24.12.148/ide/plugins/com.nxp.mcuxpresso.tools.win32_24.12.0.202407110909/tools/bin/../lib/gcc/arm-none-eabi/13.2.1/../../../../arm-none-eabi/lib/thumb/v7e-m+fp/hard\libcr_c.a(strlen.o)
 .debug_info    0x0001259c      0x369 C:/nxp/MCUXpressoIDE_24.12.148/ide/plugins/com.nxp.mcuxpresso.tools.win32_24.12.0.202407110909/tools/bin/../lib/gcc/arm-none-eabi/13.2.1/../../../../arm-none-eabi/lib/thumb/v7e-m+fp/hard\libcr_c.a(_deferredlazyseek.o)
 .debug_info    0x00012905      0x24b C:/nxp/MCUXpressoIDE_24.12.148/ide/plugins/com.nxp.mcuxpresso.tools.win32_24.12.0.202407110909/tools/bin/../lib/gcc/arm-none-eabi/13.2.1/../../../../arm-none-eabi/lib/thumb/v7e-m+fp/hard\libcr_c.a(_fdopen.o)
 .debug_info    0x00012b50      0x1e3 C:/nxp/MCUXpressoIDE_24.12.148/ide/plugins/com.nxp.mcuxpresso.tools.win32_24.12.0.202407110909/tools/bin/../lib/gcc/arm-none-eabi/13.2.1/../../../../arm-none-eabi/lib/thumb/v7e-m+fp/hard\libcr_c.a(_fflush.o)
 .debug_info    0x00012d33      0x289 C:/nxp/MCUXpressoIDE_24.12.148/ide/plugins/com.nxp.mcuxpresso.tools.win32_24.12.0.202407110909/tools/bin/../lib/gcc/arm-none-eabi/13.2.1/../../../../arm-none-eabi/lib/thumb/v7e-m+fp/hard\libcr_c.a(_writebuf.o)
 .debug_info    0x00012fbc      0x318 C:/nxp/MCUXpressoIDE_24.12.148/ide/plugins/com.nxp.mcuxpresso.tools.win32_24.12.0.202407110909/tools/bin/../lib/gcc/arm-none-eabi/13.2.1/../../../../arm-none-eabi/lib/thumb/v7e-m+fp/hard\libcr_c.a(fclose.o)
 .debug_info    0x000132d4      0x209 C:/nxp/MCUXpressoIDE_24.12.148/ide/plugins/com.nxp.mcuxpresso.tools.win32_24.12.0.202407110909/tools/bin/../lib/gcc/arm-none-eabi/13.2.1/../../../../arm-none-eabi/lib/thumb/v7e-m+fp/hard\libcr_c.a(fflush.o)
 .debug_info    0x000134dd      0x276 C:/nxp/MCUXpressoIDE_24.12.148/ide/plugins/com.nxp.mcuxpresso.tools.win32_24.12.0.202407110909/tools/bin/../lib/gcc/arm-none-eabi/13.2.1/../../../../arm-none-eabi/lib/thumb/v7e-m+fp/hard\libcr_c.a(fseek.o)
 .debug_info    0x00013753      0x197 C:/nxp/MCUXpressoIDE_24.12.148/ide/plugins/com.nxp.mcuxpresso.tools.win32_24.12.0.202407110909/tools/bin/../lib/gcc/arm-none-eabi/13.2.1/../../../../arm-none-eabi/lib/thumb/v7e-m+fp/hard\libcr_c.a(ftell.o)
 .debug_info    0x000138ea      0x1d7 C:/nxp/MCUXpressoIDE_24.12.148/ide/plugins/com.nxp.mcuxpresso.tools.win32_24.12.0.202407110909/tools/bin/../lib/gcc/arm-none-eabi/13.2.1/../../../../arm-none-eabi/lib/thumb/v7e-m+fp/hard\libcr_c.a(remove.o)
 .debug_info    0x00013ac1      0x23a C:/nxp/MCUXpressoIDE_24.12.148/ide/plugins/com.nxp.mcuxpresso.tools.win32_24.12.0.202407110909/tools/bin/../lib/gcc/arm-none-eabi/13.2.1/../../../../arm-none-eabi/lib/thumb/v7e-m+fp/hard\libcr_c.a(_do_fflush.o)
 .debug_info    0x00013cfb      0x18b C:/nxp/MCUXpressoIDE_24.12.148/ide/plugins/com.nxp.mcuxpresso.tools.win32_24.12.0.202407110909/tools/bin/../lib/gcc/arm-none-eabi/13.2.1/../../../../arm-none-eabi/lib/thumb/v7e-m+fp/hard\libcr_nohost_nf.a(__ciob.o)
 .debug_info    0x00013e86       0x6a C:/nxp/MCUXpressoIDE_24.12.148/ide/plugins/com.nxp.mcuxpresso.tools.win32_24.12.0.202407110909/tools/bin/../lib/gcc/arm-none-eabi/13.2.1/../../../../arm-none-eabi/lib/thumb/v7e-m+fp/hard\libcr_nohost_nf.a(__sys_close.o)
 .debug_info    0x00013ef0       0x6a C:/nxp/MCUXpressoIDE_24.12.148/ide/plugins/com.nxp.mcuxpresso.tools.win32_24.12.0.202407110909/tools/bin/../lib/gcc/arm-none-eabi/13.2.1/../../../../arm-none-eabi/lib/thumb/v7e-m+fp/hard\libcr_nohost_nf.a(__sys_flen.o)
 .debug_info    0x00013f5a       0x6a C:/nxp/MCUXpressoIDE_24.12.148/ide/plugins/com.nxp.mcuxpresso.tools.win32_24.12.0.202407110909/tools/bin/../lib/gcc/arm-none-eabi/13.2.1/../../../../arm-none-eabi/lib/thumb/v7e-m+fp/hard\libcr_nohost_nf.a(__sys_istty.o)
 .debug_info    0x00013fc4       0x8a C:/nxp/MCUXpressoIDE_24.12.148/ide/plugins/com.nxp.mcuxpresso.tools.win32_24.12.0.202407110909/tools/bin/../lib/gcc/arm-none-eabi/13.2.1/../../../../arm-none-eabi/lib/thumb/v7e-m+fp/hard\libcr_nohost_nf.a(__sys_remove.o)
 .debug_info    0x0001404e       0x78 C:/nxp/MCUXpressoIDE_24.12.148/ide/plugins/com.nxp.mcuxpresso.tools.win32_24.12.0.202407110909/tools/bin/../lib/gcc/arm-none-eabi/13.2.1/../../../../arm-none-eabi/lib/thumb/v7e-m+fp/hard\libcr_nohost_nf.a(__sys_seek.o)
 .debug_info    0x000140c6       0x93 C:/nxp/MCUXpressoIDE_24.12.148/ide/plugins/com.nxp.mcuxpresso.tools.win32_24.12.0.202407110909/tools/bin/../lib/gcc/arm-none-eabi/13.2.1/../../../../arm-none-eabi/lib/thumb/v7e-m+fp/hard\libcr_nohost_nf.a(__sys_tmpnam.o)
 .debug_info    0x00014159       0x93 C:/nxp/MCUXpressoIDE_24.12.148/ide/plugins/com.nxp.mcuxpresso.tools.win32_24.12.0.202407110909/tools/bin/../lib/gcc/arm-none-eabi/13.2.1/../../../../arm-none-eabi/lib/thumb/v7e-m+fp/hard\libcr_nohost_nf.a(__sys_write.o)

.debug_abbrev   0x00000000     0x465a
 .debug_abbrev  0x00000000       0x90 ./utilities/fsl_assert.o
 .debug_abbrev  0x00000090      0x270 ./utilities/fsl_debug_console.o
 .debug_abbrev  0x00000300      0x270 ./utilities/fsl_str.o
 .debug_abbrev  0x00000570      0x17a ./startup/startup_mk64f12.o
 .debug_abbrev  0x000006ea      0x31c ./source/GPIO.o
 .debug_abbrev  0x00000a06      0x271 ./source/freertos_uart.o
 .debug_abbrev  0x00000c77       0x31 ./source/semihost_hardfault.o
 .debug_abbrev  0x00000ca8      0x212 ./freertos/freertos_kernel/portable/MemMang/heap_4.o
 .debug_abbrev  0x00000eba      0x259 ./freertos/freertos_kernel/portable/GCC/ARM_CM4F/port.o
 .debug_abbrev  0x00001113       0xf2 ./freertos/freertos_kernel/list.o
 .debug_abbrev  0x00001205      0x319 ./freertos/freertos_kernel/queue.o
 .debug_abbrev  0x0000151e      0x3a6 ./freertos/freertos_kernel/tasks.o
 .debug_abbrev  0x000018c4      0x2e3 ./freertos/freertos_kernel/timers.o
 .debug_abbrev  0x00001ba7      0x378 ./drivers/fsl_clock.o
 .debug_abbrev  0x00001f1f      0x1a5 ./drivers/fsl_gpio.o
 .debug_abbrev  0x000020c4      0x45d ./drivers/fsl_uart.o
 .debug_abbrev  0x00002521      0x148 ./device/system_MK64F12.o
 .debug_abbrev  0x00002669      0x214 ./component/uart/fsl_adapter_uart.o
 .debug_abbrev  0x0000287d      0x25b ./component/serial_manager/fsl_component_serial_manager.o
 .debug_abbrev  0x00002ad8      0x18c ./component/serial_manager/fsl_component_serial_port_uart.o
 .debug_abbrev  0x00002c64      0x247 ./board/clock_config.o
 .debug_abbrev  0x00002eab      0x189 ./board/pin_mux.o
 .debug_abbrev  0x00003034       0x70 C:/nxp/MCUXpressoIDE_24.12.148/ide/plugins/com.nxp.mcuxpresso.tools.win32_24.12.0.202407110909/tools/bin/../lib/gcc/arm-none-eabi/13.2.1/../../../../arm-none-eabi/lib/thumb/v7e-m+fp/hard\libcr_nohost_nf.a(_cr__main.o)
 .debug_abbrev  0x000030a4       0xb6 C:/nxp/MCUXpressoIDE_24.12.148/ide/plugins/com.nxp.mcuxpresso.tools.win32_24.12.0.202407110909/tools/bin/../lib/gcc/arm-none-eabi/13.2.1/../../../../arm-none-eabi/lib/thumb/v7e-m+fp/hard\libcr_c.a(memcpy.o)
 .debug_abbrev  0x0000315a       0xa8 C:/nxp/MCUXpressoIDE_24.12.148/ide/plugins/com.nxp.mcuxpresso.tools.win32_24.12.0.202407110909/tools/bin/../lib/gcc/arm-none-eabi/13.2.1/../../../../arm-none-eabi/lib/thumb/v7e-m+fp/hard\libcr_c.a(memset.o)
 .debug_abbrev  0x00003202      0x284 C:/nxp/MCUXpressoIDE_24.12.148/ide/plugins/com.nxp.mcuxpresso.tools.win32_24.12.0.202407110909/tools/bin/../lib/gcc/arm-none-eabi/13.2.1/../../../../arm-none-eabi/lib/thumb/v7e-m+fp/hard\libcr_c.a(alloc.o)
 .debug_abbrev  0x00003486       0x44 C:/nxp/MCUXpressoIDE_24.12.148/ide/plugins/com.nxp.mcuxpresso.tools.win32_24.12.0.202407110909/tools/bin/../lib/gcc/arm-none-eabi/13.2.1/../../../../arm-none-eabi/lib/thumb/v7e-m+fp/hard\libcr_c.a(errno.o)
 .debug_abbrev  0x000034ca      0x169 C:/nxp/MCUXpressoIDE_24.12.148/ide/plugins/com.nxp.mcuxpresso.tools.win32_24.12.0.202407110909/tools/bin/../lib/gcc/arm-none-eabi/13.2.1/../../../../arm-none-eabi/lib/thumb/v7e-m+fp/hard\libcr_c.a(initio.o)
 .debug_abbrev  0x00003633       0xe1 C:/nxp/MCUXpressoIDE_24.12.148/ide/plugins/com.nxp.mcuxpresso.tools.win32_24.12.0.202407110909/tools/bin/../lib/gcc/arm-none-eabi/13.2.1/../../../../arm-none-eabi/lib/thumb/v7e-m+fp/hard\libcr_c.a(setvbuf.o)
 .debug_abbrev  0x00003714       0xa7 C:/nxp/MCUXpressoIDE_24.12.148/ide/plugins/com.nxp.mcuxpresso.tools.win32_24.12.0.202407110909/tools/bin/../lib/gcc/arm-none-eabi/13.2.1/../../../../arm-none-eabi/lib/thumb/v7e-m+fp/hard\libcr_c.a(strlen.o)
 .debug_abbrev  0x000037bb      0x152 C:/nxp/MCUXpressoIDE_24.12.148/ide/plugins/com.nxp.mcuxpresso.tools.win32_24.12.0.202407110909/tools/bin/../lib/gcc/arm-none-eabi/13.2.1/../../../../arm-none-eabi/lib/thumb/v7e-m+fp/hard\libcr_c.a(_deferredlazyseek.o)
 .debug_abbrev  0x0000390d      0x119 C:/nxp/MCUXpressoIDE_24.12.148/ide/plugins/com.nxp.mcuxpresso.tools.win32_24.12.0.202407110909/tools/bin/../lib/gcc/arm-none-eabi/13.2.1/../../../../arm-none-eabi/lib/thumb/v7e-m+fp/hard\libcr_c.a(_fdopen.o)
 .debug_abbrev  0x00003a26       0xf1 C:/nxp/MCUXpressoIDE_24.12.148/ide/plugins/com.nxp.mcuxpresso.tools.win32_24.12.0.202407110909/tools/bin/../lib/gcc/arm-none-eabi/13.2.1/../../../../arm-none-eabi/lib/thumb/v7e-m+fp/hard\libcr_c.a(_fflush.o)
 .debug_abbrev  0x00003b17      0x126 C:/nxp/MCUXpressoIDE_24.12.148/ide/plugins/com.nxp.mcuxpresso.tools.win32_24.12.0.202407110909/tools/bin/../lib/gcc/arm-none-eabi/13.2.1/../../../../arm-none-eabi/lib/thumb/v7e-m+fp/hard\libcr_c.a(_writebuf.o)
 .debug_abbrev  0x00003c3d      0x155 C:/nxp/MCUXpressoIDE_24.12.148/ide/plugins/com.nxp.mcuxpresso.tools.win32_24.12.0.202407110909/tools/bin/../lib/gcc/arm-none-eabi/13.2.1/../../../../arm-none-eabi/lib/thumb/v7e-m+fp/hard\libcr_c.a(fclose.o)
 .debug_abbrev  0x00003d92      0x125 C:/nxp/MCUXpressoIDE_24.12.148/ide/plugins/com.nxp.mcuxpresso.tools.win32_24.12.0.202407110909/tools/bin/../lib/gcc/arm-none-eabi/13.2.1/../../../../arm-none-eabi/lib/thumb/v7e-m+fp/hard\libcr_c.a(fflush.o)
 .debug_abbrev  0x00003eb7      0x11b C:/nxp/MCUXpressoIDE_24.12.148/ide/plugins/com.nxp.mcuxpresso.tools.win32_24.12.0.202407110909/tools/bin/../lib/gcc/arm-none-eabi/13.2.1/../../../../arm-none-eabi/lib/thumb/v7e-m+fp/hard\libcr_c.a(fseek.o)
 .debug_abbrev  0x00003fd2       0xc2 C:/nxp/MCUXpressoIDE_24.12.148/ide/plugins/com.nxp.mcuxpresso.tools.win32_24.12.0.202407110909/tools/bin/../lib/gcc/arm-none-eabi/13.2.1/../../../../arm-none-eabi/lib/thumb/v7e-m+fp/hard\libcr_c.a(ftell.o)
 .debug_abbrev  0x00004094       0xfb C:/nxp/MCUXpressoIDE_24.12.148/ide/plugins/com.nxp.mcuxpresso.tools.win32_24.12.0.202407110909/tools/bin/../lib/gcc/arm-none-eabi/13.2.1/../../../../arm-none-eabi/lib/thumb/v7e-m+fp/hard\libcr_c.a(remove.o)
 .debug_abbrev  0x0000418f      0x12c C:/nxp/MCUXpressoIDE_24.12.148/ide/plugins/com.nxp.mcuxpresso.tools.win32_24.12.0.202407110909/tools/bin/../lib/gcc/arm-none-eabi/13.2.1/../../../../arm-none-eabi/lib/thumb/v7e-m+fp/hard\libcr_c.a(_do_fflush.o)
 .debug_abbrev  0x000042bb       0xb5 C:/nxp/MCUXpressoIDE_24.12.148/ide/plugins/com.nxp.mcuxpresso.tools.win32_24.12.0.202407110909/tools/bin/../lib/gcc/arm-none-eabi/13.2.1/../../../../arm-none-eabi/lib/thumb/v7e-m+fp/hard\libcr_nohost_nf.a(__ciob.o)
 .debug_abbrev  0x00004370       0x5c C:/nxp/MCUXpressoIDE_24.12.148/ide/plugins/com.nxp.mcuxpresso.tools.win32_24.12.0.202407110909/tools/bin/../lib/gcc/arm-none-eabi/13.2.1/../../../../arm-none-eabi/lib/thumb/v7e-m+fp/hard\libcr_nohost_nf.a(__sys_close.o)
 .debug_abbrev  0x000043cc       0x5c C:/nxp/MCUXpressoIDE_24.12.148/ide/plugins/com.nxp.mcuxpresso.tools.win32_24.12.0.202407110909/tools/bin/../lib/gcc/arm-none-eabi/13.2.1/../../../../arm-none-eabi/lib/thumb/v7e-m+fp/hard\libcr_nohost_nf.a(__sys_flen.o)
 .debug_abbrev  0x00004428       0x5c C:/nxp/MCUXpressoIDE_24.12.148/ide/plugins/com.nxp.mcuxpresso.tools.win32_24.12.0.202407110909/tools/bin/../lib/gcc/arm-none-eabi/13.2.1/../../../../arm-none-eabi/lib/thumb/v7e-m+fp/hard\libcr_nohost_nf.a(__sys_istty.o)
 .debug_abbrev  0x00004484       0x7d C:/nxp/MCUXpressoIDE_24.12.148/ide/plugins/com.nxp.mcuxpresso.tools.win32_24.12.0.202407110909/tools/bin/../lib/gcc/arm-none-eabi/13.2.1/../../../../arm-none-eabi/lib/thumb/v7e-m+fp/hard\libcr_nohost_nf.a(__sys_remove.o)
 .debug_abbrev  0x00004501       0x6d C:/nxp/MCUXpressoIDE_24.12.148/ide/plugins/com.nxp.mcuxpresso.tools.win32_24.12.0.202407110909/tools/bin/../lib/gcc/arm-none-eabi/13.2.1/../../../../arm-none-eabi/lib/thumb/v7e-m+fp/hard\libcr_nohost_nf.a(__sys_seek.o)
 .debug_abbrev  0x0000456e       0x76 C:/nxp/MCUXpressoIDE_24.12.148/ide/plugins/com.nxp.mcuxpresso.tools.win32_24.12.0.202407110909/tools/bin/../lib/gcc/arm-none-eabi/13.2.1/../../../../arm-none-eabi/lib/thumb/v7e-m+fp/hard\libcr_nohost_nf.a(__sys_tmpnam.o)
 .debug_abbrev  0x000045e4       0x76 C:/nxp/MCUXpressoIDE_24.12.148/ide/plugins/com.nxp.mcuxpresso.tools.win32_24.12.0.202407110909/tools/bin/../lib/gcc/arm-none-eabi/13.2.1/../../../../arm-none-eabi/lib/thumb/v7e-m+fp/hard\libcr_nohost_nf.a(__sys_write.o)

.debug_aranges  0x00000000     0x1438
 .debug_aranges
                0x00000000       0x20 ./utilities/fsl_assert.o
 .debug_aranges
                0x00000020       0xa8 ./utilities/fsl_debug_console.o
 .debug_aranges
                0x000000c8       0xb8 ./utilities/fsl_str.o
 .debug_aranges
                0x00000180      0x330 ./startup/startup_mk64f12.o
 .debug_aranges
                0x000004b0       0x90 ./source/GPIO.o
 .debug_aranges
                0x00000540       0x58 ./source/freertos_uart.o
 .debug_aranges
                0x00000598       0x20 ./source/semihost_hardfault.o
 .debug_aranges
                0x000005b8       0x58 ./freertos/freertos_kernel/portable/MemMang/heap_4.o
 .debug_aranges
                0x00000610       0x80 ./freertos/freertos_kernel/portable/GCC/ARM_CM4F/port.o
 .debug_aranges
                0x00000690       0x40 ./freertos/freertos_kernel/list.o
 .debug_aranges
                0x000006d0      0x130 ./freertos/freertos_kernel/queue.o
 .debug_aranges
                0x00000800      0x208 ./freertos/freertos_kernel/tasks.o
 .debug_aranges
                0x00000a08       0xe8 ./freertos/freertos_kernel/timers.o
 .debug_aranges
                0x00000af0      0x1f8 ./drivers/fsl_clock.o
 .debug_aranges
                0x00000ce8       0x40 ./drivers/fsl_gpio.o
 .debug_aranges
                0x00000d28      0x1b8 ./drivers/fsl_uart.o
 .debug_aranges
                0x00000ee0       0x30 ./device/system_MK64F12.o
 .debug_aranges
                0x00000f10       0x50 ./component/uart/fsl_adapter_uart.o
 .debug_aranges
                0x00000f60       0x98 ./component/serial_manager/fsl_component_serial_manager.o
 .debug_aranges
                0x00000ff8       0x48 ./component/serial_manager/fsl_component_serial_port_uart.o
 .debug_aranges
                0x00001040       0x58 ./board/clock_config.o
 .debug_aranges
                0x00001098       0x38 ./board/pin_mux.o
 .debug_aranges
                0x000010d0       0x20 C:/nxp/MCUXpressoIDE_24.12.148/ide/plugins/com.nxp.mcuxpresso.tools.win32_24.12.0.202407110909/tools/bin/../lib/gcc/arm-none-eabi/13.2.1/../../../../arm-none-eabi/lib/thumb/v7e-m+fp/hard\libcr_nohost_nf.a(_cr__main.o)
 .debug_aranges
                0x000010f0       0x20 C:/nxp/MCUXpressoIDE_24.12.148/ide/plugins/com.nxp.mcuxpresso.tools.win32_24.12.0.202407110909/tools/bin/../lib/gcc/arm-none-eabi/13.2.1/../../../../arm-none-eabi/lib/thumb/v7e-m+fp/hard\libcr_c.a(memcpy.o)
 .debug_aranges
                0x00001110       0x20 C:/nxp/MCUXpressoIDE_24.12.148/ide/plugins/com.nxp.mcuxpresso.tools.win32_24.12.0.202407110909/tools/bin/../lib/gcc/arm-none-eabi/13.2.1/../../../../arm-none-eabi/lib/thumb/v7e-m+fp/hard\libcr_c.a(memset.o)
 .debug_aranges
                0x00001130       0x40 C:/nxp/MCUXpressoIDE_24.12.148/ide/plugins/com.nxp.mcuxpresso.tools.win32_24.12.0.202407110909/tools/bin/../lib/gcc/arm-none-eabi/13.2.1/../../../../arm-none-eabi/lib/thumb/v7e-m+fp/hard\libcr_c.a(alloc.o)
 .debug_aranges
                0x00001170       0x18 C:/nxp/MCUXpressoIDE_24.12.148/ide/plugins/com.nxp.mcuxpresso.tools.win32_24.12.0.202407110909/tools/bin/../lib/gcc/arm-none-eabi/13.2.1/../../../../arm-none-eabi/lib/thumb/v7e-m+fp/hard\libcr_c.a(errno.o)
 .debug_aranges
                0x00001188       0x28 C:/nxp/MCUXpressoIDE_24.12.148/ide/plugins/com.nxp.mcuxpresso.tools.win32_24.12.0.202407110909/tools/bin/../lib/gcc/arm-none-eabi/13.2.1/../../../../arm-none-eabi/lib/thumb/v7e-m+fp/hard\libcr_c.a(initio.o)
 .debug_aranges
                0x000011b0       0x20 C:/nxp/MCUXpressoIDE_24.12.148/ide/plugins/com.nxp.mcuxpresso.tools.win32_24.12.0.202407110909/tools/bin/../lib/gcc/arm-none-eabi/13.2.1/../../../../arm-none-eabi/lib/thumb/v7e-m+fp/hard\libcr_c.a(setvbuf.o)
 .debug_aranges
                0x000011d0       0x20 C:/nxp/MCUXpressoIDE_24.12.148/ide/plugins/com.nxp.mcuxpresso.tools.win32_24.12.0.202407110909/tools/bin/../lib/gcc/arm-none-eabi/13.2.1/../../../../arm-none-eabi/lib/thumb/v7e-m+fp/hard\libcr_c.a(strlen.o)
 .debug_aranges
                0x000011f0       0x28 C:/nxp/MCUXpressoIDE_24.12.148/ide/plugins/com.nxp.mcuxpresso.tools.win32_24.12.0.202407110909/tools/bin/../lib/gcc/arm-none-eabi/13.2.1/../../../../arm-none-eabi/lib/thumb/v7e-m+fp/hard\libcr_c.a(_deferredlazyseek.o)
 .debug_aranges
                0x00001218       0x20 C:/nxp/MCUXpressoIDE_24.12.148/ide/plugins/com.nxp.mcuxpresso.tools.win32_24.12.0.202407110909/tools/bin/../lib/gcc/arm-none-eabi/13.2.1/../../../../arm-none-eabi/lib/thumb/v7e-m+fp/hard\libcr_c.a(_fdopen.o)
 .debug_aranges
                0x00001238       0x20 C:/nxp/MCUXpressoIDE_24.12.148/ide/plugins/com.nxp.mcuxpresso.tools.win32_24.12.0.202407110909/tools/bin/../lib/gcc/arm-none-eabi/13.2.1/../../../../arm-none-eabi/lib/thumb/v7e-m+fp/hard\libcr_c.a(_fflush.o)
 .debug_aranges
                0x00001258       0x20 C:/nxp/MCUXpressoIDE_24.12.148/ide/plugins/com.nxp.mcuxpresso.tools.win32_24.12.0.202407110909/tools/bin/../lib/gcc/arm-none-eabi/13.2.1/../../../../arm-none-eabi/lib/thumb/v7e-m+fp/hard\libcr_c.a(_writebuf.o)
 .debug_aranges
                0x00001278       0x20 C:/nxp/MCUXpressoIDE_24.12.148/ide/plugins/com.nxp.mcuxpresso.tools.win32_24.12.0.202407110909/tools/bin/../lib/gcc/arm-none-eabi/13.2.1/../../../../arm-none-eabi/lib/thumb/v7e-m+fp/hard\libcr_c.a(fclose.o)
 .debug_aranges
                0x00001298       0x20 C:/nxp/MCUXpressoIDE_24.12.148/ide/plugins/com.nxp.mcuxpresso.tools.win32_24.12.0.202407110909/tools/bin/../lib/gcc/arm-none-eabi/13.2.1/../../../../arm-none-eabi/lib/thumb/v7e-m+fp/hard\libcr_c.a(fflush.o)
 .debug_aranges
                0x000012b8       0x20 C:/nxp/MCUXpressoIDE_24.12.148/ide/plugins/com.nxp.mcuxpresso.tools.win32_24.12.0.202407110909/tools/bin/../lib/gcc/arm-none-eabi/13.2.1/../../../../arm-none-eabi/lib/thumb/v7e-m+fp/hard\libcr_c.a(fseek.o)
 .debug_aranges
                0x000012d8       0x20 C:/nxp/MCUXpressoIDE_24.12.148/ide/plugins/com.nxp.mcuxpresso.tools.win32_24.12.0.202407110909/tools/bin/../lib/gcc/arm-none-eabi/13.2.1/../../../../arm-none-eabi/lib/thumb/v7e-m+fp/hard\libcr_c.a(ftell.o)
 .debug_aranges
                0x000012f8       0x28 C:/nxp/MCUXpressoIDE_24.12.148/ide/plugins/com.nxp.mcuxpresso.tools.win32_24.12.0.202407110909/tools/bin/../lib/gcc/arm-none-eabi/13.2.1/../../../../arm-none-eabi/lib/thumb/v7e-m+fp/hard\libcr_c.a(remove.o)
 .debug_aranges
                0x00001320       0x20 C:/nxp/MCUXpressoIDE_24.12.148/ide/plugins/com.nxp.mcuxpresso.tools.win32_24.12.0.202407110909/tools/bin/../lib/gcc/arm-none-eabi/13.2.1/../../../../arm-none-eabi/lib/thumb/v7e-m+fp/hard\libcr_c.a(_do_fflush.o)
 .debug_aranges
                0x00001340       0x18 C:/nxp/MCUXpressoIDE_24.12.148/ide/plugins/com.nxp.mcuxpresso.tools.win32_24.12.0.202407110909/tools/bin/../lib/gcc/arm-none-eabi/13.2.1/../../../../arm-none-eabi/lib/thumb/v7e-m+fp/hard\libcr_nohost_nf.a(__ciob.o)
 .debug_aranges
                0x00001358       0x20 C:/nxp/MCUXpressoIDE_24.12.148/ide/plugins/com.nxp.mcuxpresso.tools.win32_24.12.0.202407110909/tools/bin/../lib/gcc/arm-none-eabi/13.2.1/../../../../arm-none-eabi/lib/thumb/v7e-m+fp/hard\libcr_nohost_nf.a(__sys_close.o)
 .debug_aranges
                0x00001378       0x20 C:/nxp/MCUXpressoIDE_24.12.148/ide/plugins/com.nxp.mcuxpresso.tools.win32_24.12.0.202407110909/tools/bin/../lib/gcc/arm-none-eabi/13.2.1/../../../../arm-none-eabi/lib/thumb/v7e-m+fp/hard\libcr_nohost_nf.a(__sys_flen.o)
 .debug_aranges
                0x00001398       0x20 C:/nxp/MCUXpressoIDE_24.12.148/ide/plugins/com.nxp.mcuxpresso.tools.win32_24.12.0.202407110909/tools/bin/../lib/gcc/arm-none-eabi/13.2.1/../../../../arm-none-eabi/lib/thumb/v7e-m+fp/hard\libcr_nohost_nf.a(__sys_istty.o)
 .debug_aranges